[0.056s] DEBUG:colcon:Command line arguments: ['/usr/bin/colcon', 'build', '--symlink-install']
[0.056s] DEBUG:colcon:Parsed command line arguments: Namespace(log_base=None, log_level=None, verb_name='build', build_base='build', install_base='install', merge_install=False, symlink_install=True, test_result_base=None, continue_on_error=False, executor='parallel', parallel_workers=20, event_handlers=None, ignore_user_meta=False, metas=['./colcon.meta'], base_paths=['.'], packages_ignore=None, packages_ignore_regex=None, paths=None, packages_up_to=None, packages_up_to_regex=None, packages_above=None, packages_above_and_dependencies=None, packages_above_depth=None, packages_select_by_dep=None, packages_skip_by_dep=None, packages_skip_up_to=None, packages_select_build_failed=False, packages_skip_build_finished=False, packages_select_test_failures=False, packages_skip_test_passed=False, packages_select=None, packages_skip=None, packages_select_regex=None, packages_skip_regex=None, packages_start=None, packages_end=None, allow_overriding=[], cmake_args=None, cmake_target=None, cmake_target_skip_unavailable=False, cmake_clean_cache=False, cmake_clean_first=False, cmake_force_configure=False, ament_cmake_args=None, catkin_cmake_args=None, catkin_skip_building_tests=False, mixin_files=None, mixin=None, verb_parser=<colcon_mixin.mixin.mixin_argument.MixinArgumentDecorator object at 0x761a4429eaa0>, verb_extension=<colcon_core.verb.build.BuildVerb object at 0x761a4429e4d0>, main=<bound method BuildVerb.main of <colcon_core.verb.build.BuildVerb object at 0x761a4429e4d0>>, mixin_verb=('build',))
[0.156s] Level 1:colcon.colcon_core.package_discovery:discover_packages(colcon_meta) check parameters
[0.156s] Level 1:colcon.colcon_core.package_discovery:discover_packages(recursive) check parameters
[0.156s] Level 1:colcon.colcon_core.package_discovery:discover_packages(ignore) check parameters
[0.156s] Level 1:colcon.colcon_core.package_discovery:discover_packages(path) check parameters
[0.156s] Level 1:colcon.colcon_core.package_discovery:discover_packages(colcon_meta) discover
[0.156s] Level 1:colcon.colcon_core.package_discovery:discover_packages(recursive) discover
[0.156s] INFO:colcon.colcon_core.package_discovery:Crawling recursively for packages in '/home/amrl_sunny/ros2_autonomous_vehicle_simulation'
[0.156s] Level 1:colcon.colcon_core.package_identification:_identify(.) by extensions ['ignore', 'ignore_ament_install']
[0.156s] Level 1:colcon.colcon_core.package_identification:_identify(.) by extension 'ignore'
[0.157s] Level 1:colcon.colcon_core.package_identification:_identify(.) by extension 'ignore_ament_install'
[0.157s] Level 1:colcon.colcon_core.package_identification:_identify(.) by extensions ['colcon_pkg']
[0.157s] Level 1:colcon.colcon_core.package_identification:_identify(.) by extension 'colcon_pkg'
[0.157s] Level 1:colcon.colcon_core.package_identification:_identify(.) by extensions ['colcon_meta']
[0.157s] Level 1:colcon.colcon_core.package_identification:_identify(.) by extension 'colcon_meta'
[0.157s] Level 1:colcon.colcon_core.package_identification:_identify(.) by extensions ['ros']
[0.157s] Level 1:colcon.colcon_core.package_identification:_identify(.) by extension 'ros'
[0.162s] Level 1:colcon.colcon_core.package_identification:_identify(.) by extensions ['cmake', 'python']
[0.162s] Level 1:colcon.colcon_core.package_identification:_identify(.) by extension 'cmake'
[0.162s] Level 1:colcon.colcon_core.package_identification:_identify(.) by extension 'python'
[0.162s] Level 1:colcon.colcon_core.package_identification:_identify(.) by extensions ['python_setup_py']
[0.162s] Level 1:colcon.colcon_core.package_identification:_identify(.) by extension 'python_setup_py'
[0.162s] Level 1:colcon.colcon_core.package_identification:_identify(build) by extensions ['ignore', 'ignore_ament_install']
[0.162s] Level 1:colcon.colcon_core.package_identification:_identify(build) by extension 'ignore'
[0.162s] Level 1:colcon.colcon_core.package_identification:_identify(build) ignored
[0.162s] Level 1:colcon.colcon_core.package_identification:_identify(install) by extensions ['ignore', 'ignore_ament_install']
[0.163s] Level 1:colcon.colcon_core.package_identification:_identify(install) by extension 'ignore'
[0.163s] Level 1:colcon.colcon_core.package_identification:_identify(install) ignored
[0.163s] Level 1:colcon.colcon_core.package_identification:_identify(log) by extensions ['ignore', 'ignore_ament_install']
[0.163s] Level 1:colcon.colcon_core.package_identification:_identify(log) by extension 'ignore'
[0.163s] Level 1:colcon.colcon_core.package_identification:_identify(log) ignored
[0.163s] Level 1:colcon.colcon_core.package_identification:_identify(src) by extensions ['ignore', 'ignore_ament_install']
[0.163s] Level 1:colcon.colcon_core.package_identification:_identify(src) by extension 'ignore'
[0.163s] Level 1:colcon.colcon_core.package_identification:_identify(src) by extension 'ignore_ament_install'
[0.163s] Level 1:colcon.colcon_core.package_identification:_identify(src) by extensions ['colcon_pkg']
[0.163s] Level 1:colcon.colcon_core.package_identification:_identify(src) by extension 'colcon_pkg'
[0.163s] Level 1:colcon.colcon_core.package_identification:_identify(src) by extensions ['colcon_meta']
[0.163s] Level 1:colcon.colcon_core.package_identification:_identify(src) by extension 'colcon_meta'
[0.163s] Level 1:colcon.colcon_core.package_identification:_identify(src) by extensions ['ros']
[0.163s] Level 1:colcon.colcon_core.package_identification:_identify(src) by extension 'ros'
[0.163s] Level 1:colcon.colcon_core.package_identification:_identify(src) by extensions ['cmake', 'python']
[0.163s] Level 1:colcon.colcon_core.package_identification:_identify(src) by extension 'cmake'
[0.163s] Level 1:colcon.colcon_core.package_identification:_identify(src) by extension 'python'
[0.163s] Level 1:colcon.colcon_core.package_identification:_identify(src) by extensions ['python_setup_py']
[0.163s] Level 1:colcon.colcon_core.package_identification:_identify(src) by extension 'python_setup_py'
[0.163s] Level 1:colcon.colcon_core.package_identification:_identify(src/camera_perception_pkg) by extensions ['ignore', 'ignore_ament_install']
[0.163s] Level 1:colcon.colcon_core.package_identification:_identify(src/camera_perception_pkg) by extension 'ignore'
[0.163s] Level 1:colcon.colcon_core.package_identification:_identify(src/camera_perception_pkg) by extension 'ignore_ament_install'
[0.163s] Level 1:colcon.colcon_core.package_identification:_identify(src/camera_perception_pkg) by extensions ['colcon_pkg']
[0.163s] Level 1:colcon.colcon_core.package_identification:_identify(src/camera_perception_pkg) by extension 'colcon_pkg'
[0.163s] Level 1:colcon.colcon_core.package_identification:_identify(src/camera_perception_pkg) by extensions ['colcon_meta']
[0.163s] Level 1:colcon.colcon_core.package_identification:_identify(src/camera_perception_pkg) by extension 'colcon_meta'
[0.163s] Level 1:colcon.colcon_core.package_identification:_identify(src/camera_perception_pkg) by extensions ['ros']
[0.163s] Level 1:colcon.colcon_core.package_identification:_identify(src/camera_perception_pkg) by extension 'ros'
[0.164s] DEBUG:colcon.colcon_core.package_identification:Package 'src/camera_perception_pkg' with type 'ros.ament_python' and name 'camera_perception_pkg'
[0.164s] Level 1:colcon.colcon_core.package_identification:_identify(src/debug_pkg) by extensions ['ignore', 'ignore_ament_install']
[0.164s] Level 1:colcon.colcon_core.package_identification:_identify(src/debug_pkg) by extension 'ignore'
[0.164s] Level 1:colcon.colcon_core.package_identification:_identify(src/debug_pkg) by extension 'ignore_ament_install'
[0.164s] Level 1:colcon.colcon_core.package_identification:_identify(src/debug_pkg) by extensions ['colcon_pkg']
[0.164s] Level 1:colcon.colcon_core.package_identification:_identify(src/debug_pkg) by extension 'colcon_pkg'
[0.164s] Level 1:colcon.colcon_core.package_identification:_identify(src/debug_pkg) by extensions ['colcon_meta']
[0.165s] Level 1:colcon.colcon_core.package_identification:_identify(src/debug_pkg) by extension 'colcon_meta'
[0.165s] Level 1:colcon.colcon_core.package_identification:_identify(src/debug_pkg) by extensions ['ros']
[0.165s] Level 1:colcon.colcon_core.package_identification:_identify(src/debug_pkg) by extension 'ros'
[0.165s] DEBUG:colcon.colcon_core.package_identification:Package 'src/debug_pkg' with type 'ros.ament_python' and name 'debug_pkg'
[0.165s] Level 1:colcon.colcon_core.package_identification:_identify(src/decision_making_pkg) by extensions ['ignore', 'ignore_ament_install']
[0.165s] Level 1:colcon.colcon_core.package_identification:_identify(src/decision_making_pkg) by extension 'ignore'
[0.165s] Level 1:colcon.colcon_core.package_identification:_identify(src/decision_making_pkg) by extension 'ignore_ament_install'
[0.165s] Level 1:colcon.colcon_core.package_identification:_identify(src/decision_making_pkg) by extensions ['colcon_pkg']
[0.165s] Level 1:colcon.colcon_core.package_identification:_identify(src/decision_making_pkg) by extension 'colcon_pkg'
[0.165s] Level 1:colcon.colcon_core.package_identification:_identify(src/decision_making_pkg) by extensions ['colcon_meta']
[0.165s] Level 1:colcon.colcon_core.package_identification:_identify(src/decision_making_pkg) by extension 'colcon_meta'
[0.165s] Level 1:colcon.colcon_core.package_identification:_identify(src/decision_making_pkg) by extensions ['ros']
[0.165s] Level 1:colcon.colcon_core.package_identification:_identify(src/decision_making_pkg) by extension 'ros'
[0.165s] DEBUG:colcon.colcon_core.package_identification:Package 'src/decision_making_pkg' with type 'ros.ament_python' and name 'decision_making_pkg'
[0.165s] Level 1:colcon.colcon_core.package_identification:_identify(src/interfaces_pkg) by extensions ['ignore', 'ignore_ament_install']
[0.165s] Level 1:colcon.colcon_core.package_identification:_identify(src/interfaces_pkg) by extension 'ignore'
[0.165s] Level 1:colcon.colcon_core.package_identification:_identify(src/interfaces_pkg) by extension 'ignore_ament_install'
[0.165s] Level 1:colcon.colcon_core.package_identification:_identify(src/interfaces_pkg) by extensions ['colcon_pkg']
[0.165s] Level 1:colcon.colcon_core.package_identification:_identify(src/interfaces_pkg) by extension 'colcon_pkg'
[0.165s] Level 1:colcon.colcon_core.package_identification:_identify(src/interfaces_pkg) by extensions ['colcon_meta']
[0.165s] Level 1:colcon.colcon_core.package_identification:_identify(src/interfaces_pkg) by extension 'colcon_meta'
[0.166s] Level 1:colcon.colcon_core.package_identification:_identify(src/interfaces_pkg) by extensions ['ros']
[0.166s] Level 1:colcon.colcon_core.package_identification:_identify(src/interfaces_pkg) by extension 'ros'
[0.166s] DEBUG:colcon.colcon_core.package_identification:Package 'src/interfaces_pkg' with type 'ros.ament_cmake' and name 'interfaces_pkg'
[0.166s] Level 1:colcon.colcon_core.package_identification:_identify(src/lidar_perception_pkg) by extensions ['ignore', 'ignore_ament_install']
[0.166s] Level 1:colcon.colcon_core.package_identification:_identify(src/lidar_perception_pkg) by extension 'ignore'
[0.166s] Level 1:colcon.colcon_core.package_identification:_identify(src/lidar_perception_pkg) by extension 'ignore_ament_install'
[0.166s] Level 1:colcon.colcon_core.package_identification:_identify(src/lidar_perception_pkg) by extensions ['colcon_pkg']
[0.166s] Level 1:colcon.colcon_core.package_identification:_identify(src/lidar_perception_pkg) by extension 'colcon_pkg'
[0.166s] Level 1:colcon.colcon_core.package_identification:_identify(src/lidar_perception_pkg) by extensions ['colcon_meta']
[0.166s] Level 1:colcon.colcon_core.package_identification:_identify(src/lidar_perception_pkg) by extension 'colcon_meta'
[0.166s] Level 1:colcon.colcon_core.package_identification:_identify(src/lidar_perception_pkg) by extensions ['ros']
[0.166s] Level 1:colcon.colcon_core.package_identification:_identify(src/lidar_perception_pkg) by extension 'ros'
[0.166s] DEBUG:colcon.colcon_core.package_identification:Package 'src/lidar_perception_pkg' with type 'ros.ament_python' and name 'lidar_perception_pkg'
[0.166s] Level 1:colcon.colcon_core.package_identification:_identify(src/simulation_pkg) by extensions ['ignore', 'ignore_ament_install']
[0.166s] Level 1:colcon.colcon_core.package_identification:_identify(src/simulation_pkg) by extension 'ignore'
[0.166s] Level 1:colcon.colcon_core.package_identification:_identify(src/simulation_pkg) by extension 'ignore_ament_install'
[0.166s] Level 1:colcon.colcon_core.package_identification:_identify(src/simulation_pkg) by extensions ['colcon_pkg']
[0.166s] Level 1:colcon.colcon_core.package_identification:_identify(src/simulation_pkg) by extension 'colcon_pkg'
[0.166s] Level 1:colcon.colcon_core.package_identification:_identify(src/simulation_pkg) by extensions ['colcon_meta']
[0.166s] Level 1:colcon.colcon_core.package_identification:_identify(src/simulation_pkg) by extension 'colcon_meta'
[0.166s] Level 1:colcon.colcon_core.package_identification:_identify(src/simulation_pkg) by extensions ['ros']
[0.166s] Level 1:colcon.colcon_core.package_identification:_identify(src/simulation_pkg) by extension 'ros'
[0.167s] DEBUG:colcon.colcon_core.package_identification:Package 'src/simulation_pkg' with type 'ros.ament_python' and name 'simulation_pkg'
[0.168s] Level 1:colcon.colcon_core.package_discovery:discover_packages(recursive) using defaults
[0.168s] Level 1:colcon.colcon_core.package_discovery:discover_packages(ignore) discover
[0.168s] Level 1:colcon.colcon_core.package_discovery:discover_packages(ignore) using defaults
[0.168s] Level 1:colcon.colcon_core.package_discovery:discover_packages(path) discover
[0.168s] Level 1:colcon.colcon_core.package_discovery:discover_packages(path) using defaults
[0.178s] Level 1:colcon.colcon_core.package_discovery:discover_packages(prefix_path) check parameters
[0.178s] Level 1:colcon.colcon_core.package_discovery:discover_packages(prefix_path) discover
[0.179s] DEBUG:colcon.colcon_installed_package_information.package_discovery:Found 6 installed packages in /home/amrl_sunny/ros2_autonomous_vehicle_simulation/install
[0.179s] DEBUG:colcon.colcon_installed_package_information.package_discovery:Found 5 installed packages in /home/amrl_sunny/2025_jacapdi/install
[0.180s] DEBUG:colcon.colcon_installed_package_information.package_discovery:Found 279 installed packages in /opt/ros/humble
[0.181s] Level 1:colcon.colcon_core.package_discovery:discover_packages(prefix_path) using defaults
[0.197s] Level 5:colcon.colcon_core.verb:set package 'camera_perception_pkg' build argument 'cmake_args' from command line to 'None'
[0.197s] Level 5:colcon.colcon_core.verb:set package 'camera_perception_pkg' build argument 'cmake_target' from command line to 'None'
[0.197s] Level 5:colcon.colcon_core.verb:set package 'camera_perception_pkg' build argument 'cmake_target_skip_unavailable' from command line to 'False'
[0.197s] Level 5:colcon.colcon_core.verb:set package 'camera_perception_pkg' build argument 'cmake_clean_cache' from command line to 'False'
[0.197s] Level 5:colcon.colcon_core.verb:set package 'camera_perception_pkg' build argument 'cmake_clean_first' from command line to 'False'
[0.197s] Level 5:colcon.colcon_core.verb:set package 'camera_perception_pkg' build argument 'cmake_force_configure' from command line to 'False'
[0.197s] Level 5:colcon.colcon_core.verb:set package 'camera_perception_pkg' build argument 'ament_cmake_args' from command line to 'None'
[0.197s] Level 5:colcon.colcon_core.verb:set package 'camera_perception_pkg' build argument 'catkin_cmake_args' from command line to 'None'
[0.197s] Level 5:colcon.colcon_core.verb:set package 'camera_perception_pkg' build argument 'catkin_skip_building_tests' from command line to 'False'
[0.197s] DEBUG:colcon.colcon_core.verb:Building package 'camera_perception_pkg' with the following arguments: {'ament_cmake_args': None, 'build_base': '/home/amrl_sunny/ros2_autonomous_vehicle_simulation/build/camera_perception_pkg', 'catkin_cmake_args': None, 'catkin_skip_building_tests': False, 'cmake_args': None, 'cmake_clean_cache': False, 'cmake_clean_first': False, 'cmake_force_configure': False, 'cmake_target': None, 'cmake_target_skip_unavailable': False, 'install_base': '/home/amrl_sunny/ros2_autonomous_vehicle_simulation/install/camera_perception_pkg', 'merge_install': False, 'path': '/home/amrl_sunny/ros2_autonomous_vehicle_simulation/src/camera_perception_pkg', 'symlink_install': True, 'test_result_base': None}
[0.197s] Level 5:colcon.colcon_core.verb:set package 'debug_pkg' build argument 'cmake_args' from command line to 'None'
[0.197s] Level 5:colcon.colcon_core.verb:set package 'debug_pkg' build argument 'cmake_target' from command line to 'None'
[0.197s] Level 5:colcon.colcon_core.verb:set package 'debug_pkg' build argument 'cmake_target_skip_unavailable' from command line to 'False'
[0.197s] Level 5:colcon.colcon_core.verb:set package 'debug_pkg' build argument 'cmake_clean_cache' from command line to 'False'
[0.197s] Level 5:colcon.colcon_core.verb:set package 'debug_pkg' build argument 'cmake_clean_first' from command line to 'False'
[0.197s] Level 5:colcon.colcon_core.verb:set package 'debug_pkg' build argument 'cmake_force_configure' from command line to 'False'
[0.197s] Level 5:colcon.colcon_core.verb:set package 'debug_pkg' build argument 'ament_cmake_args' from command line to 'None'
[0.197s] Level 5:colcon.colcon_core.verb:set package 'debug_pkg' build argument 'catkin_cmake_args' from command line to 'None'
[0.197s] Level 5:colcon.colcon_core.verb:set package 'debug_pkg' build argument 'catkin_skip_building_tests' from command line to 'False'
[0.197s] DEBUG:colcon.colcon_core.verb:Building package 'debug_pkg' with the following arguments: {'ament_cmake_args': None, 'build_base': '/home/amrl_sunny/ros2_autonomous_vehicle_simulation/build/debug_pkg', 'catkin_cmake_args': None, 'catkin_skip_building_tests': False, 'cmake_args': None, 'cmake_clean_cache': False, 'cmake_clean_first': False, 'cmake_force_configure': False, 'cmake_target': None, 'cmake_target_skip_unavailable': False, 'install_base': '/home/amrl_sunny/ros2_autonomous_vehicle_simulation/install/debug_pkg', 'merge_install': False, 'path': '/home/amrl_sunny/ros2_autonomous_vehicle_simulation/src/debug_pkg', 'symlink_install': True, 'test_result_base': None}
[0.197s] Level 5:colcon.colcon_core.verb:set package 'decision_making_pkg' build argument 'cmake_args' from command line to 'None'
[0.197s] Level 5:colcon.colcon_core.verb:set package 'decision_making_pkg' build argument 'cmake_target' from command line to 'None'
[0.197s] Level 5:colcon.colcon_core.verb:set package 'decision_making_pkg' build argument 'cmake_target_skip_unavailable' from command line to 'False'
[0.197s] Level 5:colcon.colcon_core.verb:set package 'decision_making_pkg' build argument 'cmake_clean_cache' from command line to 'False'
[0.197s] Level 5:colcon.colcon_core.verb:set package 'decision_making_pkg' build argument 'cmake_clean_first' from command line to 'False'
[0.197s] Level 5:colcon.colcon_core.verb:set package 'decision_making_pkg' build argument 'cmake_force_configure' from command line to 'False'
[0.197s] Level 5:colcon.colcon_core.verb:set package 'decision_making_pkg' build argument 'ament_cmake_args' from command line to 'None'
[0.197s] Level 5:colcon.colcon_core.verb:set package 'decision_making_pkg' build argument 'catkin_cmake_args' from command line to 'None'
[0.197s] Level 5:colcon.colcon_core.verb:set package 'decision_making_pkg' build argument 'catkin_skip_building_tests' from command line to 'False'
[0.197s] DEBUG:colcon.colcon_core.verb:Building package 'decision_making_pkg' with the following arguments: {'ament_cmake_args': None, 'build_base': '/home/amrl_sunny/ros2_autonomous_vehicle_simulation/build/decision_making_pkg', 'catkin_cmake_args': None, 'catkin_skip_building_tests': False, 'cmake_args': None, 'cmake_clean_cache': False, 'cmake_clean_first': False, 'cmake_force_configure': False, 'cmake_target': None, 'cmake_target_skip_unavailable': False, 'install_base': '/home/amrl_sunny/ros2_autonomous_vehicle_simulation/install/decision_making_pkg', 'merge_install': False, 'path': '/home/amrl_sunny/ros2_autonomous_vehicle_simulation/src/decision_making_pkg', 'symlink_install': True, 'test_result_base': None}
[0.198s] Level 5:colcon.colcon_core.verb:set package 'interfaces_pkg' build argument 'cmake_args' from command line to 'None'
[0.198s] Level 5:colcon.colcon_core.verb:set package 'interfaces_pkg' build argument 'cmake_target' from command line to 'None'
[0.198s] Level 5:colcon.colcon_core.verb:set package 'interfaces_pkg' build argument 'cmake_target_skip_unavailable' from command line to 'False'
[0.198s] Level 5:colcon.colcon_core.verb:set package 'interfaces_pkg' build argument 'cmake_clean_cache' from command line to 'False'
[0.198s] Level 5:colcon.colcon_core.verb:set package 'interfaces_pkg' build argument 'cmake_clean_first' from command line to 'False'
[0.198s] Level 5:colcon.colcon_core.verb:set package 'interfaces_pkg' build argument 'cmake_force_configure' from command line to 'False'
[0.198s] Level 5:colcon.colcon_core.verb:set package 'interfaces_pkg' build argument 'ament_cmake_args' from command line to 'None'
[0.198s] Level 5:colcon.colcon_core.verb:set package 'interfaces_pkg' build argument 'catkin_cmake_args' from command line to 'None'
[0.198s] Level 5:colcon.colcon_core.verb:set package 'interfaces_pkg' build argument 'catkin_skip_building_tests' from command line to 'False'
[0.198s] DEBUG:colcon.colcon_core.verb:Building package 'interfaces_pkg' with the following arguments: {'ament_cmake_args': None, 'build_base': '/home/amrl_sunny/ros2_autonomous_vehicle_simulation/build/interfaces_pkg', 'catkin_cmake_args': None, 'catkin_skip_building_tests': False, 'cmake_args': None, 'cmake_clean_cache': False, 'cmake_clean_first': False, 'cmake_force_configure': False, 'cmake_target': None, 'cmake_target_skip_unavailable': False, 'install_base': '/home/amrl_sunny/ros2_autonomous_vehicle_simulation/install/interfaces_pkg', 'merge_install': False, 'path': '/home/amrl_sunny/ros2_autonomous_vehicle_simulation/src/interfaces_pkg', 'symlink_install': True, 'test_result_base': None}
[0.198s] Level 5:colcon.colcon_core.verb:set package 'lidar_perception_pkg' build argument 'cmake_args' from command line to 'None'
[0.198s] Level 5:colcon.colcon_core.verb:set package 'lidar_perception_pkg' build argument 'cmake_target' from command line to 'None'
[0.198s] Level 5:colcon.colcon_core.verb:set package 'lidar_perception_pkg' build argument 'cmake_target_skip_unavailable' from command line to 'False'
[0.198s] Level 5:colcon.colcon_core.verb:set package 'lidar_perception_pkg' build argument 'cmake_clean_cache' from command line to 'False'
[0.198s] Level 5:colcon.colcon_core.verb:set package 'lidar_perception_pkg' build argument 'cmake_clean_first' from command line to 'False'
[0.198s] Level 5:colcon.colcon_core.verb:set package 'lidar_perception_pkg' build argument 'cmake_force_configure' from command line to 'False'
[0.198s] Level 5:colcon.colcon_core.verb:set package 'lidar_perception_pkg' build argument 'ament_cmake_args' from command line to 'None'
[0.198s] Level 5:colcon.colcon_core.verb:set package 'lidar_perception_pkg' build argument 'catkin_cmake_args' from command line to 'None'
[0.198s] Level 5:colcon.colcon_core.verb:set package 'lidar_perception_pkg' build argument 'catkin_skip_building_tests' from command line to 'False'
[0.198s] DEBUG:colcon.colcon_core.verb:Building package 'lidar_perception_pkg' with the following arguments: {'ament_cmake_args': None, 'build_base': '/home/amrl_sunny/ros2_autonomous_vehicle_simulation/build/lidar_perception_pkg', 'catkin_cmake_args': None, 'catkin_skip_building_tests': False, 'cmake_args': None, 'cmake_clean_cache': False, 'cmake_clean_first': False, 'cmake_force_configure': False, 'cmake_target': None, 'cmake_target_skip_unavailable': False, 'install_base': '/home/amrl_sunny/ros2_autonomous_vehicle_simulation/install/lidar_perception_pkg', 'merge_install': False, 'path': '/home/amrl_sunny/ros2_autonomous_vehicle_simulation/src/lidar_perception_pkg', 'symlink_install': True, 'test_result_base': None}
[0.198s] Level 5:colcon.colcon_core.verb:set package 'simulation_pkg' build argument 'cmake_args' from command line to 'None'
[0.198s] Level 5:colcon.colcon_core.verb:set package 'simulation_pkg' build argument 'cmake_target' from command line to 'None'
[0.198s] Level 5:colcon.colcon_core.verb:set package 'simulation_pkg' build argument 'cmake_target_skip_unavailable' from command line to 'False'
[0.198s] Level 5:colcon.colcon_core.verb:set package 'simulation_pkg' build argument 'cmake_clean_cache' from command line to 'False'
[0.198s] Level 5:colcon.colcon_core.verb:set package 'simulation_pkg' build argument 'cmake_clean_first' from command line to 'False'
[0.198s] Level 5:colcon.colcon_core.verb:set package 'simulation_pkg' build argument 'cmake_force_configure' from command line to 'False'
[0.198s] Level 5:colcon.colcon_core.verb:set package 'simulation_pkg' build argument 'ament_cmake_args' from command line to 'None'
[0.198s] Level 5:colcon.colcon_core.verb:set package 'simulation_pkg' build argument 'catkin_cmake_args' from command line to 'None'
[0.198s] Level 5:colcon.colcon_core.verb:set package 'simulation_pkg' build argument 'catkin_skip_building_tests' from command line to 'False'
[0.198s] DEBUG:colcon.colcon_core.verb:Building package 'simulation_pkg' with the following arguments: {'ament_cmake_args': None, 'build_base': '/home/amrl_sunny/ros2_autonomous_vehicle_simulation/build/simulation_pkg', 'catkin_cmake_args': None, 'catkin_skip_building_tests': False, 'cmake_args': None, 'cmake_clean_cache': False, 'cmake_clean_first': False, 'cmake_force_configure': False, 'cmake_target': None, 'cmake_target_skip_unavailable': False, 'install_base': '/home/amrl_sunny/ros2_autonomous_vehicle_simulation/install/simulation_pkg', 'merge_install': False, 'path': '/home/amrl_sunny/ros2_autonomous_vehicle_simulation/src/simulation_pkg', 'symlink_install': True, 'test_result_base': None}
[0.198s] INFO:colcon.colcon_core.executor:Executing jobs using 'parallel' executor
[0.199s] DEBUG:colcon.colcon_parallel_executor.executor.parallel:run_until_complete
[0.199s] INFO:colcon.colcon_ros.task.ament_python.build:Building ROS package in '/home/amrl_sunny/ros2_autonomous_vehicle_simulation/src/camera_perception_pkg' with build type 'ament_python'
[0.199s] Level 1:colcon.colcon_core.shell:create_environment_hook('camera_perception_pkg', 'ament_prefix_path')
[0.200s] INFO:colcon.colcon_core.plugin_system:Skipping extension 'colcon_core.shell.bat': Not used on non-Windows systems
[0.200s] INFO:colcon.colcon_core.shell:Creating environment hook '/home/amrl_sunny/ros2_autonomous_vehicle_simulation/install/camera_perception_pkg/share/camera_perception_pkg/hook/ament_prefix_path.ps1'
[0.201s] INFO:colcon.colcon_core.shell:Creating environment descriptor '/home/amrl_sunny/ros2_autonomous_vehicle_simulation/install/camera_perception_pkg/share/camera_perception_pkg/hook/ament_prefix_path.dsv'
[0.201s] INFO:colcon.colcon_core.shell:Creating environment hook '/home/amrl_sunny/ros2_autonomous_vehicle_simulation/install/camera_perception_pkg/share/camera_perception_pkg/hook/ament_prefix_path.sh'
[0.201s] INFO:colcon.colcon_core.shell:Skip shell extension 'powershell' for command environment: Not usable outside of PowerShell
[0.201s] DEBUG:colcon.colcon_core.shell:Skip shell extension 'dsv' for command environment
[0.203s] INFO:colcon.colcon_ros.task.ament_python.build:Building ROS package in '/home/amrl_sunny/ros2_autonomous_vehicle_simulation/src/debug_pkg' with build type 'ament_python'
[0.203s] Level 1:colcon.colcon_core.shell:create_environment_hook('debug_pkg', 'ament_prefix_path')
[0.203s] INFO:colcon.colcon_core.shell:Creating environment hook '/home/amrl_sunny/ros2_autonomous_vehicle_simulation/install/debug_pkg/share/debug_pkg/hook/ament_prefix_path.ps1'
[0.203s] INFO:colcon.colcon_core.shell:Creating environment descriptor '/home/amrl_sunny/ros2_autonomous_vehicle_simulation/install/debug_pkg/share/debug_pkg/hook/ament_prefix_path.dsv'
[0.203s] INFO:colcon.colcon_core.shell:Creating environment hook '/home/amrl_sunny/ros2_autonomous_vehicle_simulation/install/debug_pkg/share/debug_pkg/hook/ament_prefix_path.sh'
[0.203s] INFO:colcon.colcon_core.shell:Skip shell extension 'powershell' for command environment: Not usable outside of PowerShell
[0.204s] DEBUG:colcon.colcon_core.shell:Skip shell extension 'dsv' for command environment
[0.205s] INFO:colcon.colcon_ros.task.ament_python.build:Building ROS package in '/home/amrl_sunny/ros2_autonomous_vehicle_simulation/src/decision_making_pkg' with build type 'ament_python'
[0.205s] Level 1:colcon.colcon_core.shell:create_environment_hook('decision_making_pkg', 'ament_prefix_path')
[0.205s] INFO:colcon.colcon_core.shell:Creating environment hook '/home/amrl_sunny/ros2_autonomous_vehicle_simulation/install/decision_making_pkg/share/decision_making_pkg/hook/ament_prefix_path.ps1'
[0.205s] INFO:colcon.colcon_core.shell:Creating environment descriptor '/home/amrl_sunny/ros2_autonomous_vehicle_simulation/install/decision_making_pkg/share/decision_making_pkg/hook/ament_prefix_path.dsv'
[0.205s] INFO:colcon.colcon_core.shell:Creating environment hook '/home/amrl_sunny/ros2_autonomous_vehicle_simulation/install/decision_making_pkg/share/decision_making_pkg/hook/ament_prefix_path.sh'
[0.206s] INFO:colcon.colcon_core.shell:Skip shell extension 'powershell' for command environment: Not usable outside of PowerShell
[0.206s] DEBUG:colcon.colcon_core.shell:Skip shell extension 'dsv' for command environment
[0.207s] INFO:colcon.colcon_ros.task.ament_cmake.build:Building ROS package in '/home/amrl_sunny/ros2_autonomous_vehicle_simulation/src/interfaces_pkg' with build type 'ament_cmake'
[0.207s] INFO:colcon.colcon_cmake.task.cmake.build:Building CMake package in '/home/amrl_sunny/ros2_autonomous_vehicle_simulation/src/interfaces_pkg'
[0.207s] INFO:colcon.colcon_core.shell:Skip shell extension 'powershell' for command environment: Not usable outside of PowerShell
[0.207s] DEBUG:colcon.colcon_core.shell:Skip shell extension 'dsv' for command environment
[0.209s] INFO:colcon.colcon_ros.task.ament_python.build:Building ROS package in '/home/amrl_sunny/ros2_autonomous_vehicle_simulation/src/lidar_perception_pkg' with build type 'ament_python'
[0.209s] Level 1:colcon.colcon_core.shell:create_environment_hook('lidar_perception_pkg', 'ament_prefix_path')
[0.209s] INFO:colcon.colcon_core.shell:Creating environment hook '/home/amrl_sunny/ros2_autonomous_vehicle_simulation/install/lidar_perception_pkg/share/lidar_perception_pkg/hook/ament_prefix_path.ps1'
[0.209s] INFO:colcon.colcon_core.shell:Creating environment descriptor '/home/amrl_sunny/ros2_autonomous_vehicle_simulation/install/lidar_perception_pkg/share/lidar_perception_pkg/hook/ament_prefix_path.dsv'
[0.209s] INFO:colcon.colcon_core.shell:Creating environment hook '/home/amrl_sunny/ros2_autonomous_vehicle_simulation/install/lidar_perception_pkg/share/lidar_perception_pkg/hook/ament_prefix_path.sh'
[0.210s] INFO:colcon.colcon_core.shell:Skip shell extension 'powershell' for command environment: Not usable outside of PowerShell
[0.210s] DEBUG:colcon.colcon_core.shell:Skip shell extension 'dsv' for command environment
[0.354s] INFO:colcon.colcon_core.task.python.build:Building Python package in '/home/amrl_sunny/ros2_autonomous_vehicle_simulation/src/camera_perception_pkg'
[0.354s] INFO:colcon.colcon_core.shell:Skip shell extension 'powershell' for command environment: Not usable outside of PowerShell
[0.354s] DEBUG:colcon.colcon_core.shell:Skip shell extension 'dsv' for command environment
[0.499s] INFO:colcon.colcon_core.task.python.build:Building Python package in '/home/amrl_sunny/ros2_autonomous_vehicle_simulation/src/debug_pkg'
[0.499s] INFO:colcon.colcon_core.shell:Skip shell extension 'powershell' for command environment: Not usable outside of PowerShell
[0.499s] DEBUG:colcon.colcon_core.shell:Skip shell extension 'dsv' for command environment
[0.644s] INFO:colcon.colcon_core.task.python.build:Building Python package in '/home/amrl_sunny/ros2_autonomous_vehicle_simulation/src/decision_making_pkg'
[0.644s] INFO:colcon.colcon_core.shell:Skip shell extension 'powershell' for command environment: Not usable outside of PowerShell
[0.644s] DEBUG:colcon.colcon_core.shell:Skip shell extension 'dsv' for command environment
[0.649s] DEBUG:colcon.colcon_core.event_handler.log_command:Invoking command in '/home/amrl_sunny/ros2_autonomous_vehicle_simulation/build/interfaces_pkg': CMAKE_PREFIX_PATH=${CMAKE_PREFIX_PATH}:/home/amrl_sunny/ros2_autonomous_vehicle_simulation/install/simulation_pkg:/home/amrl_sunny/ros2_autonomous_vehicle_simulation/install/debug_pkg:/home/amrl_sunny/ros2_autonomous_vehicle_simulation/install/decision_making_pkg:/home/amrl_sunny/ros2_autonomous_vehicle_simulation/install/camera_perception_pkg:/home/amrl_sunny/2025_jacapdi/install/simulation_pkg:/home/amrl_sunny/2025_jacapdi/install/debug_pkg:/home/amrl_sunny/2025_jacapdi/install/decision_making_pkg:/home/amrl_sunny/2025_jacapdi/install/camera_perception_pkg:/opt/ros/humble /usr/bin/cmake --build /home/amrl_sunny/ros2_autonomous_vehicle_simulation/build/interfaces_pkg -- -j20 -l20
[0.802s] INFO:colcon.colcon_core.task.python.build:Building Python package in '/home/amrl_sunny/ros2_autonomous_vehicle_simulation/src/lidar_perception_pkg'
[0.802s] INFO:colcon.colcon_core.shell:Skip shell extension 'powershell' for command environment: Not usable outside of PowerShell
[0.802s] DEBUG:colcon.colcon_core.shell:Skip shell extension 'dsv' for command environment
[0.853s] DEBUG:colcon.colcon_core.event_handler.log_command:Invoked command in '/home/amrl_sunny/ros2_autonomous_vehicle_simulation/build/interfaces_pkg' returned '0': CMAKE_PREFIX_PATH=${CMAKE_PREFIX_PATH}:/home/amrl_sunny/ros2_autonomous_vehicle_simulation/install/simulation_pkg:/home/amrl_sunny/ros2_autonomous_vehicle_simulation/install/debug_pkg:/home/amrl_sunny/ros2_autonomous_vehicle_simulation/install/decision_making_pkg:/home/amrl_sunny/ros2_autonomous_vehicle_simulation/install/camera_perception_pkg:/home/amrl_sunny/2025_jacapdi/install/simulation_pkg:/home/amrl_sunny/2025_jacapdi/install/debug_pkg:/home/amrl_sunny/2025_jacapdi/install/decision_making_pkg:/home/amrl_sunny/2025_jacapdi/install/camera_perception_pkg:/opt/ros/humble /usr/bin/cmake --build /home/amrl_sunny/ros2_autonomous_vehicle_simulation/build/interfaces_pkg -- -j20 -l20
[0.859s] DEBUG:colcon.colcon_core.event_handler.log_command:Invoking command in '/home/amrl_sunny/ros2_autonomous_vehicle_simulation/build/interfaces_pkg': CMAKE_PREFIX_PATH=${CMAKE_PREFIX_PATH}:/home/amrl_sunny/ros2_autonomous_vehicle_simulation/install/simulation_pkg:/home/amrl_sunny/ros2_autonomous_vehicle_simulation/install/debug_pkg:/home/amrl_sunny/ros2_autonomous_vehicle_simulation/install/decision_making_pkg:/home/amrl_sunny/ros2_autonomous_vehicle_simulation/install/camera_perception_pkg:/home/amrl_sunny/2025_jacapdi/install/simulation_pkg:/home/amrl_sunny/2025_jacapdi/install/debug_pkg:/home/amrl_sunny/2025_jacapdi/install/decision_making_pkg:/home/amrl_sunny/2025_jacapdi/install/camera_perception_pkg:/opt/ros/humble /usr/bin/cmake --install /home/amrl_sunny/ros2_autonomous_vehicle_simulation/build/interfaces_pkg
[0.910s] Level 1:colcon.colcon_core.environment:create_environment_scripts_only(interfaces_pkg)
[0.910s] DEBUG:colcon.colcon_core.event_handler.log_command:Invoked command in '/home/amrl_sunny/ros2_autonomous_vehicle_simulation/build/interfaces_pkg' returned '0': CMAKE_PREFIX_PATH=${CMAKE_PREFIX_PATH}:/home/amrl_sunny/ros2_autonomous_vehicle_simulation/install/simulation_pkg:/home/amrl_sunny/ros2_autonomous_vehicle_simulation/install/debug_pkg:/home/amrl_sunny/ros2_autonomous_vehicle_simulation/install/decision_making_pkg:/home/amrl_sunny/ros2_autonomous_vehicle_simulation/install/camera_perception_pkg:/home/amrl_sunny/2025_jacapdi/install/simulation_pkg:/home/amrl_sunny/2025_jacapdi/install/debug_pkg:/home/amrl_sunny/2025_jacapdi/install/decision_making_pkg:/home/amrl_sunny/2025_jacapdi/install/camera_perception_pkg:/opt/ros/humble /usr/bin/cmake --install /home/amrl_sunny/ros2_autonomous_vehicle_simulation/build/interfaces_pkg
[0.911s] Level 1:colcon.colcon_core.environment:checking '/home/amrl_sunny/ros2_autonomous_vehicle_simulation/install/interfaces_pkg' for CMake module files
[0.912s] Level 1:colcon.colcon_core.environment:checking '/home/amrl_sunny/ros2_autonomous_vehicle_simulation/install/interfaces_pkg' for CMake config files
[0.913s] Level 1:colcon.colcon_core.shell:create_environment_hook('interfaces_pkg', 'cmake_prefix_path')
[0.913s] INFO:colcon.colcon_core.shell:Creating environment hook '/home/amrl_sunny/ros2_autonomous_vehicle_simulation/install/interfaces_pkg/share/interfaces_pkg/hook/cmake_prefix_path.ps1'
[0.913s] INFO:colcon.colcon_core.shell:Creating environment descriptor '/home/amrl_sunny/ros2_autonomous_vehicle_simulation/install/interfaces_pkg/share/interfaces_pkg/hook/cmake_prefix_path.dsv'
[0.913s] INFO:colcon.colcon_core.shell:Creating environment hook '/home/amrl_sunny/ros2_autonomous_vehicle_simulation/install/interfaces_pkg/share/interfaces_pkg/hook/cmake_prefix_path.sh'
[0.914s] Level 1:colcon.colcon_core.environment:checking '/home/amrl_sunny/ros2_autonomous_vehicle_simulation/install/interfaces_pkg/lib'
[0.914s] Level 1:colcon.colcon_core.shell:create_environment_hook('interfaces_pkg', 'ld_library_path_lib')
[0.914s] INFO:colcon.colcon_core.shell:Creating environment hook '/home/amrl_sunny/ros2_autonomous_vehicle_simulation/install/interfaces_pkg/share/interfaces_pkg/hook/ld_library_path_lib.ps1'
[0.914s] INFO:colcon.colcon_core.shell:Creating environment descriptor '/home/amrl_sunny/ros2_autonomous_vehicle_simulation/install/interfaces_pkg/share/interfaces_pkg/hook/ld_library_path_lib.dsv'
[0.914s] INFO:colcon.colcon_core.shell:Creating environment hook '/home/amrl_sunny/ros2_autonomous_vehicle_simulation/install/interfaces_pkg/share/interfaces_pkg/hook/ld_library_path_lib.sh'
[0.914s] Level 1:colcon.colcon_core.environment:checking '/home/amrl_sunny/ros2_autonomous_vehicle_simulation/install/interfaces_pkg/bin'
[0.914s] Level 1:colcon.colcon_core.environment:checking '/home/amrl_sunny/ros2_autonomous_vehicle_simulation/install/interfaces_pkg/lib/pkgconfig/interfaces_pkg.pc'
[0.914s] Level 1:colcon.colcon_core.environment:checking '/home/amrl_sunny/ros2_autonomous_vehicle_simulation/install/interfaces_pkg/lib/python3.10/site-packages'
[0.915s] Level 1:colcon.colcon_core.environment:checking '/home/amrl_sunny/ros2_autonomous_vehicle_simulation/install/interfaces_pkg/bin'
[0.915s] INFO:colcon.colcon_core.shell:Creating package script '/home/amrl_sunny/ros2_autonomous_vehicle_simulation/install/interfaces_pkg/share/interfaces_pkg/package.ps1'
[0.915s] INFO:colcon.colcon_core.shell:Creating package descriptor '/home/amrl_sunny/ros2_autonomous_vehicle_simulation/install/interfaces_pkg/share/interfaces_pkg/package.dsv'
[0.916s] INFO:colcon.colcon_core.shell:Creating package script '/home/amrl_sunny/ros2_autonomous_vehicle_simulation/install/interfaces_pkg/share/interfaces_pkg/package.sh'
[0.916s] INFO:colcon.colcon_core.shell:Creating package script '/home/amrl_sunny/ros2_autonomous_vehicle_simulation/install/interfaces_pkg/share/interfaces_pkg/package.bash'
[0.916s] INFO:colcon.colcon_core.shell:Creating package script '/home/amrl_sunny/ros2_autonomous_vehicle_simulation/install/interfaces_pkg/share/interfaces_pkg/package.zsh'
[0.916s] Level 1:colcon.colcon_core.environment:create_file_with_runtime_dependencies(/home/amrl_sunny/ros2_autonomous_vehicle_simulation/install/interfaces_pkg/share/colcon-core/packages/interfaces_pkg)
[0.917s] Level 1:colcon.colcon_core.environment:create_environment_scripts_only(interfaces_pkg)
[0.917s] Level 1:colcon.colcon_core.environment:checking '/home/amrl_sunny/ros2_autonomous_vehicle_simulation/install/interfaces_pkg' for CMake module files
[0.917s] Level 1:colcon.colcon_core.environment:checking '/home/amrl_sunny/ros2_autonomous_vehicle_simulation/install/interfaces_pkg' for CMake config files
[0.918s] Level 1:colcon.colcon_core.shell:create_environment_hook('interfaces_pkg', 'cmake_prefix_path')
[0.918s] INFO:colcon.colcon_core.shell:Creating environment hook '/home/amrl_sunny/ros2_autonomous_vehicle_simulation/install/interfaces_pkg/share/interfaces_pkg/hook/cmake_prefix_path.ps1'
[0.918s] INFO:colcon.colcon_core.shell:Creating environment descriptor '/home/amrl_sunny/ros2_autonomous_vehicle_simulation/install/interfaces_pkg/share/interfaces_pkg/hook/cmake_prefix_path.dsv'
[0.918s] INFO:colcon.colcon_core.shell:Creating environment hook '/home/amrl_sunny/ros2_autonomous_vehicle_simulation/install/interfaces_pkg/share/interfaces_pkg/hook/cmake_prefix_path.sh'
[0.919s] Level 1:colcon.colcon_core.environment:checking '/home/amrl_sunny/ros2_autonomous_vehicle_simulation/install/interfaces_pkg/lib'
[0.919s] Level 1:colcon.colcon_core.shell:create_environment_hook('interfaces_pkg', 'ld_library_path_lib')
[0.919s] INFO:colcon.colcon_core.shell:Creating environment hook '/home/amrl_sunny/ros2_autonomous_vehicle_simulation/install/interfaces_pkg/share/interfaces_pkg/hook/ld_library_path_lib.ps1'
[0.919s] INFO:colcon.colcon_core.shell:Creating environment descriptor '/home/amrl_sunny/ros2_autonomous_vehicle_simulation/install/interfaces_pkg/share/interfaces_pkg/hook/ld_library_path_lib.dsv'
[0.919s] INFO:colcon.colcon_core.shell:Creating environment hook '/home/amrl_sunny/ros2_autonomous_vehicle_simulation/install/interfaces_pkg/share/interfaces_pkg/hook/ld_library_path_lib.sh'
[0.919s] Level 1:colcon.colcon_core.environment:checking '/home/amrl_sunny/ros2_autonomous_vehicle_simulation/install/interfaces_pkg/bin'
[0.919s] Level 1:colcon.colcon_core.environment:checking '/home/amrl_sunny/ros2_autonomous_vehicle_simulation/install/interfaces_pkg/lib/pkgconfig/interfaces_pkg.pc'
[0.919s] Level 1:colcon.colcon_core.environment:checking '/home/amrl_sunny/ros2_autonomous_vehicle_simulation/install/interfaces_pkg/lib/python3.10/site-packages'
[0.919s] Level 1:colcon.colcon_core.environment:checking '/home/amrl_sunny/ros2_autonomous_vehicle_simulation/install/interfaces_pkg/bin'
[0.920s] INFO:colcon.colcon_core.shell:Creating package script '/home/amrl_sunny/ros2_autonomous_vehicle_simulation/install/interfaces_pkg/share/interfaces_pkg/package.ps1'
[0.920s] INFO:colcon.colcon_core.shell:Creating package descriptor '/home/amrl_sunny/ros2_autonomous_vehicle_simulation/install/interfaces_pkg/share/interfaces_pkg/package.dsv'
[0.920s] INFO:colcon.colcon_core.shell:Creating package script '/home/amrl_sunny/ros2_autonomous_vehicle_simulation/install/interfaces_pkg/share/interfaces_pkg/package.sh'
[0.920s] INFO:colcon.colcon_core.shell:Creating package script '/home/amrl_sunny/ros2_autonomous_vehicle_simulation/install/interfaces_pkg/share/interfaces_pkg/package.bash'
[0.920s] INFO:colcon.colcon_core.shell:Creating package script '/home/amrl_sunny/ros2_autonomous_vehicle_simulation/install/interfaces_pkg/share/interfaces_pkg/package.zsh'
[0.921s] Level 1:colcon.colcon_core.environment:create_file_with_runtime_dependencies(/home/amrl_sunny/ros2_autonomous_vehicle_simulation/install/interfaces_pkg/share/colcon-core/packages/interfaces_pkg)
[1.004s] DEBUG:colcon.colcon_core.event_handler.log_command:Invoking command in '/home/amrl_sunny/ros2_autonomous_vehicle_simulation/build/debug_pkg': PYTHONPATH=/home/amrl_sunny/ros2_autonomous_vehicle_simulation/build/debug_pkg/prefix_override:/usr/lib/python3/dist-packages/colcon_core/task/python/colcon_distutils_commands:/home/amrl_sunny/ros2_autonomous_vehicle_simulation/install/debug_pkg/lib/python3.10/site-packages:${PYTHONPATH} /usr/bin/python3 -W ignore:setup.py install is deprecated -W ignore:easy_install command is deprecated setup.py develop --editable --build-directory /home/amrl_sunny/ros2_autonomous_vehicle_simulation/build/debug_pkg/build --no-deps symlink_data
[1.010s] DEBUG:colcon.colcon_core.event_handler.log_command:Invoking command in '/home/amrl_sunny/ros2_autonomous_vehicle_simulation/build/decision_making_pkg': PYTHONPATH=/home/amrl_sunny/ros2_autonomous_vehicle_simulation/build/decision_making_pkg/prefix_override:/usr/lib/python3/dist-packages/colcon_core/task/python/colcon_distutils_commands:/home/amrl_sunny/ros2_autonomous_vehicle_simulation/install/decision_making_pkg/lib/python3.10/site-packages:${PYTHONPATH} /usr/bin/python3 -W ignore:setup.py install is deprecated -W ignore:easy_install command is deprecated setup.py develop --editable --build-directory /home/amrl_sunny/ros2_autonomous_vehicle_simulation/build/decision_making_pkg/build --no-deps symlink_data
[1.011s] DEBUG:colcon.colcon_core.event_handler.log_command:Invoking command in '/home/amrl_sunny/ros2_autonomous_vehicle_simulation/build/camera_perception_pkg': PYTHONPATH=/home/amrl_sunny/ros2_autonomous_vehicle_simulation/build/camera_perception_pkg/prefix_override:/usr/lib/python3/dist-packages/colcon_core/task/python/colcon_distutils_commands:/home/amrl_sunny/ros2_autonomous_vehicle_simulation/install/camera_perception_pkg/lib/python3.10/site-packages:${PYTHONPATH} /usr/bin/python3 -W ignore:setup.py install is deprecated -W ignore:easy_install command is deprecated setup.py develop --editable --build-directory /home/amrl_sunny/ros2_autonomous_vehicle_simulation/build/camera_perception_pkg/build --no-deps symlink_data
[1.018s] DEBUG:colcon.colcon_core.event_handler.log_command:Invoking command in '/home/amrl_sunny/ros2_autonomous_vehicle_simulation/build/lidar_perception_pkg': PYTHONPATH=/home/amrl_sunny/ros2_autonomous_vehicle_simulation/build/lidar_perception_pkg/prefix_override:/usr/lib/python3/dist-packages/colcon_core/task/python/colcon_distutils_commands:/home/amrl_sunny/ros2_autonomous_vehicle_simulation/install/lidar_perception_pkg/lib/python3.10/site-packages:${PYTHONPATH} /usr/bin/python3 -W ignore:setup.py install is deprecated -W ignore:easy_install command is deprecated setup.py develop --editable --build-directory /home/amrl_sunny/ros2_autonomous_vehicle_simulation/build/lidar_perception_pkg/build --no-deps symlink_data
[1.276s] Level 1:colcon.colcon_core.shell:create_environment_hook('debug_pkg', 'pythonpath_develop')
[1.277s] INFO:colcon.colcon_core.shell:Creating environment hook '/home/amrl_sunny/ros2_autonomous_vehicle_simulation/build/debug_pkg/share/debug_pkg/hook/pythonpath_develop.ps1'
[1.277s] DEBUG:colcon.colcon_core.event_handler.log_command:Invoked command in '/home/amrl_sunny/ros2_autonomous_vehicle_simulation/build/debug_pkg' returned '0': PYTHONPATH=/home/amrl_sunny/ros2_autonomous_vehicle_simulation/build/debug_pkg/prefix_override:/usr/lib/python3/dist-packages/colcon_core/task/python/colcon_distutils_commands:/home/amrl_sunny/ros2_autonomous_vehicle_simulation/install/debug_pkg/lib/python3.10/site-packages:${PYTHONPATH} /usr/bin/python3 -W ignore:setup.py install is deprecated -W ignore:easy_install command is deprecated setup.py develop --editable --build-directory /home/amrl_sunny/ros2_autonomous_vehicle_simulation/build/debug_pkg/build --no-deps symlink_data
[1.278s] INFO:colcon.colcon_core.shell:Creating environment descriptor '/home/amrl_sunny/ros2_autonomous_vehicle_simulation/build/debug_pkg/share/debug_pkg/hook/pythonpath_develop.dsv'
[1.278s] INFO:colcon.colcon_core.shell:Creating environment hook '/home/amrl_sunny/ros2_autonomous_vehicle_simulation/build/debug_pkg/share/debug_pkg/hook/pythonpath_develop.sh'
[1.279s] Level 1:colcon.colcon_core.environment:checking '/home/amrl_sunny/ros2_autonomous_vehicle_simulation/install/debug_pkg' for CMake module files
[1.279s] Level 1:colcon.colcon_core.environment:checking '/home/amrl_sunny/ros2_autonomous_vehicle_simulation/install/debug_pkg' for CMake config files
[1.280s] Level 1:colcon.colcon_core.environment:checking '/home/amrl_sunny/ros2_autonomous_vehicle_simulation/install/debug_pkg/lib'
[1.280s] Level 1:colcon.colcon_core.environment:checking '/home/amrl_sunny/ros2_autonomous_vehicle_simulation/install/debug_pkg/bin'
[1.280s] Level 1:colcon.colcon_core.environment:checking '/home/amrl_sunny/ros2_autonomous_vehicle_simulation/install/debug_pkg/lib/pkgconfig/debug_pkg.pc'
[1.280s] Level 1:colcon.colcon_core.environment:checking '/home/amrl_sunny/ros2_autonomous_vehicle_simulation/install/debug_pkg/lib/python3.10/site-packages'
[1.280s] Level 1:colcon.colcon_core.shell:create_environment_hook('debug_pkg', 'pythonpath')
[1.281s] INFO:colcon.colcon_core.shell:Creating environment hook '/home/amrl_sunny/ros2_autonomous_vehicle_simulation/install/debug_pkg/share/debug_pkg/hook/pythonpath.ps1'
[1.281s] INFO:colcon.colcon_core.shell:Creating environment descriptor '/home/amrl_sunny/ros2_autonomous_vehicle_simulation/install/debug_pkg/share/debug_pkg/hook/pythonpath.dsv'
[1.281s] INFO:colcon.colcon_core.shell:Creating environment hook '/home/amrl_sunny/ros2_autonomous_vehicle_simulation/install/debug_pkg/share/debug_pkg/hook/pythonpath.sh'
[1.282s] Level 1:colcon.colcon_core.environment:checking '/home/amrl_sunny/ros2_autonomous_vehicle_simulation/install/debug_pkg/bin'
[1.282s] Level 1:colcon.colcon_core.environment:create_environment_scripts_only(debug_pkg)
[1.282s] INFO:colcon.colcon_core.shell:Creating package script '/home/amrl_sunny/ros2_autonomous_vehicle_simulation/install/debug_pkg/share/debug_pkg/package.ps1'
[1.283s] INFO:colcon.colcon_core.shell:Creating package descriptor '/home/amrl_sunny/ros2_autonomous_vehicle_simulation/install/debug_pkg/share/debug_pkg/package.dsv'
[1.283s] INFO:colcon.colcon_core.shell:Creating package script '/home/amrl_sunny/ros2_autonomous_vehicle_simulation/install/debug_pkg/share/debug_pkg/package.sh'
[1.283s] INFO:colcon.colcon_core.shell:Creating package script '/home/amrl_sunny/ros2_autonomous_vehicle_simulation/install/debug_pkg/share/debug_pkg/package.bash'
[1.283s] INFO:colcon.colcon_core.shell:Creating package script '/home/amrl_sunny/ros2_autonomous_vehicle_simulation/install/debug_pkg/share/debug_pkg/package.zsh'
[1.283s] Level 1:colcon.colcon_core.environment:create_file_with_runtime_dependencies(/home/amrl_sunny/ros2_autonomous_vehicle_simulation/install/debug_pkg/share/colcon-core/packages/debug_pkg)
[1.284s] Level 1:colcon.colcon_core.shell:create_environment_hook('camera_perception_pkg', 'pythonpath_develop')
[1.285s] INFO:colcon.colcon_core.shell:Creating environment hook '/home/amrl_sunny/ros2_autonomous_vehicle_simulation/build/camera_perception_pkg/share/camera_perception_pkg/hook/pythonpath_develop.ps1'
[1.285s] DEBUG:colcon.colcon_core.event_handler.log_command:Invoked command in '/home/amrl_sunny/ros2_autonomous_vehicle_simulation/build/camera_perception_pkg' returned '0': PYTHONPATH=/home/amrl_sunny/ros2_autonomous_vehicle_simulation/build/camera_perception_pkg/prefix_override:/usr/lib/python3/dist-packages/colcon_core/task/python/colcon_distutils_commands:/home/amrl_sunny/ros2_autonomous_vehicle_simulation/install/camera_perception_pkg/lib/python3.10/site-packages:${PYTHONPATH} /usr/bin/python3 -W ignore:setup.py install is deprecated -W ignore:easy_install command is deprecated setup.py develop --editable --build-directory /home/amrl_sunny/ros2_autonomous_vehicle_simulation/build/camera_perception_pkg/build --no-deps symlink_data
[1.285s] INFO:colcon.colcon_core.shell:Creating environment descriptor '/home/amrl_sunny/ros2_autonomous_vehicle_simulation/build/camera_perception_pkg/share/camera_perception_pkg/hook/pythonpath_develop.dsv'
[1.285s] INFO:colcon.colcon_core.shell:Creating environment hook '/home/amrl_sunny/ros2_autonomous_vehicle_simulation/build/camera_perception_pkg/share/camera_perception_pkg/hook/pythonpath_develop.sh'
[1.285s] Level 1:colcon.colcon_core.environment:checking '/home/amrl_sunny/ros2_autonomous_vehicle_simulation/install/camera_perception_pkg' for CMake module files
[1.286s] Level 1:colcon.colcon_core.environment:checking '/home/amrl_sunny/ros2_autonomous_vehicle_simulation/install/camera_perception_pkg' for CMake config files
[1.286s] Level 1:colcon.colcon_core.environment:checking '/home/amrl_sunny/ros2_autonomous_vehicle_simulation/install/camera_perception_pkg/lib'
[1.286s] Level 1:colcon.colcon_core.environment:checking '/home/amrl_sunny/ros2_autonomous_vehicle_simulation/install/camera_perception_pkg/bin'
[1.286s] Level 1:colcon.colcon_core.environment:checking '/home/amrl_sunny/ros2_autonomous_vehicle_simulation/install/camera_perception_pkg/lib/pkgconfig/camera_perception_pkg.pc'
[1.286s] Level 1:colcon.colcon_core.environment:checking '/home/amrl_sunny/ros2_autonomous_vehicle_simulation/install/camera_perception_pkg/lib/python3.10/site-packages'
[1.286s] Level 1:colcon.colcon_core.shell:create_environment_hook('camera_perception_pkg', 'pythonpath')
[1.286s] INFO:colcon.colcon_core.shell:Creating environment hook '/home/amrl_sunny/ros2_autonomous_vehicle_simulation/install/camera_perception_pkg/share/camera_perception_pkg/hook/pythonpath.ps1'
[1.286s] INFO:colcon.colcon_core.shell:Creating environment descriptor '/home/amrl_sunny/ros2_autonomous_vehicle_simulation/install/camera_perception_pkg/share/camera_perception_pkg/hook/pythonpath.dsv'
[1.286s] INFO:colcon.colcon_core.shell:Creating environment hook '/home/amrl_sunny/ros2_autonomous_vehicle_simulation/install/camera_perception_pkg/share/camera_perception_pkg/hook/pythonpath.sh'
[1.287s] Level 1:colcon.colcon_core.environment:checking '/home/amrl_sunny/ros2_autonomous_vehicle_simulation/install/camera_perception_pkg/bin'
[1.287s] Level 1:colcon.colcon_core.environment:create_environment_scripts_only(camera_perception_pkg)
[1.287s] INFO:colcon.colcon_core.shell:Creating package script '/home/amrl_sunny/ros2_autonomous_vehicle_simulation/install/camera_perception_pkg/share/camera_perception_pkg/package.ps1'
[1.287s] INFO:colcon.colcon_core.shell:Creating package descriptor '/home/amrl_sunny/ros2_autonomous_vehicle_simulation/install/camera_perception_pkg/share/camera_perception_pkg/package.dsv'
[1.287s] INFO:colcon.colcon_core.shell:Creating package script '/home/amrl_sunny/ros2_autonomous_vehicle_simulation/install/camera_perception_pkg/share/camera_perception_pkg/package.sh'
[1.287s] INFO:colcon.colcon_core.shell:Creating package script '/home/amrl_sunny/ros2_autonomous_vehicle_simulation/install/camera_perception_pkg/share/camera_perception_pkg/package.bash'
[1.288s] INFO:colcon.colcon_core.shell:Creating package script '/home/amrl_sunny/ros2_autonomous_vehicle_simulation/install/camera_perception_pkg/share/camera_perception_pkg/package.zsh'
[1.288s] Level 1:colcon.colcon_core.environment:create_file_with_runtime_dependencies(/home/amrl_sunny/ros2_autonomous_vehicle_simulation/install/camera_perception_pkg/share/colcon-core/packages/camera_perception_pkg)
[1.288s] Level 1:colcon.colcon_core.shell:create_environment_hook('decision_making_pkg', 'pythonpath_develop')
[1.288s] INFO:colcon.colcon_core.shell:Creating environment hook '/home/amrl_sunny/ros2_autonomous_vehicle_simulation/build/decision_making_pkg/share/decision_making_pkg/hook/pythonpath_develop.ps1'
[1.288s] INFO:colcon.colcon_core.shell:Creating environment descriptor '/home/amrl_sunny/ros2_autonomous_vehicle_simulation/build/decision_making_pkg/share/decision_making_pkg/hook/pythonpath_develop.dsv'
[1.288s] INFO:colcon.colcon_core.shell:Creating environment hook '/home/amrl_sunny/ros2_autonomous_vehicle_simulation/build/decision_making_pkg/share/decision_making_pkg/hook/pythonpath_develop.sh'
[1.289s] DEBUG:colcon.colcon_core.event_handler.log_command:Invoked command in '/home/amrl_sunny/ros2_autonomous_vehicle_simulation/build/decision_making_pkg' returned '0': PYTHONPATH=/home/amrl_sunny/ros2_autonomous_vehicle_simulation/build/decision_making_pkg/prefix_override:/usr/lib/python3/dist-packages/colcon_core/task/python/colcon_distutils_commands:/home/amrl_sunny/ros2_autonomous_vehicle_simulation/install/decision_making_pkg/lib/python3.10/site-packages:${PYTHONPATH} /usr/bin/python3 -W ignore:setup.py install is deprecated -W ignore:easy_install command is deprecated setup.py develop --editable --build-directory /home/amrl_sunny/ros2_autonomous_vehicle_simulation/build/decision_making_pkg/build --no-deps symlink_data
[1.289s] Level 1:colcon.colcon_core.environment:checking '/home/amrl_sunny/ros2_autonomous_vehicle_simulation/install/decision_making_pkg' for CMake module files
[1.289s] Level 1:colcon.colcon_core.environment:checking '/home/amrl_sunny/ros2_autonomous_vehicle_simulation/install/decision_making_pkg' for CMake config files
[1.289s] Level 1:colcon.colcon_core.environment:checking '/home/amrl_sunny/ros2_autonomous_vehicle_simulation/install/decision_making_pkg/lib'
[1.289s] Level 1:colcon.colcon_core.environment:checking '/home/amrl_sunny/ros2_autonomous_vehicle_simulation/install/decision_making_pkg/bin'
[1.289s] Level 1:colcon.colcon_core.environment:checking '/home/amrl_sunny/ros2_autonomous_vehicle_simulation/install/decision_making_pkg/lib/pkgconfig/decision_making_pkg.pc'
[1.289s] Level 1:colcon.colcon_core.environment:checking '/home/amrl_sunny/ros2_autonomous_vehicle_simulation/install/decision_making_pkg/lib/python3.10/site-packages'
[1.289s] Level 1:colcon.colcon_core.shell:create_environment_hook('decision_making_pkg', 'pythonpath')
[1.289s] INFO:colcon.colcon_core.shell:Creating environment hook '/home/amrl_sunny/ros2_autonomous_vehicle_simulation/install/decision_making_pkg/share/decision_making_pkg/hook/pythonpath.ps1'
[1.290s] INFO:colcon.colcon_core.shell:Creating environment descriptor '/home/amrl_sunny/ros2_autonomous_vehicle_simulation/install/decision_making_pkg/share/decision_making_pkg/hook/pythonpath.dsv'
[1.290s] INFO:colcon.colcon_core.shell:Creating environment hook '/home/amrl_sunny/ros2_autonomous_vehicle_simulation/install/decision_making_pkg/share/decision_making_pkg/hook/pythonpath.sh'
[1.290s] Level 1:colcon.colcon_core.environment:checking '/home/amrl_sunny/ros2_autonomous_vehicle_simulation/install/decision_making_pkg/bin'
[1.290s] Level 1:colcon.colcon_core.environment:create_environment_scripts_only(decision_making_pkg)
[1.290s] INFO:colcon.colcon_core.shell:Creating package script '/home/amrl_sunny/ros2_autonomous_vehicle_simulation/install/decision_making_pkg/share/decision_making_pkg/package.ps1'
[1.290s] INFO:colcon.colcon_core.shell:Creating package descriptor '/home/amrl_sunny/ros2_autonomous_vehicle_simulation/install/decision_making_pkg/share/decision_making_pkg/package.dsv'
[1.291s] INFO:colcon.colcon_core.shell:Creating package script '/home/amrl_sunny/ros2_autonomous_vehicle_simulation/install/decision_making_pkg/share/decision_making_pkg/package.sh'
[1.291s] INFO:colcon.colcon_core.shell:Creating package script '/home/amrl_sunny/ros2_autonomous_vehicle_simulation/install/decision_making_pkg/share/decision_making_pkg/package.bash'
[1.291s] INFO:colcon.colcon_core.shell:Creating package script '/home/amrl_sunny/ros2_autonomous_vehicle_simulation/install/decision_making_pkg/share/decision_making_pkg/package.zsh'
[1.291s] Level 1:colcon.colcon_core.environment:create_file_with_runtime_dependencies(/home/amrl_sunny/ros2_autonomous_vehicle_simulation/install/decision_making_pkg/share/colcon-core/packages/decision_making_pkg)
[1.291s] INFO:colcon.colcon_ros.task.ament_python.build:Building ROS package in '/home/amrl_sunny/ros2_autonomous_vehicle_simulation/src/simulation_pkg' with build type 'ament_python'
[1.291s] Level 1:colcon.colcon_core.shell:create_environment_hook('simulation_pkg', 'ament_prefix_path')
[1.292s] INFO:colcon.colcon_core.shell:Creating environment hook '/home/amrl_sunny/ros2_autonomous_vehicle_simulation/install/simulation_pkg/share/simulation_pkg/hook/ament_prefix_path.ps1'
[1.292s] INFO:colcon.colcon_core.shell:Creating environment descriptor '/home/amrl_sunny/ros2_autonomous_vehicle_simulation/install/simulation_pkg/share/simulation_pkg/hook/ament_prefix_path.dsv'
[1.292s] INFO:colcon.colcon_core.shell:Creating environment hook '/home/amrl_sunny/ros2_autonomous_vehicle_simulation/install/simulation_pkg/share/simulation_pkg/hook/ament_prefix_path.sh'
[1.292s] INFO:colcon.colcon_core.shell:Skip shell extension 'powershell' for command environment: Not usable outside of PowerShell
[1.292s] DEBUG:colcon.colcon_core.shell:Skip shell extension 'dsv' for command environment
[1.294s] Level 1:colcon.colcon_core.shell:create_environment_hook('lidar_perception_pkg', 'pythonpath_develop')
[1.294s] DEBUG:colcon.colcon_core.event_handler.log_command:Invoked command in '/home/amrl_sunny/ros2_autonomous_vehicle_simulation/build/lidar_perception_pkg' returned '0': PYTHONPATH=/home/amrl_sunny/ros2_autonomous_vehicle_simulation/build/lidar_perception_pkg/prefix_override:/usr/lib/python3/dist-packages/colcon_core/task/python/colcon_distutils_commands:/home/amrl_sunny/ros2_autonomous_vehicle_simulation/install/lidar_perception_pkg/lib/python3.10/site-packages:${PYTHONPATH} /usr/bin/python3 -W ignore:setup.py install is deprecated -W ignore:easy_install command is deprecated setup.py develop --editable --build-directory /home/amrl_sunny/ros2_autonomous_vehicle_simulation/build/lidar_perception_pkg/build --no-deps symlink_data
[1.295s] INFO:colcon.colcon_core.shell:Creating environment hook '/home/amrl_sunny/ros2_autonomous_vehicle_simulation/build/lidar_perception_pkg/share/lidar_perception_pkg/hook/pythonpath_develop.ps1'
[1.295s] INFO:colcon.colcon_core.shell:Creating environment descriptor '/home/amrl_sunny/ros2_autonomous_vehicle_simulation/build/lidar_perception_pkg/share/lidar_perception_pkg/hook/pythonpath_develop.dsv'
[1.295s] INFO:colcon.colcon_core.shell:Creating environment hook '/home/amrl_sunny/ros2_autonomous_vehicle_simulation/build/lidar_perception_pkg/share/lidar_perception_pkg/hook/pythonpath_develop.sh'
[1.296s] Level 1:colcon.colcon_core.environment:checking '/home/amrl_sunny/ros2_autonomous_vehicle_simulation/install/lidar_perception_pkg' for CMake module files
[1.296s] Level 1:colcon.colcon_core.environment:checking '/home/amrl_sunny/ros2_autonomous_vehicle_simulation/install/lidar_perception_pkg' for CMake config files
[1.296s] Level 1:colcon.colcon_core.environment:checking '/home/amrl_sunny/ros2_autonomous_vehicle_simulation/install/lidar_perception_pkg/lib'
[1.296s] Level 1:colcon.colcon_core.environment:checking '/home/amrl_sunny/ros2_autonomous_vehicle_simulation/install/lidar_perception_pkg/bin'
[1.296s] Level 1:colcon.colcon_core.environment:checking '/home/amrl_sunny/ros2_autonomous_vehicle_simulation/install/lidar_perception_pkg/lib/pkgconfig/lidar_perception_pkg.pc'
[1.296s] Level 1:colcon.colcon_core.environment:checking '/home/amrl_sunny/ros2_autonomous_vehicle_simulation/install/lidar_perception_pkg/lib/python3.10/site-packages'
[1.296s] Level 1:colcon.colcon_core.shell:create_environment_hook('lidar_perception_pkg', 'pythonpath')
[1.296s] INFO:colcon.colcon_core.shell:Creating environment hook '/home/amrl_sunny/ros2_autonomous_vehicle_simulation/install/lidar_perception_pkg/share/lidar_perception_pkg/hook/pythonpath.ps1'
[1.296s] INFO:colcon.colcon_core.shell:Creating environment descriptor '/home/amrl_sunny/ros2_autonomous_vehicle_simulation/install/lidar_perception_pkg/share/lidar_perception_pkg/hook/pythonpath.dsv'
[1.296s] INFO:colcon.colcon_core.shell:Creating environment hook '/home/amrl_sunny/ros2_autonomous_vehicle_simulation/install/lidar_perception_pkg/share/lidar_perception_pkg/hook/pythonpath.sh'
[1.297s] Level 1:colcon.colcon_core.environment:checking '/home/amrl_sunny/ros2_autonomous_vehicle_simulation/install/lidar_perception_pkg/bin'
[1.297s] Level 1:colcon.colcon_core.environment:create_environment_scripts_only(lidar_perception_pkg)
[1.297s] INFO:colcon.colcon_core.shell:Creating package script '/home/amrl_sunny/ros2_autonomous_vehicle_simulation/install/lidar_perception_pkg/share/lidar_perception_pkg/package.ps1'
[1.297s] INFO:colcon.colcon_core.shell:Creating package descriptor '/home/amrl_sunny/ros2_autonomous_vehicle_simulation/install/lidar_perception_pkg/share/lidar_perception_pkg/package.dsv'
[1.297s] INFO:colcon.colcon_core.shell:Creating package script '/home/amrl_sunny/ros2_autonomous_vehicle_simulation/install/lidar_perception_pkg/share/lidar_perception_pkg/package.sh'
[1.297s] INFO:colcon.colcon_core.shell:Creating package script '/home/amrl_sunny/ros2_autonomous_vehicle_simulation/install/lidar_perception_pkg/share/lidar_perception_pkg/package.bash'
[1.298s] INFO:colcon.colcon_core.shell:Creating package script '/home/amrl_sunny/ros2_autonomous_vehicle_simulation/install/lidar_perception_pkg/share/lidar_perception_pkg/package.zsh'
[1.298s] Level 1:colcon.colcon_core.environment:create_file_with_runtime_dependencies(/home/amrl_sunny/ros2_autonomous_vehicle_simulation/install/lidar_perception_pkg/share/colcon-core/packages/lidar_perception_pkg)
[1.441s] INFO:colcon.colcon_core.task.python.build:Building Python package in '/home/amrl_sunny/ros2_autonomous_vehicle_simulation/src/simulation_pkg'
[1.442s] INFO:colcon.colcon_core.shell:Skip shell extension 'powershell' for command environment: Not usable outside of PowerShell
[1.442s] DEBUG:colcon.colcon_core.shell:Skip shell extension 'dsv' for command environment
[1.628s] DEBUG:colcon.colcon_core.event_handler.log_command:Invoking command in '/home/amrl_sunny/ros2_autonomous_vehicle_simulation/build/simulation_pkg': AMENT_PREFIX_PATH=/home/amrl_sunny/ros2_autonomous_vehicle_simulation/install/decision_making_pkg:/home/amrl_sunny/ros2_autonomous_vehicle_simulation/install/debug_pkg:/home/amrl_sunny/ros2_autonomous_vehicle_simulation/install/camera_perception_pkg:/home/amrl_sunny/ros2_autonomous_vehicle_simulation/install/simulation_pkg:/home/amrl_sunny/ros2_autonomous_vehicle_simulation/install/interfaces_pkg:/home/amrl_sunny/2025_jacapdi/install/simulation_pkg:/home/amrl_sunny/2025_jacapdi/install/debug_pkg:/home/amrl_sunny/2025_jacapdi/install/decision_making_pkg:/home/amrl_sunny/2025_jacapdi/install/camera_perception_pkg:/opt/ros/humble PYTHONPATH=/home/amrl_sunny/ros2_autonomous_vehicle_simulation/build/simulation_pkg/prefix_override:/usr/lib/python3/dist-packages/colcon_core/task/python/colcon_distutils_commands:/home/amrl_sunny/ros2_autonomous_vehicle_simulation/install/simulation_pkg/lib/python3.10/site-packages:/home/amrl_sunny/ros2_autonomous_vehicle_simulation/build/decision_making_pkg:/home/amrl_sunny/ros2_autonomous_vehicle_simulation/install/decision_making_pkg/lib/python3.10/site-packages:/home/amrl_sunny/ros2_autonomous_vehicle_simulation/build/debug_pkg:/home/amrl_sunny/ros2_autonomous_vehicle_simulation/install/debug_pkg/lib/python3.10/site-packages:/home/amrl_sunny/ros2_autonomous_vehicle_simulation/build/camera_perception_pkg:/home/amrl_sunny/ros2_autonomous_vehicle_simulation/install/camera_perception_pkg/lib/python3.10/site-packages:/home/amrl_sunny/ros2_autonomous_vehicle_simulation/build/simulation_pkg:/home/amrl_sunny/ros2_autonomous_vehicle_simulation/install/simulation_pkg/lib/python3.10/site-packages:/home/amrl_sunny/ros2_autonomous_vehicle_simulation/install/interfaces_pkg/local/lib/python3.10/dist-packages:/home/amrl_sunny/2025_jacapdi/build/simulation_pkg:/home/amrl_sunny/2025_jacapdi/install/simulation_pkg/lib/python3.10/site-packages:/home/amrl_sunny/2025_jacapdi/build/debug_pkg:/home/amrl_sunny/2025_jacapdi/install/debug_pkg/lib/python3.10/site-packages:/home/amrl_sunny/2025_jacapdi/build/decision_making_pkg:/home/amrl_sunny/2025_jacapdi/install/decision_making_pkg/lib/python3.10/site-packages:/home/amrl_sunny/2025_jacapdi/build/camera_perception_pkg:/home/amrl_sunny/2025_jacapdi/install/camera_perception_pkg/lib/python3.10/site-packages:/opt/ros/humble/lib/python3.10/site-packages:/opt/ros/humble/local/lib/python3.10/dist-packages /usr/bin/python3 -W ignore:setup.py install is deprecated -W ignore:easy_install command is deprecated setup.py develop --editable --build-directory /home/amrl_sunny/ros2_autonomous_vehicle_simulation/build/simulation_pkg/build --no-deps symlink_data
[1.877s] Level 1:colcon.colcon_core.shell:create_environment_hook('simulation_pkg', 'pythonpath_develop')
[1.878s] DEBUG:colcon.colcon_core.event_handler.log_command:Invoked command in '/home/amrl_sunny/ros2_autonomous_vehicle_simulation/build/simulation_pkg' returned '0': AMENT_PREFIX_PATH=/home/amrl_sunny/ros2_autonomous_vehicle_simulation/install/decision_making_pkg:/home/amrl_sunny/ros2_autonomous_vehicle_simulation/install/debug_pkg:/home/amrl_sunny/ros2_autonomous_vehicle_simulation/install/camera_perception_pkg:/home/amrl_sunny/ros2_autonomous_vehicle_simulation/install/simulation_pkg:/home/amrl_sunny/ros2_autonomous_vehicle_simulation/install/interfaces_pkg:/home/amrl_sunny/2025_jacapdi/install/simulation_pkg:/home/amrl_sunny/2025_jacapdi/install/debug_pkg:/home/amrl_sunny/2025_jacapdi/install/decision_making_pkg:/home/amrl_sunny/2025_jacapdi/install/camera_perception_pkg:/opt/ros/humble PYTHONPATH=/home/amrl_sunny/ros2_autonomous_vehicle_simulation/build/simulation_pkg/prefix_override:/usr/lib/python3/dist-packages/colcon_core/task/python/colcon_distutils_commands:/home/amrl_sunny/ros2_autonomous_vehicle_simulation/install/simulation_pkg/lib/python3.10/site-packages:/home/amrl_sunny/ros2_autonomous_vehicle_simulation/build/decision_making_pkg:/home/amrl_sunny/ros2_autonomous_vehicle_simulation/install/decision_making_pkg/lib/python3.10/site-packages:/home/amrl_sunny/ros2_autonomous_vehicle_simulation/build/debug_pkg:/home/amrl_sunny/ros2_autonomous_vehicle_simulation/install/debug_pkg/lib/python3.10/site-packages:/home/amrl_sunny/ros2_autonomous_vehicle_simulation/build/camera_perception_pkg:/home/amrl_sunny/ros2_autonomous_vehicle_simulation/install/camera_perception_pkg/lib/python3.10/site-packages:/home/amrl_sunny/ros2_autonomous_vehicle_simulation/build/simulation_pkg:/home/amrl_sunny/ros2_autonomous_vehicle_simulation/install/simulation_pkg/lib/python3.10/site-packages:/home/amrl_sunny/ros2_autonomous_vehicle_simulation/install/interfaces_pkg/local/lib/python3.10/dist-packages:/home/amrl_sunny/2025_jacapdi/build/simulation_pkg:/home/amrl_sunny/2025_jacapdi/install/simulation_pkg/lib/python3.10/site-packages:/home/amrl_sunny/2025_jacapdi/build/debug_pkg:/home/amrl_sunny/2025_jacapdi/install/debug_pkg/lib/python3.10/site-packages:/home/amrl_sunny/2025_jacapdi/build/decision_making_pkg:/home/amrl_sunny/2025_jacapdi/install/decision_making_pkg/lib/python3.10/site-packages:/home/amrl_sunny/2025_jacapdi/build/camera_perception_pkg:/home/amrl_sunny/2025_jacapdi/install/camera_perception_pkg/lib/python3.10/site-packages:/opt/ros/humble/lib/python3.10/site-packages:/opt/ros/humble/local/lib/python3.10/dist-packages /usr/bin/python3 -W ignore:setup.py install is deprecated -W ignore:easy_install command is deprecated setup.py develop --editable --build-directory /home/amrl_sunny/ros2_autonomous_vehicle_simulation/build/simulation_pkg/build --no-deps symlink_data
[1.878s] INFO:colcon.colcon_core.shell:Creating environment hook '/home/amrl_sunny/ros2_autonomous_vehicle_simulation/build/simulation_pkg/share/simulation_pkg/hook/pythonpath_develop.ps1'
[1.879s] INFO:colcon.colcon_core.shell:Creating environment descriptor '/home/amrl_sunny/ros2_autonomous_vehicle_simulation/build/simulation_pkg/share/simulation_pkg/hook/pythonpath_develop.dsv'
[1.879s] INFO:colcon.colcon_core.shell:Creating environment hook '/home/amrl_sunny/ros2_autonomous_vehicle_simulation/build/simulation_pkg/share/simulation_pkg/hook/pythonpath_develop.sh'
[1.879s] Level 1:colcon.colcon_core.environment:checking '/home/amrl_sunny/ros2_autonomous_vehicle_simulation/install/simulation_pkg' for CMake module files
[1.879s] Level 1:colcon.colcon_core.environment:checking '/home/amrl_sunny/ros2_autonomous_vehicle_simulation/install/simulation_pkg' for CMake config files
[1.880s] Level 1:colcon.colcon_core.environment:checking '/home/amrl_sunny/ros2_autonomous_vehicle_simulation/install/simulation_pkg/lib'
[1.880s] Level 1:colcon.colcon_core.environment:checking '/home/amrl_sunny/ros2_autonomous_vehicle_simulation/install/simulation_pkg/bin'
[1.880s] Level 1:colcon.colcon_core.environment:checking '/home/amrl_sunny/ros2_autonomous_vehicle_simulation/install/simulation_pkg/lib/pkgconfig/simulation_pkg.pc'
[1.880s] Level 1:colcon.colcon_core.environment:checking '/home/amrl_sunny/ros2_autonomous_vehicle_simulation/install/simulation_pkg/lib/python3.10/site-packages'
[1.880s] Level 1:colcon.colcon_core.shell:create_environment_hook('simulation_pkg', 'pythonpath')
[1.880s] INFO:colcon.colcon_core.shell:Creating environment hook '/home/amrl_sunny/ros2_autonomous_vehicle_simulation/install/simulation_pkg/share/simulation_pkg/hook/pythonpath.ps1'
[1.880s] INFO:colcon.colcon_core.shell:Creating environment descriptor '/home/amrl_sunny/ros2_autonomous_vehicle_simulation/install/simulation_pkg/share/simulation_pkg/hook/pythonpath.dsv'
[1.881s] INFO:colcon.colcon_core.shell:Creating environment hook '/home/amrl_sunny/ros2_autonomous_vehicle_simulation/install/simulation_pkg/share/simulation_pkg/hook/pythonpath.sh'
[1.881s] Level 1:colcon.colcon_core.environment:checking '/home/amrl_sunny/ros2_autonomous_vehicle_simulation/install/simulation_pkg/bin'
[1.881s] Level 1:colcon.colcon_core.environment:create_environment_scripts_only(simulation_pkg)
[1.881s] INFO:colcon.colcon_core.shell:Creating package script '/home/amrl_sunny/ros2_autonomous_vehicle_simulation/install/simulation_pkg/share/simulation_pkg/package.ps1'
[1.881s] INFO:colcon.colcon_core.shell:Creating package descriptor '/home/amrl_sunny/ros2_autonomous_vehicle_simulation/install/simulation_pkg/share/simulation_pkg/package.dsv'
[1.881s] INFO:colcon.colcon_core.shell:Creating package script '/home/amrl_sunny/ros2_autonomous_vehicle_simulation/install/simulation_pkg/share/simulation_pkg/package.sh'
[1.882s] INFO:colcon.colcon_core.shell:Creating package script '/home/amrl_sunny/ros2_autonomous_vehicle_simulation/install/simulation_pkg/share/simulation_pkg/package.bash'
[1.882s] INFO:colcon.colcon_core.shell:Creating package script '/home/amrl_sunny/ros2_autonomous_vehicle_simulation/install/simulation_pkg/share/simulation_pkg/package.zsh'
[1.882s] Level 1:colcon.colcon_core.environment:create_file_with_runtime_dependencies(/home/amrl_sunny/ros2_autonomous_vehicle_simulation/install/simulation_pkg/share/colcon-core/packages/simulation_pkg)
[1.882s] DEBUG:colcon.colcon_parallel_executor.executor.parallel:closing loop
[1.882s] DEBUG:colcon.colcon_parallel_executor.executor.parallel:loop closed
[1.882s] DEBUG:colcon.colcon_parallel_executor.executor.parallel:run_until_complete finished with '0'
[1.882s] DEBUG:colcon.colcon_core.event_reactor:joining thread
[1.885s] INFO:colcon.colcon_core.plugin_system:Skipping extension 'colcon_notification.desktop_notification.terminal_notifier': Not used on non-Darwin systems
[1.885s] INFO:colcon.colcon_core.plugin_system:Skipping extension 'colcon_notification.desktop_notification.win32': Not used on non-Windows systems
[1.885s] INFO:colcon.colcon_notification.desktop_notification:Sending desktop notification using 'notify2'
[1.907s] DEBUG:colcon.colcon_core.event_reactor:joined thread
[1.907s] INFO:colcon.colcon_core.shell:Creating prefix script '/home/amrl_sunny/ros2_autonomous_vehicle_simulation/install/local_setup.ps1'
[1.909s] INFO:colcon.colcon_core.shell:Creating prefix util module '/home/amrl_sunny/ros2_autonomous_vehicle_simulation/install/_local_setup_util_ps1.py'
[1.910s] INFO:colcon.colcon_core.shell:Creating prefix chain script '/home/amrl_sunny/ros2_autonomous_vehicle_simulation/install/setup.ps1'
[1.912s] INFO:colcon.colcon_core.shell:Creating prefix script '/home/amrl_sunny/ros2_autonomous_vehicle_simulation/install/local_setup.sh'
[1.912s] INFO:colcon.colcon_core.shell:Creating prefix util module '/home/amrl_sunny/ros2_autonomous_vehicle_simulation/install/_local_setup_util_sh.py'
[1.913s] INFO:colcon.colcon_core.shell:Creating prefix chain script '/home/amrl_sunny/ros2_autonomous_vehicle_simulation/install/setup.sh'
[1.914s] INFO:colcon.colcon_core.shell:Creating prefix script '/home/amrl_sunny/ros2_autonomous_vehicle_simulation/install/local_setup.bash'
[1.914s] INFO:colcon.colcon_core.shell:Creating prefix chain script '/home/amrl_sunny/ros2_autonomous_vehicle_simulation/install/setup.bash'
[1.915s] INFO:colcon.colcon_core.shell:Creating prefix script '/home/amrl_sunny/ros2_autonomous_vehicle_simulation/install/local_setup.zsh'
[1.915s] INFO:colcon.colcon_core.shell:Creating prefix chain script '/home/amrl_sunny/ros2_autonomous_vehicle_simulation/install/setup.zsh'
