[0.067s] DEBUG:colcon:Command line arguments: ['/usr/bin/colcon', 'build', '--symlink-install']
[0.067s] DEBUG:colcon:Parsed command line arguments: Namespace(log_base=None, log_level=None, verb_name='build', build_base='build', install_base='install', merge_install=False, symlink_install=True, test_result_base=None, continue_on_error=False, executor='parallel', parallel_workers=20, event_handlers=None, ignore_user_meta=False, metas=['./colcon.meta'], base_paths=['.'], packages_ignore=None, packages_ignore_regex=None, paths=None, packages_up_to=None, packages_up_to_regex=None, packages_above=None, packages_above_and_dependencies=None, packages_above_depth=None, packages_select_by_dep=None, packages_skip_by_dep=None, packages_skip_up_to=None, packages_select_build_failed=False, packages_skip_build_finished=False, packages_select_test_failures=False, packages_skip_test_passed=False, packages_select=None, packages_skip=None, packages_select_regex=None, packages_skip_regex=None, packages_start=None, packages_end=None, allow_overriding=[], cmake_args=None, cmake_target=None, cmake_target_skip_unavailable=False, cmake_clean_cache=False, cmake_clean_first=False, cmake_force_configure=False, ament_cmake_args=None, catkin_cmake_args=None, catkin_skip_building_tests=False, mixin_files=None, mixin=None, verb_parser=<colcon_mixin.mixin.mixin_argument.MixinArgumentDecorator object at 0x70dafe296dd0>, verb_extension=<colcon_core.verb.build.BuildVerb object at 0x70dafe296800>, main=<bound method BuildVerb.main of <colcon_core.verb.build.BuildVerb object at 0x70dafe296800>>, mixin_verb=('build',))
[0.178s] Level 1:colcon.colcon_core.package_discovery:discover_packages(colcon_meta) check parameters
[0.178s] Level 1:colcon.colcon_core.package_discovery:discover_packages(recursive) check parameters
[0.178s] Level 1:colcon.colcon_core.package_discovery:discover_packages(ignore) check parameters
[0.178s] Level 1:colcon.colcon_core.package_discovery:discover_packages(path) check parameters
[0.178s] Level 1:colcon.colcon_core.package_discovery:discover_packages(colcon_meta) discover
[0.178s] Level 1:colcon.colcon_core.package_discovery:discover_packages(recursive) discover
[0.179s] INFO:colcon.colcon_core.package_discovery:Crawling recursively for packages in '/home/amrl_sunny/ros2_autonomous_vehicle_simulation'
[0.179s] Level 1:colcon.colcon_core.package_identification:_identify(.) by extensions ['ignore', 'ignore_ament_install']
[0.179s] Level 1:colcon.colcon_core.package_identification:_identify(.) by extension 'ignore'
[0.179s] Level 1:colcon.colcon_core.package_identification:_identify(.) by extension 'ignore_ament_install'
[0.179s] Level 1:colcon.colcon_core.package_identification:_identify(.) by extensions ['colcon_pkg']
[0.179s] Level 1:colcon.colcon_core.package_identification:_identify(.) by extension 'colcon_pkg'
[0.179s] Level 1:colcon.colcon_core.package_identification:_identify(.) by extensions ['colcon_meta']
[0.179s] Level 1:colcon.colcon_core.package_identification:_identify(.) by extension 'colcon_meta'
[0.179s] Level 1:colcon.colcon_core.package_identification:_identify(.) by extensions ['ros']
[0.179s] Level 1:colcon.colcon_core.package_identification:_identify(.) by extension 'ros'
[0.185s] Level 1:colcon.colcon_core.package_identification:_identify(.) by extensions ['cmake', 'python']
[0.185s] Level 1:colcon.colcon_core.package_identification:_identify(.) by extension 'cmake'
[0.185s] Level 1:colcon.colcon_core.package_identification:_identify(.) by extension 'python'
[0.185s] Level 1:colcon.colcon_core.package_identification:_identify(.) by extensions ['python_setup_py']
[0.185s] Level 1:colcon.colcon_core.package_identification:_identify(.) by extension 'python_setup_py'
[0.186s] Level 1:colcon.colcon_core.package_identification:_identify(build) by extensions ['ignore', 'ignore_ament_install']
[0.186s] Level 1:colcon.colcon_core.package_identification:_identify(build) by extension 'ignore'
[0.186s] Level 1:colcon.colcon_core.package_identification:_identify(build) ignored
[0.186s] Level 1:colcon.colcon_core.package_identification:_identify(install) by extensions ['ignore', 'ignore_ament_install']
[0.186s] Level 1:colcon.colcon_core.package_identification:_identify(install) by extension 'ignore'
[0.186s] Level 1:colcon.colcon_core.package_identification:_identify(install) ignored
[0.186s] Level 1:colcon.colcon_core.package_identification:_identify(log) by extensions ['ignore', 'ignore_ament_install']
[0.186s] Level 1:colcon.colcon_core.package_identification:_identify(log) by extension 'ignore'
[0.186s] Level 1:colcon.colcon_core.package_identification:_identify(log) ignored
[0.186s] Level 1:colcon.colcon_core.package_identification:_identify(src) by extensions ['ignore', 'ignore_ament_install']
[0.186s] Level 1:colcon.colcon_core.package_identification:_identify(src) by extension 'ignore'
[0.186s] Level 1:colcon.colcon_core.package_identification:_identify(src) by extension 'ignore_ament_install'
[0.186s] Level 1:colcon.colcon_core.package_identification:_identify(src) by extensions ['colcon_pkg']
[0.186s] Level 1:colcon.colcon_core.package_identification:_identify(src) by extension 'colcon_pkg'
[0.186s] Level 1:colcon.colcon_core.package_identification:_identify(src) by extensions ['colcon_meta']
[0.186s] Level 1:colcon.colcon_core.package_identification:_identify(src) by extension 'colcon_meta'
[0.186s] Level 1:colcon.colcon_core.package_identification:_identify(src) by extensions ['ros']
[0.186s] Level 1:colcon.colcon_core.package_identification:_identify(src) by extension 'ros'
[0.186s] Level 1:colcon.colcon_core.package_identification:_identify(src) by extensions ['cmake', 'python']
[0.186s] Level 1:colcon.colcon_core.package_identification:_identify(src) by extension 'cmake'
[0.186s] Level 1:colcon.colcon_core.package_identification:_identify(src) by extension 'python'
[0.186s] Level 1:colcon.colcon_core.package_identification:_identify(src) by extensions ['python_setup_py']
[0.186s] Level 1:colcon.colcon_core.package_identification:_identify(src) by extension 'python_setup_py'
[0.186s] Level 1:colcon.colcon_core.package_identification:_identify(src/camera_perception_pkg) by extensions ['ignore', 'ignore_ament_install']
[0.186s] Level 1:colcon.colcon_core.package_identification:_identify(src/camera_perception_pkg) by extension 'ignore'
[0.186s] Level 1:colcon.colcon_core.package_identification:_identify(src/camera_perception_pkg) by extension 'ignore_ament_install'
[0.186s] Level 1:colcon.colcon_core.package_identification:_identify(src/camera_perception_pkg) by extensions ['colcon_pkg']
[0.186s] Level 1:colcon.colcon_core.package_identification:_identify(src/camera_perception_pkg) by extension 'colcon_pkg'
[0.186s] Level 1:colcon.colcon_core.package_identification:_identify(src/camera_perception_pkg) by extensions ['colcon_meta']
[0.186s] Level 1:colcon.colcon_core.package_identification:_identify(src/camera_perception_pkg) by extension 'colcon_meta'
[0.186s] Level 1:colcon.colcon_core.package_identification:_identify(src/camera_perception_pkg) by extensions ['ros']
[0.186s] Level 1:colcon.colcon_core.package_identification:_identify(src/camera_perception_pkg) by extension 'ros'
[0.188s] DEBUG:colcon.colcon_core.package_identification:Package 'src/camera_perception_pkg' with type 'ros.ament_python' and name 'camera_perception_pkg'
[0.188s] Level 1:colcon.colcon_core.package_identification:_identify(src/debug_pkg) by extensions ['ignore', 'ignore_ament_install']
[0.188s] Level 1:colcon.colcon_core.package_identification:_identify(src/debug_pkg) by extension 'ignore'
[0.188s] Level 1:colcon.colcon_core.package_identification:_identify(src/debug_pkg) by extension 'ignore_ament_install'
[0.188s] Level 1:colcon.colcon_core.package_identification:_identify(src/debug_pkg) by extensions ['colcon_pkg']
[0.188s] Level 1:colcon.colcon_core.package_identification:_identify(src/debug_pkg) by extension 'colcon_pkg'
[0.188s] Level 1:colcon.colcon_core.package_identification:_identify(src/debug_pkg) by extensions ['colcon_meta']
[0.188s] Level 1:colcon.colcon_core.package_identification:_identify(src/debug_pkg) by extension 'colcon_meta'
[0.188s] Level 1:colcon.colcon_core.package_identification:_identify(src/debug_pkg) by extensions ['ros']
[0.188s] Level 1:colcon.colcon_core.package_identification:_identify(src/debug_pkg) by extension 'ros'
[0.189s] DEBUG:colcon.colcon_core.package_identification:Package 'src/debug_pkg' with type 'ros.ament_python' and name 'debug_pkg'
[0.189s] Level 1:colcon.colcon_core.package_identification:_identify(src/decision_making_pkg) by extensions ['ignore', 'ignore_ament_install']
[0.189s] Level 1:colcon.colcon_core.package_identification:_identify(src/decision_making_pkg) by extension 'ignore'
[0.189s] Level 1:colcon.colcon_core.package_identification:_identify(src/decision_making_pkg) by extension 'ignore_ament_install'
[0.189s] Level 1:colcon.colcon_core.package_identification:_identify(src/decision_making_pkg) by extensions ['colcon_pkg']
[0.189s] Level 1:colcon.colcon_core.package_identification:_identify(src/decision_making_pkg) by extension 'colcon_pkg'
[0.189s] Level 1:colcon.colcon_core.package_identification:_identify(src/decision_making_pkg) by extensions ['colcon_meta']
[0.189s] Level 1:colcon.colcon_core.package_identification:_identify(src/decision_making_pkg) by extension 'colcon_meta'
[0.189s] Level 1:colcon.colcon_core.package_identification:_identify(src/decision_making_pkg) by extensions ['ros']
[0.189s] Level 1:colcon.colcon_core.package_identification:_identify(src/decision_making_pkg) by extension 'ros'
[0.189s] DEBUG:colcon.colcon_core.package_identification:Package 'src/decision_making_pkg' with type 'ros.ament_python' and name 'decision_making_pkg'
[0.189s] Level 1:colcon.colcon_core.package_identification:_identify(src/interfaces_pkg) by extensions ['ignore', 'ignore_ament_install']
[0.189s] Level 1:colcon.colcon_core.package_identification:_identify(src/interfaces_pkg) by extension 'ignore'
[0.189s] Level 1:colcon.colcon_core.package_identification:_identify(src/interfaces_pkg) by extension 'ignore_ament_install'
[0.189s] Level 1:colcon.colcon_core.package_identification:_identify(src/interfaces_pkg) by extensions ['colcon_pkg']
[0.189s] Level 1:colcon.colcon_core.package_identification:_identify(src/interfaces_pkg) by extension 'colcon_pkg'
[0.189s] Level 1:colcon.colcon_core.package_identification:_identify(src/interfaces_pkg) by extensions ['colcon_meta']
[0.189s] Level 1:colcon.colcon_core.package_identification:_identify(src/interfaces_pkg) by extension 'colcon_meta'
[0.189s] Level 1:colcon.colcon_core.package_identification:_identify(src/interfaces_pkg) by extensions ['ros']
[0.189s] Level 1:colcon.colcon_core.package_identification:_identify(src/interfaces_pkg) by extension 'ros'
[0.190s] DEBUG:colcon.colcon_core.package_identification:Package 'src/interfaces_pkg' with type 'ros.ament_cmake' and name 'interfaces_pkg'
[0.190s] Level 1:colcon.colcon_core.package_identification:_identify(src/lidar_perception_pkg) by extensions ['ignore', 'ignore_ament_install']
[0.190s] Level 1:colcon.colcon_core.package_identification:_identify(src/lidar_perception_pkg) by extension 'ignore'
[0.190s] Level 1:colcon.colcon_core.package_identification:_identify(src/lidar_perception_pkg) by extension 'ignore_ament_install'
[0.190s] Level 1:colcon.colcon_core.package_identification:_identify(src/lidar_perception_pkg) by extensions ['colcon_pkg']
[0.190s] Level 1:colcon.colcon_core.package_identification:_identify(src/lidar_perception_pkg) by extension 'colcon_pkg'
[0.190s] Level 1:colcon.colcon_core.package_identification:_identify(src/lidar_perception_pkg) by extensions ['colcon_meta']
[0.190s] Level 1:colcon.colcon_core.package_identification:_identify(src/lidar_perception_pkg) by extension 'colcon_meta'
[0.190s] Level 1:colcon.colcon_core.package_identification:_identify(src/lidar_perception_pkg) by extensions ['ros']
[0.190s] Level 1:colcon.colcon_core.package_identification:_identify(src/lidar_perception_pkg) by extension 'ros'
[0.190s] DEBUG:colcon.colcon_core.package_identification:Package 'src/lidar_perception_pkg' with type 'ros.ament_python' and name 'lidar_perception_pkg'
[0.190s] Level 1:colcon.colcon_core.package_identification:_identify(src/simulation_pkg) by extensions ['ignore', 'ignore_ament_install']
[0.190s] Level 1:colcon.colcon_core.package_identification:_identify(src/simulation_pkg) by extension 'ignore'
[0.190s] Level 1:colcon.colcon_core.package_identification:_identify(src/simulation_pkg) by extension 'ignore_ament_install'
[0.190s] Level 1:colcon.colcon_core.package_identification:_identify(src/simulation_pkg) by extensions ['colcon_pkg']
[0.190s] Level 1:colcon.colcon_core.package_identification:_identify(src/simulation_pkg) by extension 'colcon_pkg'
[0.190s] Level 1:colcon.colcon_core.package_identification:_identify(src/simulation_pkg) by extensions ['colcon_meta']
[0.190s] Level 1:colcon.colcon_core.package_identification:_identify(src/simulation_pkg) by extension 'colcon_meta'
[0.190s] Level 1:colcon.colcon_core.package_identification:_identify(src/simulation_pkg) by extensions ['ros']
[0.190s] Level 1:colcon.colcon_core.package_identification:_identify(src/simulation_pkg) by extension 'ros'
[0.191s] DEBUG:colcon.colcon_core.package_identification:Package 'src/simulation_pkg' with type 'ros.ament_python' and name 'simulation_pkg'
[0.191s] Level 1:colcon.colcon_core.package_discovery:discover_packages(recursive) using defaults
[0.191s] Level 1:colcon.colcon_core.package_discovery:discover_packages(ignore) discover
[0.191s] Level 1:colcon.colcon_core.package_discovery:discover_packages(ignore) using defaults
[0.191s] Level 1:colcon.colcon_core.package_discovery:discover_packages(path) discover
[0.191s] Level 1:colcon.colcon_core.package_discovery:discover_packages(path) using defaults
[0.203s] Level 1:colcon.colcon_core.package_discovery:discover_packages(prefix_path) check parameters
[0.203s] Level 1:colcon.colcon_core.package_discovery:discover_packages(prefix_path) discover
[0.204s] DEBUG:colcon.colcon_installed_package_information.package_discovery:Found 6 installed packages in /home/amrl_sunny/ros2_autonomous_vehicle_simulation/install
[0.204s] DEBUG:colcon.colcon_installed_package_information.package_discovery:Found 5 installed packages in /home/amrl_sunny/2025_jacapdi/install
[0.205s] DEBUG:colcon.colcon_installed_package_information.package_discovery:Found 279 installed packages in /opt/ros/humble
[0.206s] Level 1:colcon.colcon_core.package_discovery:discover_packages(prefix_path) using defaults
[0.224s] Level 5:colcon.colcon_core.verb:set package 'camera_perception_pkg' build argument 'cmake_args' from command line to 'None'
[0.224s] Level 5:colcon.colcon_core.verb:set package 'camera_perception_pkg' build argument 'cmake_target' from command line to 'None'
[0.224s] Level 5:colcon.colcon_core.verb:set package 'camera_perception_pkg' build argument 'cmake_target_skip_unavailable' from command line to 'False'
[0.224s] Level 5:colcon.colcon_core.verb:set package 'camera_perception_pkg' build argument 'cmake_clean_cache' from command line to 'False'
[0.224s] Level 5:colcon.colcon_core.verb:set package 'camera_perception_pkg' build argument 'cmake_clean_first' from command line to 'False'
[0.224s] Level 5:colcon.colcon_core.verb:set package 'camera_perception_pkg' build argument 'cmake_force_configure' from command line to 'False'
[0.224s] Level 5:colcon.colcon_core.verb:set package 'camera_perception_pkg' build argument 'ament_cmake_args' from command line to 'None'
[0.224s] Level 5:colcon.colcon_core.verb:set package 'camera_perception_pkg' build argument 'catkin_cmake_args' from command line to 'None'
[0.224s] Level 5:colcon.colcon_core.verb:set package 'camera_perception_pkg' build argument 'catkin_skip_building_tests' from command line to 'False'
[0.224s] DEBUG:colcon.colcon_core.verb:Building package 'camera_perception_pkg' with the following arguments: {'ament_cmake_args': None, 'build_base': '/home/amrl_sunny/ros2_autonomous_vehicle_simulation/build/camera_perception_pkg', 'catkin_cmake_args': None, 'catkin_skip_building_tests': False, 'cmake_args': None, 'cmake_clean_cache': False, 'cmake_clean_first': False, 'cmake_force_configure': False, 'cmake_target': None, 'cmake_target_skip_unavailable': False, 'install_base': '/home/amrl_sunny/ros2_autonomous_vehicle_simulation/install/camera_perception_pkg', 'merge_install': False, 'path': '/home/amrl_sunny/ros2_autonomous_vehicle_simulation/src/camera_perception_pkg', 'symlink_install': True, 'test_result_base': None}
[0.224s] Level 5:colcon.colcon_core.verb:set package 'debug_pkg' build argument 'cmake_args' from command line to 'None'
[0.224s] Level 5:colcon.colcon_core.verb:set package 'debug_pkg' build argument 'cmake_target' from command line to 'None'
[0.224s] Level 5:colcon.colcon_core.verb:set package 'debug_pkg' build argument 'cmake_target_skip_unavailable' from command line to 'False'
[0.224s] Level 5:colcon.colcon_core.verb:set package 'debug_pkg' build argument 'cmake_clean_cache' from command line to 'False'
[0.224s] Level 5:colcon.colcon_core.verb:set package 'debug_pkg' build argument 'cmake_clean_first' from command line to 'False'
[0.224s] Level 5:colcon.colcon_core.verb:set package 'debug_pkg' build argument 'cmake_force_configure' from command line to 'False'
[0.224s] Level 5:colcon.colcon_core.verb:set package 'debug_pkg' build argument 'ament_cmake_args' from command line to 'None'
[0.224s] Level 5:colcon.colcon_core.verb:set package 'debug_pkg' build argument 'catkin_cmake_args' from command line to 'None'
[0.224s] Level 5:colcon.colcon_core.verb:set package 'debug_pkg' build argument 'catkin_skip_building_tests' from command line to 'False'
[0.224s] DEBUG:colcon.colcon_core.verb:Building package 'debug_pkg' with the following arguments: {'ament_cmake_args': None, 'build_base': '/home/amrl_sunny/ros2_autonomous_vehicle_simulation/build/debug_pkg', 'catkin_cmake_args': None, 'catkin_skip_building_tests': False, 'cmake_args': None, 'cmake_clean_cache': False, 'cmake_clean_first': False, 'cmake_force_configure': False, 'cmake_target': None, 'cmake_target_skip_unavailable': False, 'install_base': '/home/amrl_sunny/ros2_autonomous_vehicle_simulation/install/debug_pkg', 'merge_install': False, 'path': '/home/amrl_sunny/ros2_autonomous_vehicle_simulation/src/debug_pkg', 'symlink_install': True, 'test_result_base': None}
[0.224s] Level 5:colcon.colcon_core.verb:set package 'decision_making_pkg' build argument 'cmake_args' from command line to 'None'
[0.224s] Level 5:colcon.colcon_core.verb:set package 'decision_making_pkg' build argument 'cmake_target' from command line to 'None'
[0.224s] Level 5:colcon.colcon_core.verb:set package 'decision_making_pkg' build argument 'cmake_target_skip_unavailable' from command line to 'False'
[0.224s] Level 5:colcon.colcon_core.verb:set package 'decision_making_pkg' build argument 'cmake_clean_cache' from command line to 'False'
[0.224s] Level 5:colcon.colcon_core.verb:set package 'decision_making_pkg' build argument 'cmake_clean_first' from command line to 'False'
[0.224s] Level 5:colcon.colcon_core.verb:set package 'decision_making_pkg' build argument 'cmake_force_configure' from command line to 'False'
[0.224s] Level 5:colcon.colcon_core.verb:set package 'decision_making_pkg' build argument 'ament_cmake_args' from command line to 'None'
[0.224s] Level 5:colcon.colcon_core.verb:set package 'decision_making_pkg' build argument 'catkin_cmake_args' from command line to 'None'
[0.224s] Level 5:colcon.colcon_core.verb:set package 'decision_making_pkg' build argument 'catkin_skip_building_tests' from command line to 'False'
[0.224s] DEBUG:colcon.colcon_core.verb:Building package 'decision_making_pkg' with the following arguments: {'ament_cmake_args': None, 'build_base': '/home/amrl_sunny/ros2_autonomous_vehicle_simulation/build/decision_making_pkg', 'catkin_cmake_args': None, 'catkin_skip_building_tests': False, 'cmake_args': None, 'cmake_clean_cache': False, 'cmake_clean_first': False, 'cmake_force_configure': False, 'cmake_target': None, 'cmake_target_skip_unavailable': False, 'install_base': '/home/amrl_sunny/ros2_autonomous_vehicle_simulation/install/decision_making_pkg', 'merge_install': False, 'path': '/home/amrl_sunny/ros2_autonomous_vehicle_simulation/src/decision_making_pkg', 'symlink_install': True, 'test_result_base': None}
[0.224s] Level 5:colcon.colcon_core.verb:set package 'interfaces_pkg' build argument 'cmake_args' from command line to 'None'
[0.224s] Level 5:colcon.colcon_core.verb:set package 'interfaces_pkg' build argument 'cmake_target' from command line to 'None'
[0.224s] Level 5:colcon.colcon_core.verb:set package 'interfaces_pkg' build argument 'cmake_target_skip_unavailable' from command line to 'False'
[0.224s] Level 5:colcon.colcon_core.verb:set package 'interfaces_pkg' build argument 'cmake_clean_cache' from command line to 'False'
[0.224s] Level 5:colcon.colcon_core.verb:set package 'interfaces_pkg' build argument 'cmake_clean_first' from command line to 'False'
[0.224s] Level 5:colcon.colcon_core.verb:set package 'interfaces_pkg' build argument 'cmake_force_configure' from command line to 'False'
[0.224s] Level 5:colcon.colcon_core.verb:set package 'interfaces_pkg' build argument 'ament_cmake_args' from command line to 'None'
[0.224s] Level 5:colcon.colcon_core.verb:set package 'interfaces_pkg' build argument 'catkin_cmake_args' from command line to 'None'
[0.224s] Level 5:colcon.colcon_core.verb:set package 'interfaces_pkg' build argument 'catkin_skip_building_tests' from command line to 'False'
[0.224s] DEBUG:colcon.colcon_core.verb:Building package 'interfaces_pkg' with the following arguments: {'ament_cmake_args': None, 'build_base': '/home/amrl_sunny/ros2_autonomous_vehicle_simulation/build/interfaces_pkg', 'catkin_cmake_args': None, 'catkin_skip_building_tests': False, 'cmake_args': None, 'cmake_clean_cache': False, 'cmake_clean_first': False, 'cmake_force_configure': False, 'cmake_target': None, 'cmake_target_skip_unavailable': False, 'install_base': '/home/amrl_sunny/ros2_autonomous_vehicle_simulation/install/interfaces_pkg', 'merge_install': False, 'path': '/home/amrl_sunny/ros2_autonomous_vehicle_simulation/src/interfaces_pkg', 'symlink_install': True, 'test_result_base': None}
[0.225s] Level 5:colcon.colcon_core.verb:set package 'lidar_perception_pkg' build argument 'cmake_args' from command line to 'None'
[0.225s] Level 5:colcon.colcon_core.verb:set package 'lidar_perception_pkg' build argument 'cmake_target' from command line to 'None'
[0.225s] Level 5:colcon.colcon_core.verb:set package 'lidar_perception_pkg' build argument 'cmake_target_skip_unavailable' from command line to 'False'
[0.225s] Level 5:colcon.colcon_core.verb:set package 'lidar_perception_pkg' build argument 'cmake_clean_cache' from command line to 'False'
[0.225s] Level 5:colcon.colcon_core.verb:set package 'lidar_perception_pkg' build argument 'cmake_clean_first' from command line to 'False'
[0.225s] Level 5:colcon.colcon_core.verb:set package 'lidar_perception_pkg' build argument 'cmake_force_configure' from command line to 'False'
[0.225s] Level 5:colcon.colcon_core.verb:set package 'lidar_perception_pkg' build argument 'ament_cmake_args' from command line to 'None'
[0.225s] Level 5:colcon.colcon_core.verb:set package 'lidar_perception_pkg' build argument 'catkin_cmake_args' from command line to 'None'
[0.225s] Level 5:colcon.colcon_core.verb:set package 'lidar_perception_pkg' build argument 'catkin_skip_building_tests' from command line to 'False'
[0.225s] DEBUG:colcon.colcon_core.verb:Building package 'lidar_perception_pkg' with the following arguments: {'ament_cmake_args': None, 'build_base': '/home/amrl_sunny/ros2_autonomous_vehicle_simulation/build/lidar_perception_pkg', 'catkin_cmake_args': None, 'catkin_skip_building_tests': False, 'cmake_args': None, 'cmake_clean_cache': False, 'cmake_clean_first': False, 'cmake_force_configure': False, 'cmake_target': None, 'cmake_target_skip_unavailable': False, 'install_base': '/home/amrl_sunny/ros2_autonomous_vehicle_simulation/install/lidar_perception_pkg', 'merge_install': False, 'path': '/home/amrl_sunny/ros2_autonomous_vehicle_simulation/src/lidar_perception_pkg', 'symlink_install': True, 'test_result_base': None}
[0.225s] Level 5:colcon.colcon_core.verb:set package 'simulation_pkg' build argument 'cmake_args' from command line to 'None'
[0.225s] Level 5:colcon.colcon_core.verb:set package 'simulation_pkg' build argument 'cmake_target' from command line to 'None'
[0.225s] Level 5:colcon.colcon_core.verb:set package 'simulation_pkg' build argument 'cmake_target_skip_unavailable' from command line to 'False'
[0.225s] Level 5:colcon.colcon_core.verb:set package 'simulation_pkg' build argument 'cmake_clean_cache' from command line to 'False'
[0.225s] Level 5:colcon.colcon_core.verb:set package 'simulation_pkg' build argument 'cmake_clean_first' from command line to 'False'
[0.225s] Level 5:colcon.colcon_core.verb:set package 'simulation_pkg' build argument 'cmake_force_configure' from command line to 'False'
[0.225s] Level 5:colcon.colcon_core.verb:set package 'simulation_pkg' build argument 'ament_cmake_args' from command line to 'None'
[0.225s] Level 5:colcon.colcon_core.verb:set package 'simulation_pkg' build argument 'catkin_cmake_args' from command line to 'None'
[0.225s] Level 5:colcon.colcon_core.verb:set package 'simulation_pkg' build argument 'catkin_skip_building_tests' from command line to 'False'
[0.225s] DEBUG:colcon.colcon_core.verb:Building package 'simulation_pkg' with the following arguments: {'ament_cmake_args': None, 'build_base': '/home/amrl_sunny/ros2_autonomous_vehicle_simulation/build/simulation_pkg', 'catkin_cmake_args': None, 'catkin_skip_building_tests': False, 'cmake_args': None, 'cmake_clean_cache': False, 'cmake_clean_first': False, 'cmake_force_configure': False, 'cmake_target': None, 'cmake_target_skip_unavailable': False, 'install_base': '/home/amrl_sunny/ros2_autonomous_vehicle_simulation/install/simulation_pkg', 'merge_install': False, 'path': '/home/amrl_sunny/ros2_autonomous_vehicle_simulation/src/simulation_pkg', 'symlink_install': True, 'test_result_base': None}
[0.225s] INFO:colcon.colcon_core.executor:Executing jobs using 'parallel' executor
[0.226s] DEBUG:colcon.colcon_parallel_executor.executor.parallel:run_until_complete
[0.226s] INFO:colcon.colcon_ros.task.ament_python.build:Building ROS package in '/home/amrl_sunny/ros2_autonomous_vehicle_simulation/src/camera_perception_pkg' with build type 'ament_python'
[0.226s] Level 1:colcon.colcon_core.shell:create_environment_hook('camera_perception_pkg', 'ament_prefix_path')
[0.227s] INFO:colcon.colcon_core.plugin_system:Skipping extension 'colcon_core.shell.bat': Not used on non-Windows systems
[0.227s] INFO:colcon.colcon_core.shell:Creating environment hook '/home/amrl_sunny/ros2_autonomous_vehicle_simulation/install/camera_perception_pkg/share/camera_perception_pkg/hook/ament_prefix_path.ps1'
[0.228s] INFO:colcon.colcon_core.shell:Creating environment descriptor '/home/amrl_sunny/ros2_autonomous_vehicle_simulation/install/camera_perception_pkg/share/camera_perception_pkg/hook/ament_prefix_path.dsv'
[0.228s] INFO:colcon.colcon_core.shell:Creating environment hook '/home/amrl_sunny/ros2_autonomous_vehicle_simulation/install/camera_perception_pkg/share/camera_perception_pkg/hook/ament_prefix_path.sh'
[0.228s] INFO:colcon.colcon_core.shell:Skip shell extension 'powershell' for command environment: Not usable outside of PowerShell
[0.228s] DEBUG:colcon.colcon_core.shell:Skip shell extension 'dsv' for command environment
[0.230s] INFO:colcon.colcon_ros.task.ament_python.build:Building ROS package in '/home/amrl_sunny/ros2_autonomous_vehicle_simulation/src/debug_pkg' with build type 'ament_python'
[0.230s] Level 1:colcon.colcon_core.shell:create_environment_hook('debug_pkg', 'ament_prefix_path')
[0.230s] INFO:colcon.colcon_core.shell:Creating environment hook '/home/amrl_sunny/ros2_autonomous_vehicle_simulation/install/debug_pkg/share/debug_pkg/hook/ament_prefix_path.ps1'
[0.230s] INFO:colcon.colcon_core.shell:Creating environment descriptor '/home/amrl_sunny/ros2_autonomous_vehicle_simulation/install/debug_pkg/share/debug_pkg/hook/ament_prefix_path.dsv'
[0.231s] INFO:colcon.colcon_core.shell:Creating environment hook '/home/amrl_sunny/ros2_autonomous_vehicle_simulation/install/debug_pkg/share/debug_pkg/hook/ament_prefix_path.sh'
[0.231s] INFO:colcon.colcon_core.shell:Skip shell extension 'powershell' for command environment: Not usable outside of PowerShell
[0.231s] DEBUG:colcon.colcon_core.shell:Skip shell extension 'dsv' for command environment
[0.233s] INFO:colcon.colcon_ros.task.ament_python.build:Building ROS package in '/home/amrl_sunny/ros2_autonomous_vehicle_simulation/src/decision_making_pkg' with build type 'ament_python'
[0.233s] Level 1:colcon.colcon_core.shell:create_environment_hook('decision_making_pkg', 'ament_prefix_path')
[0.233s] INFO:colcon.colcon_core.shell:Creating environment hook '/home/amrl_sunny/ros2_autonomous_vehicle_simulation/install/decision_making_pkg/share/decision_making_pkg/hook/ament_prefix_path.ps1'
[0.233s] INFO:colcon.colcon_core.shell:Creating environment descriptor '/home/amrl_sunny/ros2_autonomous_vehicle_simulation/install/decision_making_pkg/share/decision_making_pkg/hook/ament_prefix_path.dsv'
[0.233s] INFO:colcon.colcon_core.shell:Creating environment hook '/home/amrl_sunny/ros2_autonomous_vehicle_simulation/install/decision_making_pkg/share/decision_making_pkg/hook/ament_prefix_path.sh'
[0.233s] INFO:colcon.colcon_core.shell:Skip shell extension 'powershell' for command environment: Not usable outside of PowerShell
[0.233s] DEBUG:colcon.colcon_core.shell:Skip shell extension 'dsv' for command environment
[0.235s] INFO:colcon.colcon_ros.task.ament_cmake.build:Building ROS package in '/home/amrl_sunny/ros2_autonomous_vehicle_simulation/src/interfaces_pkg' with build type 'ament_cmake'
[0.235s] INFO:colcon.colcon_cmake.task.cmake.build:Building CMake package in '/home/amrl_sunny/ros2_autonomous_vehicle_simulation/src/interfaces_pkg'
[0.235s] INFO:colcon.colcon_core.shell:Skip shell extension 'powershell' for command environment: Not usable outside of PowerShell
[0.235s] DEBUG:colcon.colcon_core.shell:Skip shell extension 'dsv' for command environment
[0.237s] INFO:colcon.colcon_ros.task.ament_python.build:Building ROS package in '/home/amrl_sunny/ros2_autonomous_vehicle_simulation/src/lidar_perception_pkg' with build type 'ament_python'
[0.237s] Level 1:colcon.colcon_core.shell:create_environment_hook('lidar_perception_pkg', 'ament_prefix_path')
[0.237s] INFO:colcon.colcon_core.shell:Creating environment hook '/home/amrl_sunny/ros2_autonomous_vehicle_simulation/install/lidar_perception_pkg/share/lidar_perception_pkg/hook/ament_prefix_path.ps1'
[0.237s] INFO:colcon.colcon_core.shell:Creating environment descriptor '/home/amrl_sunny/ros2_autonomous_vehicle_simulation/install/lidar_perception_pkg/share/lidar_perception_pkg/hook/ament_prefix_path.dsv'
[0.237s] INFO:colcon.colcon_core.shell:Creating environment hook '/home/amrl_sunny/ros2_autonomous_vehicle_simulation/install/lidar_perception_pkg/share/lidar_perception_pkg/hook/ament_prefix_path.sh'
[0.237s] INFO:colcon.colcon_core.shell:Skip shell extension 'powershell' for command environment: Not usable outside of PowerShell
[0.238s] DEBUG:colcon.colcon_core.shell:Skip shell extension 'dsv' for command environment
[0.399s] INFO:colcon.colcon_core.task.python.build:Building Python package in '/home/amrl_sunny/ros2_autonomous_vehicle_simulation/src/camera_perception_pkg'
[0.399s] INFO:colcon.colcon_core.shell:Skip shell extension 'powershell' for command environment: Not usable outside of PowerShell
[0.399s] DEBUG:colcon.colcon_core.shell:Skip shell extension 'dsv' for command environment
[0.565s] INFO:colcon.colcon_core.task.python.build:Building Python package in '/home/amrl_sunny/ros2_autonomous_vehicle_simulation/src/debug_pkg'
[0.565s] INFO:colcon.colcon_core.shell:Skip shell extension 'powershell' for command environment: Not usable outside of PowerShell
[0.565s] DEBUG:colcon.colcon_core.shell:Skip shell extension 'dsv' for command environment
[0.732s] INFO:colcon.colcon_core.task.python.build:Building Python package in '/home/amrl_sunny/ros2_autonomous_vehicle_simulation/src/decision_making_pkg'
[0.732s] INFO:colcon.colcon_core.shell:Skip shell extension 'powershell' for command environment: Not usable outside of PowerShell
[0.732s] DEBUG:colcon.colcon_core.shell:Skip shell extension 'dsv' for command environment
[0.736s] DEBUG:colcon.colcon_core.event_handler.log_command:Invoking command in '/home/amrl_sunny/ros2_autonomous_vehicle_simulation/build/interfaces_pkg': CMAKE_PREFIX_PATH=${CMAKE_PREFIX_PATH}:/home/amrl_sunny/ros2_autonomous_vehicle_simulation/install/simulation_pkg:/home/amrl_sunny/ros2_autonomous_vehicle_simulation/install/lidar_perception_pkg:/home/amrl_sunny/ros2_autonomous_vehicle_simulation/install/decision_making_pkg:/home/amrl_sunny/ros2_autonomous_vehicle_simulation/install/debug_pkg:/home/amrl_sunny/ros2_autonomous_vehicle_simulation/install/camera_perception_pkg:/home/amrl_sunny/2025_jacapdi/install/simulation_pkg:/home/amrl_sunny/2025_jacapdi/install/decision_making_pkg:/home/amrl_sunny/2025_jacapdi/install/debug_pkg:/home/amrl_sunny/2025_jacapdi/install/camera_perception_pkg:/opt/ros/humble /usr/bin/cmake --build /home/amrl_sunny/ros2_autonomous_vehicle_simulation/build/interfaces_pkg -- -j20 -l20
[0.913s] INFO:colcon.colcon_core.task.python.build:Building Python package in '/home/amrl_sunny/ros2_autonomous_vehicle_simulation/src/lidar_perception_pkg'
[0.913s] INFO:colcon.colcon_core.shell:Skip shell extension 'powershell' for command environment: Not usable outside of PowerShell
[0.913s] DEBUG:colcon.colcon_core.shell:Skip shell extension 'dsv' for command environment
[0.973s] DEBUG:colcon.colcon_core.event_handler.log_command:Invoked command in '/home/amrl_sunny/ros2_autonomous_vehicle_simulation/build/interfaces_pkg' returned '0': CMAKE_PREFIX_PATH=${CMAKE_PREFIX_PATH}:/home/amrl_sunny/ros2_autonomous_vehicle_simulation/install/simulation_pkg:/home/amrl_sunny/ros2_autonomous_vehicle_simulation/install/lidar_perception_pkg:/home/amrl_sunny/ros2_autonomous_vehicle_simulation/install/decision_making_pkg:/home/amrl_sunny/ros2_autonomous_vehicle_simulation/install/debug_pkg:/home/amrl_sunny/ros2_autonomous_vehicle_simulation/install/camera_perception_pkg:/home/amrl_sunny/2025_jacapdi/install/simulation_pkg:/home/amrl_sunny/2025_jacapdi/install/decision_making_pkg:/home/amrl_sunny/2025_jacapdi/install/debug_pkg:/home/amrl_sunny/2025_jacapdi/install/camera_perception_pkg:/opt/ros/humble /usr/bin/cmake --build /home/amrl_sunny/ros2_autonomous_vehicle_simulation/build/interfaces_pkg -- -j20 -l20
[0.981s] DEBUG:colcon.colcon_core.event_handler.log_command:Invoking command in '/home/amrl_sunny/ros2_autonomous_vehicle_simulation/build/interfaces_pkg': CMAKE_PREFIX_PATH=${CMAKE_PREFIX_PATH}:/home/amrl_sunny/ros2_autonomous_vehicle_simulation/install/simulation_pkg:/home/amrl_sunny/ros2_autonomous_vehicle_simulation/install/lidar_perception_pkg:/home/amrl_sunny/ros2_autonomous_vehicle_simulation/install/decision_making_pkg:/home/amrl_sunny/ros2_autonomous_vehicle_simulation/install/debug_pkg:/home/amrl_sunny/ros2_autonomous_vehicle_simulation/install/camera_perception_pkg:/home/amrl_sunny/2025_jacapdi/install/simulation_pkg:/home/amrl_sunny/2025_jacapdi/install/decision_making_pkg:/home/amrl_sunny/2025_jacapdi/install/debug_pkg:/home/amrl_sunny/2025_jacapdi/install/camera_perception_pkg:/opt/ros/humble /usr/bin/cmake --install /home/amrl_sunny/ros2_autonomous_vehicle_simulation/build/interfaces_pkg
[1.050s] Level 1:colcon.colcon_core.environment:create_environment_scripts_only(interfaces_pkg)
[1.051s] DEBUG:colcon.colcon_core.event_handler.log_command:Invoked command in '/home/amrl_sunny/ros2_autonomous_vehicle_simulation/build/interfaces_pkg' returned '0': CMAKE_PREFIX_PATH=${CMAKE_PREFIX_PATH}:/home/amrl_sunny/ros2_autonomous_vehicle_simulation/install/simulation_pkg:/home/amrl_sunny/ros2_autonomous_vehicle_simulation/install/lidar_perception_pkg:/home/amrl_sunny/ros2_autonomous_vehicle_simulation/install/decision_making_pkg:/home/amrl_sunny/ros2_autonomous_vehicle_simulation/install/debug_pkg:/home/amrl_sunny/ros2_autonomous_vehicle_simulation/install/camera_perception_pkg:/home/amrl_sunny/2025_jacapdi/install/simulation_pkg:/home/amrl_sunny/2025_jacapdi/install/decision_making_pkg:/home/amrl_sunny/2025_jacapdi/install/debug_pkg:/home/amrl_sunny/2025_jacapdi/install/camera_perception_pkg:/opt/ros/humble /usr/bin/cmake --install /home/amrl_sunny/ros2_autonomous_vehicle_simulation/build/interfaces_pkg
[1.053s] Level 1:colcon.colcon_core.environment:checking '/home/amrl_sunny/ros2_autonomous_vehicle_simulation/install/interfaces_pkg' for CMake module files
[1.054s] Level 1:colcon.colcon_core.environment:checking '/home/amrl_sunny/ros2_autonomous_vehicle_simulation/install/interfaces_pkg' for CMake config files
[1.055s] Level 1:colcon.colcon_core.shell:create_environment_hook('interfaces_pkg', 'cmake_prefix_path')
[1.055s] INFO:colcon.colcon_core.shell:Creating environment hook '/home/amrl_sunny/ros2_autonomous_vehicle_simulation/install/interfaces_pkg/share/interfaces_pkg/hook/cmake_prefix_path.ps1'
[1.056s] INFO:colcon.colcon_core.shell:Creating environment descriptor '/home/amrl_sunny/ros2_autonomous_vehicle_simulation/install/interfaces_pkg/share/interfaces_pkg/hook/cmake_prefix_path.dsv'
[1.056s] INFO:colcon.colcon_core.shell:Creating environment hook '/home/amrl_sunny/ros2_autonomous_vehicle_simulation/install/interfaces_pkg/share/interfaces_pkg/hook/cmake_prefix_path.sh'
[1.056s] Level 1:colcon.colcon_core.environment:checking '/home/amrl_sunny/ros2_autonomous_vehicle_simulation/install/interfaces_pkg/lib'
[1.056s] Level 1:colcon.colcon_core.shell:create_environment_hook('interfaces_pkg', 'ld_library_path_lib')
[1.057s] INFO:colcon.colcon_core.shell:Creating environment hook '/home/amrl_sunny/ros2_autonomous_vehicle_simulation/install/interfaces_pkg/share/interfaces_pkg/hook/ld_library_path_lib.ps1'
[1.057s] INFO:colcon.colcon_core.shell:Creating environment descriptor '/home/amrl_sunny/ros2_autonomous_vehicle_simulation/install/interfaces_pkg/share/interfaces_pkg/hook/ld_library_path_lib.dsv'
[1.057s] INFO:colcon.colcon_core.shell:Creating environment hook '/home/amrl_sunny/ros2_autonomous_vehicle_simulation/install/interfaces_pkg/share/interfaces_pkg/hook/ld_library_path_lib.sh'
[1.057s] Level 1:colcon.colcon_core.environment:checking '/home/amrl_sunny/ros2_autonomous_vehicle_simulation/install/interfaces_pkg/bin'
[1.057s] Level 1:colcon.colcon_core.environment:checking '/home/amrl_sunny/ros2_autonomous_vehicle_simulation/install/interfaces_pkg/lib/pkgconfig/interfaces_pkg.pc'
[1.057s] Level 1:colcon.colcon_core.environment:checking '/home/amrl_sunny/ros2_autonomous_vehicle_simulation/install/interfaces_pkg/lib/python3.10/site-packages'
[1.057s] Level 1:colcon.colcon_core.environment:checking '/home/amrl_sunny/ros2_autonomous_vehicle_simulation/install/interfaces_pkg/bin'
[1.058s] INFO:colcon.colcon_core.shell:Creating package script '/home/amrl_sunny/ros2_autonomous_vehicle_simulation/install/interfaces_pkg/share/interfaces_pkg/package.ps1'
[1.058s] INFO:colcon.colcon_core.shell:Creating package descriptor '/home/amrl_sunny/ros2_autonomous_vehicle_simulation/install/interfaces_pkg/share/interfaces_pkg/package.dsv'
[1.058s] INFO:colcon.colcon_core.shell:Creating package script '/home/amrl_sunny/ros2_autonomous_vehicle_simulation/install/interfaces_pkg/share/interfaces_pkg/package.sh'
[1.059s] INFO:colcon.colcon_core.shell:Creating package script '/home/amrl_sunny/ros2_autonomous_vehicle_simulation/install/interfaces_pkg/share/interfaces_pkg/package.bash'
[1.059s] INFO:colcon.colcon_core.shell:Creating package script '/home/amrl_sunny/ros2_autonomous_vehicle_simulation/install/interfaces_pkg/share/interfaces_pkg/package.zsh'
[1.059s] Level 1:colcon.colcon_core.environment:create_file_with_runtime_dependencies(/home/amrl_sunny/ros2_autonomous_vehicle_simulation/install/interfaces_pkg/share/colcon-core/packages/interfaces_pkg)
[1.059s] Level 1:colcon.colcon_core.environment:create_environment_scripts_only(interfaces_pkg)
[1.060s] Level 1:colcon.colcon_core.environment:checking '/home/amrl_sunny/ros2_autonomous_vehicle_simulation/install/interfaces_pkg' for CMake module files
[1.060s] Level 1:colcon.colcon_core.environment:checking '/home/amrl_sunny/ros2_autonomous_vehicle_simulation/install/interfaces_pkg' for CMake config files
[1.061s] Level 1:colcon.colcon_core.shell:create_environment_hook('interfaces_pkg', 'cmake_prefix_path')
[1.061s] INFO:colcon.colcon_core.shell:Creating environment hook '/home/amrl_sunny/ros2_autonomous_vehicle_simulation/install/interfaces_pkg/share/interfaces_pkg/hook/cmake_prefix_path.ps1'
[1.061s] INFO:colcon.colcon_core.shell:Creating environment descriptor '/home/amrl_sunny/ros2_autonomous_vehicle_simulation/install/interfaces_pkg/share/interfaces_pkg/hook/cmake_prefix_path.dsv'
[1.061s] INFO:colcon.colcon_core.shell:Creating environment hook '/home/amrl_sunny/ros2_autonomous_vehicle_simulation/install/interfaces_pkg/share/interfaces_pkg/hook/cmake_prefix_path.sh'
[1.061s] Level 1:colcon.colcon_core.environment:checking '/home/amrl_sunny/ros2_autonomous_vehicle_simulation/install/interfaces_pkg/lib'
[1.061s] Level 1:colcon.colcon_core.shell:create_environment_hook('interfaces_pkg', 'ld_library_path_lib')
[1.061s] INFO:colcon.colcon_core.shell:Creating environment hook '/home/amrl_sunny/ros2_autonomous_vehicle_simulation/install/interfaces_pkg/share/interfaces_pkg/hook/ld_library_path_lib.ps1'
[1.062s] INFO:colcon.colcon_core.shell:Creating environment descriptor '/home/amrl_sunny/ros2_autonomous_vehicle_simulation/install/interfaces_pkg/share/interfaces_pkg/hook/ld_library_path_lib.dsv'
[1.062s] INFO:colcon.colcon_core.shell:Creating environment hook '/home/amrl_sunny/ros2_autonomous_vehicle_simulation/install/interfaces_pkg/share/interfaces_pkg/hook/ld_library_path_lib.sh'
[1.062s] Level 1:colcon.colcon_core.environment:checking '/home/amrl_sunny/ros2_autonomous_vehicle_simulation/install/interfaces_pkg/bin'
[1.062s] Level 1:colcon.colcon_core.environment:checking '/home/amrl_sunny/ros2_autonomous_vehicle_simulation/install/interfaces_pkg/lib/pkgconfig/interfaces_pkg.pc'
[1.062s] Level 1:colcon.colcon_core.environment:checking '/home/amrl_sunny/ros2_autonomous_vehicle_simulation/install/interfaces_pkg/lib/python3.10/site-packages'
[1.062s] Level 1:colcon.colcon_core.environment:checking '/home/amrl_sunny/ros2_autonomous_vehicle_simulation/install/interfaces_pkg/bin'
[1.062s] INFO:colcon.colcon_core.shell:Creating package script '/home/amrl_sunny/ros2_autonomous_vehicle_simulation/install/interfaces_pkg/share/interfaces_pkg/package.ps1'
[1.062s] INFO:colcon.colcon_core.shell:Creating package descriptor '/home/amrl_sunny/ros2_autonomous_vehicle_simulation/install/interfaces_pkg/share/interfaces_pkg/package.dsv'
[1.063s] INFO:colcon.colcon_core.shell:Creating package script '/home/amrl_sunny/ros2_autonomous_vehicle_simulation/install/interfaces_pkg/share/interfaces_pkg/package.sh'
[1.063s] INFO:colcon.colcon_core.shell:Creating package script '/home/amrl_sunny/ros2_autonomous_vehicle_simulation/install/interfaces_pkg/share/interfaces_pkg/package.bash'
[1.063s] INFO:colcon.colcon_core.shell:Creating package script '/home/amrl_sunny/ros2_autonomous_vehicle_simulation/install/interfaces_pkg/share/interfaces_pkg/package.zsh'
[1.063s] Level 1:colcon.colcon_core.environment:create_file_with_runtime_dependencies(/home/amrl_sunny/ros2_autonomous_vehicle_simulation/install/interfaces_pkg/share/colcon-core/packages/interfaces_pkg)
[1.153s] DEBUG:colcon.colcon_core.event_handler.log_command:Invoking command in '/home/amrl_sunny/ros2_autonomous_vehicle_simulation/build/decision_making_pkg': PYTHONPATH=/home/amrl_sunny/ros2_autonomous_vehicle_simulation/build/decision_making_pkg/prefix_override:/usr/lib/python3/dist-packages/colcon_core/task/python/colcon_distutils_commands:/home/amrl_sunny/ros2_autonomous_vehicle_simulation/install/decision_making_pkg/lib/python3.10/site-packages:${PYTHONPATH} /usr/bin/python3 -W ignore:setup.py install is deprecated -W ignore:easy_install command is deprecated setup.py develop --editable --build-directory /home/amrl_sunny/ros2_autonomous_vehicle_simulation/build/decision_making_pkg/build --no-deps symlink_data
[1.171s] DEBUG:colcon.colcon_core.event_handler.log_command:Invoking command in '/home/amrl_sunny/ros2_autonomous_vehicle_simulation/build/lidar_perception_pkg': PYTHONPATH=/home/amrl_sunny/ros2_autonomous_vehicle_simulation/build/lidar_perception_pkg/prefix_override:/usr/lib/python3/dist-packages/colcon_core/task/python/colcon_distutils_commands:/home/amrl_sunny/ros2_autonomous_vehicle_simulation/install/lidar_perception_pkg/lib/python3.10/site-packages:${PYTHONPATH} /usr/bin/python3 -W ignore:setup.py install is deprecated -W ignore:easy_install command is deprecated setup.py develop --editable --build-directory /home/amrl_sunny/ros2_autonomous_vehicle_simulation/build/lidar_perception_pkg/build --no-deps symlink_data
[1.175s] DEBUG:colcon.colcon_core.event_handler.log_command:Invoking command in '/home/amrl_sunny/ros2_autonomous_vehicle_simulation/build/camera_perception_pkg': PYTHONPATH=/home/amrl_sunny/ros2_autonomous_vehicle_simulation/build/camera_perception_pkg/prefix_override:/usr/lib/python3/dist-packages/colcon_core/task/python/colcon_distutils_commands:/home/amrl_sunny/ros2_autonomous_vehicle_simulation/install/camera_perception_pkg/lib/python3.10/site-packages:${PYTHONPATH} /usr/bin/python3 -W ignore:setup.py install is deprecated -W ignore:easy_install command is deprecated setup.py develop --editable --build-directory /home/amrl_sunny/ros2_autonomous_vehicle_simulation/build/camera_perception_pkg/build --no-deps symlink_data
[1.254s] DEBUG:colcon.colcon_core.event_handler.log_command:Invoking command in '/home/amrl_sunny/ros2_autonomous_vehicle_simulation/build/debug_pkg': PYTHONPATH=/home/amrl_sunny/ros2_autonomous_vehicle_simulation/build/debug_pkg/prefix_override:/usr/lib/python3/dist-packages/colcon_core/task/python/colcon_distutils_commands:/home/amrl_sunny/ros2_autonomous_vehicle_simulation/install/debug_pkg/lib/python3.10/site-packages:${PYTHONPATH} /usr/bin/python3 -W ignore:setup.py install is deprecated -W ignore:easy_install command is deprecated setup.py develop --editable --build-directory /home/amrl_sunny/ros2_autonomous_vehicle_simulation/build/debug_pkg/build --no-deps symlink_data
[1.492s] Level 1:colcon.colcon_core.shell:create_environment_hook('lidar_perception_pkg', 'pythonpath_develop')
[1.493s] INFO:colcon.colcon_core.shell:Creating environment hook '/home/amrl_sunny/ros2_autonomous_vehicle_simulation/build/lidar_perception_pkg/share/lidar_perception_pkg/hook/pythonpath_develop.ps1'
[1.493s] DEBUG:colcon.colcon_core.event_handler.log_command:Invoked command in '/home/amrl_sunny/ros2_autonomous_vehicle_simulation/build/lidar_perception_pkg' returned '0': PYTHONPATH=/home/amrl_sunny/ros2_autonomous_vehicle_simulation/build/lidar_perception_pkg/prefix_override:/usr/lib/python3/dist-packages/colcon_core/task/python/colcon_distutils_commands:/home/amrl_sunny/ros2_autonomous_vehicle_simulation/install/lidar_perception_pkg/lib/python3.10/site-packages:${PYTHONPATH} /usr/bin/python3 -W ignore:setup.py install is deprecated -W ignore:easy_install command is deprecated setup.py develop --editable --build-directory /home/amrl_sunny/ros2_autonomous_vehicle_simulation/build/lidar_perception_pkg/build --no-deps symlink_data
[1.494s] INFO:colcon.colcon_core.shell:Creating environment descriptor '/home/amrl_sunny/ros2_autonomous_vehicle_simulation/build/lidar_perception_pkg/share/lidar_perception_pkg/hook/pythonpath_develop.dsv'
[1.494s] INFO:colcon.colcon_core.shell:Creating environment hook '/home/amrl_sunny/ros2_autonomous_vehicle_simulation/build/lidar_perception_pkg/share/lidar_perception_pkg/hook/pythonpath_develop.sh'
[1.495s] Level 1:colcon.colcon_core.environment:checking '/home/amrl_sunny/ros2_autonomous_vehicle_simulation/install/lidar_perception_pkg' for CMake module files
[1.495s] Level 1:colcon.colcon_core.environment:checking '/home/amrl_sunny/ros2_autonomous_vehicle_simulation/install/lidar_perception_pkg' for CMake config files
[1.495s] Level 1:colcon.colcon_core.environment:checking '/home/amrl_sunny/ros2_autonomous_vehicle_simulation/install/lidar_perception_pkg/lib'
[1.495s] Level 1:colcon.colcon_core.environment:checking '/home/amrl_sunny/ros2_autonomous_vehicle_simulation/install/lidar_perception_pkg/bin'
[1.495s] Level 1:colcon.colcon_core.environment:checking '/home/amrl_sunny/ros2_autonomous_vehicle_simulation/install/lidar_perception_pkg/lib/pkgconfig/lidar_perception_pkg.pc'
[1.496s] Level 1:colcon.colcon_core.environment:checking '/home/amrl_sunny/ros2_autonomous_vehicle_simulation/install/lidar_perception_pkg/lib/python3.10/site-packages'
[1.496s] Level 1:colcon.colcon_core.shell:create_environment_hook('lidar_perception_pkg', 'pythonpath')
[1.496s] INFO:colcon.colcon_core.shell:Creating environment hook '/home/amrl_sunny/ros2_autonomous_vehicle_simulation/install/lidar_perception_pkg/share/lidar_perception_pkg/hook/pythonpath.ps1'
[1.496s] INFO:colcon.colcon_core.shell:Creating environment descriptor '/home/amrl_sunny/ros2_autonomous_vehicle_simulation/install/lidar_perception_pkg/share/lidar_perception_pkg/hook/pythonpath.dsv'
[1.497s] INFO:colcon.colcon_core.shell:Creating environment hook '/home/amrl_sunny/ros2_autonomous_vehicle_simulation/install/lidar_perception_pkg/share/lidar_perception_pkg/hook/pythonpath.sh'
[1.497s] Level 1:colcon.colcon_core.environment:checking '/home/amrl_sunny/ros2_autonomous_vehicle_simulation/install/lidar_perception_pkg/bin'
[1.497s] Level 1:colcon.colcon_core.environment:create_environment_scripts_only(lidar_perception_pkg)
[1.498s] INFO:colcon.colcon_core.shell:Creating package script '/home/amrl_sunny/ros2_autonomous_vehicle_simulation/install/lidar_perception_pkg/share/lidar_perception_pkg/package.ps1'
[1.498s] INFO:colcon.colcon_core.shell:Creating package descriptor '/home/amrl_sunny/ros2_autonomous_vehicle_simulation/install/lidar_perception_pkg/share/lidar_perception_pkg/package.dsv'
[1.499s] INFO:colcon.colcon_core.shell:Creating package script '/home/amrl_sunny/ros2_autonomous_vehicle_simulation/install/lidar_perception_pkg/share/lidar_perception_pkg/package.sh'
[1.499s] INFO:colcon.colcon_core.shell:Creating package script '/home/amrl_sunny/ros2_autonomous_vehicle_simulation/install/lidar_perception_pkg/share/lidar_perception_pkg/package.bash'
[1.499s] INFO:colcon.colcon_core.shell:Creating package script '/home/amrl_sunny/ros2_autonomous_vehicle_simulation/install/lidar_perception_pkg/share/lidar_perception_pkg/package.zsh'
[1.499s] Level 1:colcon.colcon_core.environment:create_file_with_runtime_dependencies(/home/amrl_sunny/ros2_autonomous_vehicle_simulation/install/lidar_perception_pkg/share/colcon-core/packages/lidar_perception_pkg)
[1.507s] Level 1:colcon.colcon_core.shell:create_environment_hook('decision_making_pkg', 'pythonpath_develop')
[1.508s] INFO:colcon.colcon_core.shell:Creating environment hook '/home/amrl_sunny/ros2_autonomous_vehicle_simulation/build/decision_making_pkg/share/decision_making_pkg/hook/pythonpath_develop.ps1'
[1.508s] DEBUG:colcon.colcon_core.event_handler.log_command:Invoked command in '/home/amrl_sunny/ros2_autonomous_vehicle_simulation/build/decision_making_pkg' returned '0': PYTHONPATH=/home/amrl_sunny/ros2_autonomous_vehicle_simulation/build/decision_making_pkg/prefix_override:/usr/lib/python3/dist-packages/colcon_core/task/python/colcon_distutils_commands:/home/amrl_sunny/ros2_autonomous_vehicle_simulation/install/decision_making_pkg/lib/python3.10/site-packages:${PYTHONPATH} /usr/bin/python3 -W ignore:setup.py install is deprecated -W ignore:easy_install command is deprecated setup.py develop --editable --build-directory /home/amrl_sunny/ros2_autonomous_vehicle_simulation/build/decision_making_pkg/build --no-deps symlink_data
[1.508s] INFO:colcon.colcon_core.shell:Creating environment descriptor '/home/amrl_sunny/ros2_autonomous_vehicle_simulation/build/decision_making_pkg/share/decision_making_pkg/hook/pythonpath_develop.dsv'
[1.509s] INFO:colcon.colcon_core.shell:Creating environment hook '/home/amrl_sunny/ros2_autonomous_vehicle_simulation/build/decision_making_pkg/share/decision_making_pkg/hook/pythonpath_develop.sh'
[1.509s] Level 1:colcon.colcon_core.environment:checking '/home/amrl_sunny/ros2_autonomous_vehicle_simulation/install/decision_making_pkg' for CMake module files
[1.510s] Level 1:colcon.colcon_core.environment:checking '/home/amrl_sunny/ros2_autonomous_vehicle_simulation/install/decision_making_pkg' for CMake config files
[1.510s] Level 1:colcon.colcon_core.environment:checking '/home/amrl_sunny/ros2_autonomous_vehicle_simulation/install/decision_making_pkg/lib'
[1.510s] Level 1:colcon.colcon_core.environment:checking '/home/amrl_sunny/ros2_autonomous_vehicle_simulation/install/decision_making_pkg/bin'
[1.510s] Level 1:colcon.colcon_core.environment:checking '/home/amrl_sunny/ros2_autonomous_vehicle_simulation/install/decision_making_pkg/lib/pkgconfig/decision_making_pkg.pc'
[1.510s] Level 1:colcon.colcon_core.environment:checking '/home/amrl_sunny/ros2_autonomous_vehicle_simulation/install/decision_making_pkg/lib/python3.10/site-packages'
[1.510s] Level 1:colcon.colcon_core.shell:create_environment_hook('decision_making_pkg', 'pythonpath')
[1.510s] INFO:colcon.colcon_core.shell:Creating environment hook '/home/amrl_sunny/ros2_autonomous_vehicle_simulation/install/decision_making_pkg/share/decision_making_pkg/hook/pythonpath.ps1'
[1.511s] INFO:colcon.colcon_core.shell:Creating environment descriptor '/home/amrl_sunny/ros2_autonomous_vehicle_simulation/install/decision_making_pkg/share/decision_making_pkg/hook/pythonpath.dsv'
[1.511s] INFO:colcon.colcon_core.shell:Creating environment hook '/home/amrl_sunny/ros2_autonomous_vehicle_simulation/install/decision_making_pkg/share/decision_making_pkg/hook/pythonpath.sh'
[1.511s] Level 1:colcon.colcon_core.environment:checking '/home/amrl_sunny/ros2_autonomous_vehicle_simulation/install/decision_making_pkg/bin'
[1.512s] Level 1:colcon.colcon_core.environment:create_environment_scripts_only(decision_making_pkg)
[1.512s] INFO:colcon.colcon_core.shell:Creating package script '/home/amrl_sunny/ros2_autonomous_vehicle_simulation/install/decision_making_pkg/share/decision_making_pkg/package.ps1'
[1.512s] INFO:colcon.colcon_core.shell:Creating package descriptor '/home/amrl_sunny/ros2_autonomous_vehicle_simulation/install/decision_making_pkg/share/decision_making_pkg/package.dsv'
[1.513s] INFO:colcon.colcon_core.shell:Creating package script '/home/amrl_sunny/ros2_autonomous_vehicle_simulation/install/decision_making_pkg/share/decision_making_pkg/package.sh'
[1.513s] INFO:colcon.colcon_core.shell:Creating package script '/home/amrl_sunny/ros2_autonomous_vehicle_simulation/install/decision_making_pkg/share/decision_making_pkg/package.bash'
[1.513s] INFO:colcon.colcon_core.shell:Creating package script '/home/amrl_sunny/ros2_autonomous_vehicle_simulation/install/decision_making_pkg/share/decision_making_pkg/package.zsh'
[1.513s] Level 1:colcon.colcon_core.environment:create_file_with_runtime_dependencies(/home/amrl_sunny/ros2_autonomous_vehicle_simulation/install/decision_making_pkg/share/colcon-core/packages/decision_making_pkg)
[1.549s] Level 1:colcon.colcon_core.shell:create_environment_hook('debug_pkg', 'pythonpath_develop')
[1.549s] INFO:colcon.colcon_core.shell:Creating environment hook '/home/amrl_sunny/ros2_autonomous_vehicle_simulation/build/debug_pkg/share/debug_pkg/hook/pythonpath_develop.ps1'
[1.550s] DEBUG:colcon.colcon_core.event_handler.log_command:Invoked command in '/home/amrl_sunny/ros2_autonomous_vehicle_simulation/build/debug_pkg' returned '0': PYTHONPATH=/home/amrl_sunny/ros2_autonomous_vehicle_simulation/build/debug_pkg/prefix_override:/usr/lib/python3/dist-packages/colcon_core/task/python/colcon_distutils_commands:/home/amrl_sunny/ros2_autonomous_vehicle_simulation/install/debug_pkg/lib/python3.10/site-packages:${PYTHONPATH} /usr/bin/python3 -W ignore:setup.py install is deprecated -W ignore:easy_install command is deprecated setup.py develop --editable --build-directory /home/amrl_sunny/ros2_autonomous_vehicle_simulation/build/debug_pkg/build --no-deps symlink_data
[1.550s] INFO:colcon.colcon_core.shell:Creating environment descriptor '/home/amrl_sunny/ros2_autonomous_vehicle_simulation/build/debug_pkg/share/debug_pkg/hook/pythonpath_develop.dsv'
[1.551s] INFO:colcon.colcon_core.shell:Creating environment hook '/home/amrl_sunny/ros2_autonomous_vehicle_simulation/build/debug_pkg/share/debug_pkg/hook/pythonpath_develop.sh'
[1.551s] Level 1:colcon.colcon_core.environment:checking '/home/amrl_sunny/ros2_autonomous_vehicle_simulation/install/debug_pkg' for CMake module files
[1.551s] Level 1:colcon.colcon_core.environment:checking '/home/amrl_sunny/ros2_autonomous_vehicle_simulation/install/debug_pkg' for CMake config files
[1.552s] Level 1:colcon.colcon_core.environment:checking '/home/amrl_sunny/ros2_autonomous_vehicle_simulation/install/debug_pkg/lib'
[1.552s] Level 1:colcon.colcon_core.environment:checking '/home/amrl_sunny/ros2_autonomous_vehicle_simulation/install/debug_pkg/bin'
[1.552s] Level 1:colcon.colcon_core.environment:checking '/home/amrl_sunny/ros2_autonomous_vehicle_simulation/install/debug_pkg/lib/pkgconfig/debug_pkg.pc'
[1.552s] Level 1:colcon.colcon_core.environment:checking '/home/amrl_sunny/ros2_autonomous_vehicle_simulation/install/debug_pkg/lib/python3.10/site-packages'
[1.552s] Level 1:colcon.colcon_core.shell:create_environment_hook('debug_pkg', 'pythonpath')
[1.552s] INFO:colcon.colcon_core.shell:Creating environment hook '/home/amrl_sunny/ros2_autonomous_vehicle_simulation/install/debug_pkg/share/debug_pkg/hook/pythonpath.ps1'
[1.553s] INFO:colcon.colcon_core.shell:Creating environment descriptor '/home/amrl_sunny/ros2_autonomous_vehicle_simulation/install/debug_pkg/share/debug_pkg/hook/pythonpath.dsv'
[1.553s] INFO:colcon.colcon_core.shell:Creating environment hook '/home/amrl_sunny/ros2_autonomous_vehicle_simulation/install/debug_pkg/share/debug_pkg/hook/pythonpath.sh'
[1.554s] Level 1:colcon.colcon_core.environment:checking '/home/amrl_sunny/ros2_autonomous_vehicle_simulation/install/debug_pkg/bin'
[1.554s] Level 1:colcon.colcon_core.environment:create_environment_scripts_only(debug_pkg)
[1.554s] INFO:colcon.colcon_core.shell:Creating package script '/home/amrl_sunny/ros2_autonomous_vehicle_simulation/install/debug_pkg/share/debug_pkg/package.ps1'
[1.555s] INFO:colcon.colcon_core.shell:Creating package descriptor '/home/amrl_sunny/ros2_autonomous_vehicle_simulation/install/debug_pkg/share/debug_pkg/package.dsv'
[1.555s] INFO:colcon.colcon_core.shell:Creating package script '/home/amrl_sunny/ros2_autonomous_vehicle_simulation/install/debug_pkg/share/debug_pkg/package.sh'
[1.556s] INFO:colcon.colcon_core.shell:Creating package script '/home/amrl_sunny/ros2_autonomous_vehicle_simulation/install/debug_pkg/share/debug_pkg/package.bash'
[1.556s] INFO:colcon.colcon_core.shell:Creating package script '/home/amrl_sunny/ros2_autonomous_vehicle_simulation/install/debug_pkg/share/debug_pkg/package.zsh'
[1.557s] Level 1:colcon.colcon_core.environment:create_file_with_runtime_dependencies(/home/amrl_sunny/ros2_autonomous_vehicle_simulation/install/debug_pkg/share/colcon-core/packages/debug_pkg)
[1.558s] Level 1:colcon.colcon_core.shell:create_environment_hook('camera_perception_pkg', 'pythonpath_develop')
[1.558s] INFO:colcon.colcon_core.shell:Creating environment hook '/home/amrl_sunny/ros2_autonomous_vehicle_simulation/build/camera_perception_pkg/share/camera_perception_pkg/hook/pythonpath_develop.ps1'
[1.559s] DEBUG:colcon.colcon_core.event_handler.log_command:Invoked command in '/home/amrl_sunny/ros2_autonomous_vehicle_simulation/build/camera_perception_pkg' returned '0': PYTHONPATH=/home/amrl_sunny/ros2_autonomous_vehicle_simulation/build/camera_perception_pkg/prefix_override:/usr/lib/python3/dist-packages/colcon_core/task/python/colcon_distutils_commands:/home/amrl_sunny/ros2_autonomous_vehicle_simulation/install/camera_perception_pkg/lib/python3.10/site-packages:${PYTHONPATH} /usr/bin/python3 -W ignore:setup.py install is deprecated -W ignore:easy_install command is deprecated setup.py develop --editable --build-directory /home/amrl_sunny/ros2_autonomous_vehicle_simulation/build/camera_perception_pkg/build --no-deps symlink_data
[1.559s] INFO:colcon.colcon_core.shell:Creating environment descriptor '/home/amrl_sunny/ros2_autonomous_vehicle_simulation/build/camera_perception_pkg/share/camera_perception_pkg/hook/pythonpath_develop.dsv'
[1.559s] INFO:colcon.colcon_core.shell:Creating environment hook '/home/amrl_sunny/ros2_autonomous_vehicle_simulation/build/camera_perception_pkg/share/camera_perception_pkg/hook/pythonpath_develop.sh'
[1.560s] Level 1:colcon.colcon_core.environment:checking '/home/amrl_sunny/ros2_autonomous_vehicle_simulation/install/camera_perception_pkg' for CMake module files
[1.560s] Level 1:colcon.colcon_core.environment:checking '/home/amrl_sunny/ros2_autonomous_vehicle_simulation/install/camera_perception_pkg' for CMake config files
[1.560s] Level 1:colcon.colcon_core.environment:checking '/home/amrl_sunny/ros2_autonomous_vehicle_simulation/install/camera_perception_pkg/lib'
[1.560s] Level 1:colcon.colcon_core.environment:checking '/home/amrl_sunny/ros2_autonomous_vehicle_simulation/install/camera_perception_pkg/bin'
[1.560s] Level 1:colcon.colcon_core.environment:checking '/home/amrl_sunny/ros2_autonomous_vehicle_simulation/install/camera_perception_pkg/lib/pkgconfig/camera_perception_pkg.pc'
[1.560s] Level 1:colcon.colcon_core.environment:checking '/home/amrl_sunny/ros2_autonomous_vehicle_simulation/install/camera_perception_pkg/lib/python3.10/site-packages'
[1.560s] Level 1:colcon.colcon_core.shell:create_environment_hook('camera_perception_pkg', 'pythonpath')
[1.560s] INFO:colcon.colcon_core.shell:Creating environment hook '/home/amrl_sunny/ros2_autonomous_vehicle_simulation/install/camera_perception_pkg/share/camera_perception_pkg/hook/pythonpath.ps1'
[1.560s] INFO:colcon.colcon_core.shell:Creating environment descriptor '/home/amrl_sunny/ros2_autonomous_vehicle_simulation/install/camera_perception_pkg/share/camera_perception_pkg/hook/pythonpath.dsv'
[1.561s] INFO:colcon.colcon_core.shell:Creating environment hook '/home/amrl_sunny/ros2_autonomous_vehicle_simulation/install/camera_perception_pkg/share/camera_perception_pkg/hook/pythonpath.sh'
[1.561s] Level 1:colcon.colcon_core.environment:checking '/home/amrl_sunny/ros2_autonomous_vehicle_simulation/install/camera_perception_pkg/bin'
[1.561s] Level 1:colcon.colcon_core.environment:create_environment_scripts_only(camera_perception_pkg)
[1.561s] INFO:colcon.colcon_core.shell:Creating package script '/home/amrl_sunny/ros2_autonomous_vehicle_simulation/install/camera_perception_pkg/share/camera_perception_pkg/package.ps1'
[1.561s] INFO:colcon.colcon_core.shell:Creating package descriptor '/home/amrl_sunny/ros2_autonomous_vehicle_simulation/install/camera_perception_pkg/share/camera_perception_pkg/package.dsv'
[1.561s] INFO:colcon.colcon_core.shell:Creating package script '/home/amrl_sunny/ros2_autonomous_vehicle_simulation/install/camera_perception_pkg/share/camera_perception_pkg/package.sh'
[1.562s] INFO:colcon.colcon_core.shell:Creating package script '/home/amrl_sunny/ros2_autonomous_vehicle_simulation/install/camera_perception_pkg/share/camera_perception_pkg/package.bash'
[1.562s] INFO:colcon.colcon_core.shell:Creating package script '/home/amrl_sunny/ros2_autonomous_vehicle_simulation/install/camera_perception_pkg/share/camera_perception_pkg/package.zsh'
[1.562s] Level 1:colcon.colcon_core.environment:create_file_with_runtime_dependencies(/home/amrl_sunny/ros2_autonomous_vehicle_simulation/install/camera_perception_pkg/share/colcon-core/packages/camera_perception_pkg)
[1.562s] INFO:colcon.colcon_ros.task.ament_python.build:Building ROS package in '/home/amrl_sunny/ros2_autonomous_vehicle_simulation/src/simulation_pkg' with build type 'ament_python'
[1.562s] Level 1:colcon.colcon_core.shell:create_environment_hook('simulation_pkg', 'ament_prefix_path')
[1.562s] INFO:colcon.colcon_core.shell:Creating environment hook '/home/amrl_sunny/ros2_autonomous_vehicle_simulation/install/simulation_pkg/share/simulation_pkg/hook/ament_prefix_path.ps1'
[1.563s] INFO:colcon.colcon_core.shell:Creating environment descriptor '/home/amrl_sunny/ros2_autonomous_vehicle_simulation/install/simulation_pkg/share/simulation_pkg/hook/ament_prefix_path.dsv'
[1.563s] INFO:colcon.colcon_core.shell:Creating environment hook '/home/amrl_sunny/ros2_autonomous_vehicle_simulation/install/simulation_pkg/share/simulation_pkg/hook/ament_prefix_path.sh'
[1.563s] INFO:colcon.colcon_core.shell:Skip shell extension 'powershell' for command environment: Not usable outside of PowerShell
[1.563s] DEBUG:colcon.colcon_core.shell:Skip shell extension 'dsv' for command environment
[1.740s] INFO:colcon.colcon_core.task.python.build:Building Python package in '/home/amrl_sunny/ros2_autonomous_vehicle_simulation/src/simulation_pkg'
[1.740s] INFO:colcon.colcon_core.shell:Skip shell extension 'powershell' for command environment: Not usable outside of PowerShell
[1.740s] DEBUG:colcon.colcon_core.shell:Skip shell extension 'dsv' for command environment
[1.981s] DEBUG:colcon.colcon_core.event_handler.log_command:Invoking command in '/home/amrl_sunny/ros2_autonomous_vehicle_simulation/build/simulation_pkg': AMENT_PREFIX_PATH=/home/amrl_sunny/ros2_autonomous_vehicle_simulation/install/decision_making_pkg:/home/amrl_sunny/ros2_autonomous_vehicle_simulation/install/debug_pkg:/home/amrl_sunny/ros2_autonomous_vehicle_simulation/install/camera_perception_pkg:/home/amrl_sunny/ros2_autonomous_vehicle_simulation/install/simulation_pkg:/home/amrl_sunny/ros2_autonomous_vehicle_simulation/install/lidar_perception_pkg:/home/amrl_sunny/ros2_autonomous_vehicle_simulation/install/interfaces_pkg:/home/amrl_sunny/2025_jacapdi/install/simulation_pkg:/home/amrl_sunny/2025_jacapdi/install/decision_making_pkg:/home/amrl_sunny/2025_jacapdi/install/debug_pkg:/home/amrl_sunny/2025_jacapdi/install/camera_perception_pkg:/opt/ros/humble PYTHONPATH=/home/amrl_sunny/ros2_autonomous_vehicle_simulation/build/simulation_pkg/prefix_override:/usr/lib/python3/dist-packages/colcon_core/task/python/colcon_distutils_commands:/home/amrl_sunny/ros2_autonomous_vehicle_simulation/install/simulation_pkg/lib/python3.10/site-packages:/home/amrl_sunny/ros2_autonomous_vehicle_simulation/build/decision_making_pkg:/home/amrl_sunny/ros2_autonomous_vehicle_simulation/install/decision_making_pkg/lib/python3.10/site-packages:/home/amrl_sunny/ros2_autonomous_vehicle_simulation/build/debug_pkg:/home/amrl_sunny/ros2_autonomous_vehicle_simulation/install/debug_pkg/lib/python3.10/site-packages:/home/amrl_sunny/ros2_autonomous_vehicle_simulation/build/camera_perception_pkg:/home/amrl_sunny/ros2_autonomous_vehicle_simulation/install/camera_perception_pkg/lib/python3.10/site-packages:/home/amrl_sunny/ros2_autonomous_vehicle_simulation/build/simulation_pkg:/home/amrl_sunny/ros2_autonomous_vehicle_simulation/install/simulation_pkg/lib/python3.10/site-packages:/home/amrl_sunny/ros2_autonomous_vehicle_simulation/build/lidar_perception_pkg:/home/amrl_sunny/ros2_autonomous_vehicle_simulation/install/lidar_perception_pkg/lib/python3.10/site-packages:/home/amrl_sunny/ros2_autonomous_vehicle_simulation/install/interfaces_pkg/local/lib/python3.10/dist-packages:/home/amrl_sunny/2025_jacapdi/build/simulation_pkg:/home/amrl_sunny/2025_jacapdi/install/simulation_pkg/lib/python3.10/site-packages:/home/amrl_sunny/2025_jacapdi/build/decision_making_pkg:/home/amrl_sunny/2025_jacapdi/install/decision_making_pkg/lib/python3.10/site-packages:/home/amrl_sunny/2025_jacapdi/build/debug_pkg:/home/amrl_sunny/2025_jacapdi/install/debug_pkg/lib/python3.10/site-packages:/home/amrl_sunny/2025_jacapdi/build/camera_perception_pkg:/home/amrl_sunny/2025_jacapdi/install/camera_perception_pkg/lib/python3.10/site-packages:/opt/ros/humble/lib/python3.10/site-packages:/opt/ros/humble/local/lib/python3.10/dist-packages /usr/bin/python3 -W ignore:setup.py install is deprecated -W ignore:easy_install command is deprecated setup.py develop --editable --build-directory /home/amrl_sunny/ros2_autonomous_vehicle_simulation/build/simulation_pkg/build --no-deps symlink_data
[2.305s] Level 1:colcon.colcon_core.shell:create_environment_hook('simulation_pkg', 'pythonpath_develop')
[2.306s] INFO:colcon.colcon_core.shell:Creating environment hook '/home/amrl_sunny/ros2_autonomous_vehicle_simulation/build/simulation_pkg/share/simulation_pkg/hook/pythonpath_develop.ps1'
[2.306s] DEBUG:colcon.colcon_core.event_handler.log_command:Invoked command in '/home/amrl_sunny/ros2_autonomous_vehicle_simulation/build/simulation_pkg' returned '0': AMENT_PREFIX_PATH=/home/amrl_sunny/ros2_autonomous_vehicle_simulation/install/decision_making_pkg:/home/amrl_sunny/ros2_autonomous_vehicle_simulation/install/debug_pkg:/home/amrl_sunny/ros2_autonomous_vehicle_simulation/install/camera_perception_pkg:/home/amrl_sunny/ros2_autonomous_vehicle_simulation/install/simulation_pkg:/home/amrl_sunny/ros2_autonomous_vehicle_simulation/install/lidar_perception_pkg:/home/amrl_sunny/ros2_autonomous_vehicle_simulation/install/interfaces_pkg:/home/amrl_sunny/2025_jacapdi/install/simulation_pkg:/home/amrl_sunny/2025_jacapdi/install/decision_making_pkg:/home/amrl_sunny/2025_jacapdi/install/debug_pkg:/home/amrl_sunny/2025_jacapdi/install/camera_perception_pkg:/opt/ros/humble PYTHONPATH=/home/amrl_sunny/ros2_autonomous_vehicle_simulation/build/simulation_pkg/prefix_override:/usr/lib/python3/dist-packages/colcon_core/task/python/colcon_distutils_commands:/home/amrl_sunny/ros2_autonomous_vehicle_simulation/install/simulation_pkg/lib/python3.10/site-packages:/home/amrl_sunny/ros2_autonomous_vehicle_simulation/build/decision_making_pkg:/home/amrl_sunny/ros2_autonomous_vehicle_simulation/install/decision_making_pkg/lib/python3.10/site-packages:/home/amrl_sunny/ros2_autonomous_vehicle_simulation/build/debug_pkg:/home/amrl_sunny/ros2_autonomous_vehicle_simulation/install/debug_pkg/lib/python3.10/site-packages:/home/amrl_sunny/ros2_autonomous_vehicle_simulation/build/camera_perception_pkg:/home/amrl_sunny/ros2_autonomous_vehicle_simulation/install/camera_perception_pkg/lib/python3.10/site-packages:/home/amrl_sunny/ros2_autonomous_vehicle_simulation/build/simulation_pkg:/home/amrl_sunny/ros2_autonomous_vehicle_simulation/install/simulation_pkg/lib/python3.10/site-packages:/home/amrl_sunny/ros2_autonomous_vehicle_simulation/build/lidar_perception_pkg:/home/amrl_sunny/ros2_autonomous_vehicle_simulation/install/lidar_perception_pkg/lib/python3.10/site-packages:/home/amrl_sunny/ros2_autonomous_vehicle_simulation/install/interfaces_pkg/local/lib/python3.10/dist-packages:/home/amrl_sunny/2025_jacapdi/build/simulation_pkg:/home/amrl_sunny/2025_jacapdi/install/simulation_pkg/lib/python3.10/site-packages:/home/amrl_sunny/2025_jacapdi/build/decision_making_pkg:/home/amrl_sunny/2025_jacapdi/install/decision_making_pkg/lib/python3.10/site-packages:/home/amrl_sunny/2025_jacapdi/build/debug_pkg:/home/amrl_sunny/2025_jacapdi/install/debug_pkg/lib/python3.10/site-packages:/home/amrl_sunny/2025_jacapdi/build/camera_perception_pkg:/home/amrl_sunny/2025_jacapdi/install/camera_perception_pkg/lib/python3.10/site-packages:/opt/ros/humble/lib/python3.10/site-packages:/opt/ros/humble/local/lib/python3.10/dist-packages /usr/bin/python3 -W ignore:setup.py install is deprecated -W ignore:easy_install command is deprecated setup.py develop --editable --build-directory /home/amrl_sunny/ros2_autonomous_vehicle_simulation/build/simulation_pkg/build --no-deps symlink_data
[2.306s] INFO:colcon.colcon_core.shell:Creating environment descriptor '/home/amrl_sunny/ros2_autonomous_vehicle_simulation/build/simulation_pkg/share/simulation_pkg/hook/pythonpath_develop.dsv'
[2.307s] INFO:colcon.colcon_core.shell:Creating environment hook '/home/amrl_sunny/ros2_autonomous_vehicle_simulation/build/simulation_pkg/share/simulation_pkg/hook/pythonpath_develop.sh'
[2.307s] Level 1:colcon.colcon_core.environment:checking '/home/amrl_sunny/ros2_autonomous_vehicle_simulation/install/simulation_pkg' for CMake module files
[2.308s] Level 1:colcon.colcon_core.environment:checking '/home/amrl_sunny/ros2_autonomous_vehicle_simulation/install/simulation_pkg' for CMake config files
[2.308s] Level 1:colcon.colcon_core.environment:checking '/home/amrl_sunny/ros2_autonomous_vehicle_simulation/install/simulation_pkg/lib'
[2.308s] Level 1:colcon.colcon_core.environment:checking '/home/amrl_sunny/ros2_autonomous_vehicle_simulation/install/simulation_pkg/bin'
[2.308s] Level 1:colcon.colcon_core.environment:checking '/home/amrl_sunny/ros2_autonomous_vehicle_simulation/install/simulation_pkg/lib/pkgconfig/simulation_pkg.pc'
[2.308s] Level 1:colcon.colcon_core.environment:checking '/home/amrl_sunny/ros2_autonomous_vehicle_simulation/install/simulation_pkg/lib/python3.10/site-packages'
[2.309s] Level 1:colcon.colcon_core.shell:create_environment_hook('simulation_pkg', 'pythonpath')
[2.309s] INFO:colcon.colcon_core.shell:Creating environment hook '/home/amrl_sunny/ros2_autonomous_vehicle_simulation/install/simulation_pkg/share/simulation_pkg/hook/pythonpath.ps1'
[2.309s] INFO:colcon.colcon_core.shell:Creating environment descriptor '/home/amrl_sunny/ros2_autonomous_vehicle_simulation/install/simulation_pkg/share/simulation_pkg/hook/pythonpath.dsv'
[2.309s] INFO:colcon.colcon_core.shell:Creating environment hook '/home/amrl_sunny/ros2_autonomous_vehicle_simulation/install/simulation_pkg/share/simulation_pkg/hook/pythonpath.sh'
[2.310s] Level 1:colcon.colcon_core.environment:checking '/home/amrl_sunny/ros2_autonomous_vehicle_simulation/install/simulation_pkg/bin'
[2.310s] Level 1:colcon.colcon_core.environment:create_environment_scripts_only(simulation_pkg)
[2.310s] INFO:colcon.colcon_core.shell:Creating package script '/home/amrl_sunny/ros2_autonomous_vehicle_simulation/install/simulation_pkg/share/simulation_pkg/package.ps1'
[2.311s] INFO:colcon.colcon_core.shell:Creating package descriptor '/home/amrl_sunny/ros2_autonomous_vehicle_simulation/install/simulation_pkg/share/simulation_pkg/package.dsv'
[2.311s] INFO:colcon.colcon_core.shell:Creating package script '/home/amrl_sunny/ros2_autonomous_vehicle_simulation/install/simulation_pkg/share/simulation_pkg/package.sh'
[2.312s] INFO:colcon.colcon_core.shell:Creating package script '/home/amrl_sunny/ros2_autonomous_vehicle_simulation/install/simulation_pkg/share/simulation_pkg/package.bash'
[2.312s] INFO:colcon.colcon_core.shell:Creating package script '/home/amrl_sunny/ros2_autonomous_vehicle_simulation/install/simulation_pkg/share/simulation_pkg/package.zsh'
[2.312s] Level 1:colcon.colcon_core.environment:create_file_with_runtime_dependencies(/home/amrl_sunny/ros2_autonomous_vehicle_simulation/install/simulation_pkg/share/colcon-core/packages/simulation_pkg)
[2.313s] DEBUG:colcon.colcon_parallel_executor.executor.parallel:closing loop
[2.313s] DEBUG:colcon.colcon_parallel_executor.executor.parallel:loop closed
[2.313s] DEBUG:colcon.colcon_parallel_executor.executor.parallel:run_until_complete finished with '0'
[2.313s] DEBUG:colcon.colcon_core.event_reactor:joining thread
[2.317s] INFO:colcon.colcon_core.plugin_system:Skipping extension 'colcon_notification.desktop_notification.terminal_notifier': Not used on non-Darwin systems
[2.317s] INFO:colcon.colcon_core.plugin_system:Skipping extension 'colcon_notification.desktop_notification.win32': Not used on non-Windows systems
[2.317s] INFO:colcon.colcon_notification.desktop_notification:Sending desktop notification using 'notify2'
[2.333s] DEBUG:colcon.colcon_core.event_reactor:joined thread
[2.333s] INFO:colcon.colcon_core.shell:Creating prefix script '/home/amrl_sunny/ros2_autonomous_vehicle_simulation/install/local_setup.ps1'
[2.334s] INFO:colcon.colcon_core.shell:Creating prefix util module '/home/amrl_sunny/ros2_autonomous_vehicle_simulation/install/_local_setup_util_ps1.py'
[2.335s] INFO:colcon.colcon_core.shell:Creating prefix chain script '/home/amrl_sunny/ros2_autonomous_vehicle_simulation/install/setup.ps1'
[2.336s] INFO:colcon.colcon_core.shell:Creating prefix script '/home/amrl_sunny/ros2_autonomous_vehicle_simulation/install/local_setup.sh'
[2.337s] INFO:colcon.colcon_core.shell:Creating prefix util module '/home/amrl_sunny/ros2_autonomous_vehicle_simulation/install/_local_setup_util_sh.py'
[2.337s] INFO:colcon.colcon_core.shell:Creating prefix chain script '/home/amrl_sunny/ros2_autonomous_vehicle_simulation/install/setup.sh'
[2.338s] INFO:colcon.colcon_core.shell:Creating prefix script '/home/amrl_sunny/ros2_autonomous_vehicle_simulation/install/local_setup.bash'
[2.339s] INFO:colcon.colcon_core.shell:Creating prefix chain script '/home/amrl_sunny/ros2_autonomous_vehicle_simulation/install/setup.bash'
[2.340s] INFO:colcon.colcon_core.shell:Creating prefix script '/home/amrl_sunny/ros2_autonomous_vehicle_simulation/install/local_setup.zsh'
[2.340s] INFO:colcon.colcon_core.shell:Creating prefix chain script '/home/amrl_sunny/ros2_autonomous_vehicle_simulation/install/setup.zsh'
