[0.321s] Invoking command in '/home/amrl_sunny/ros2_autonomous_vehicle_simulation/build/decision_making_pkg': PYTHONPATH=/home/amrl_sunny/ros2_autonomous_vehicle_simulation/build/decision_making_pkg/prefix_override:/usr/lib/python3/dist-packages/colcon_core/task/python/colcon_distutils_commands:/home/amrl_sunny/ros2_autonomous_vehicle_simulation/install/decision_making_pkg/lib/python3.10/site-packages:${PYTHONPATH} /usr/bin/python3 -W ignore:setup.py install is deprecated -W ignore:easy_install command is deprecated setup.py develop --editable --build-directory /home/amrl_sunny/ros2_autonomous_vehicle_simulation/build/decision_making_pkg/build --no-deps symlink_data
[0.459s] running develop
[0.547s] running egg_info
[0.547s] creating decision_making_pkg.egg-info
[0.547s] writing decision_making_pkg.egg-info/PKG-INFO
[0.547s] writing dependency_links to decision_making_pkg.egg-info/dependency_links.txt
[0.547s] writing entry points to decision_making_pkg.egg-info/entry_points.txt
[0.548s] writing requirements to decision_making_pkg.egg-info/requires.txt
[0.548s] writing top-level names to decision_making_pkg.egg-info/top_level.txt
[0.548s] writing manifest file 'decision_making_pkg.egg-info/SOURCES.txt'
[0.548s] reading manifest file 'decision_making_pkg.egg-info/SOURCES.txt'
[0.548s] writing manifest file 'decision_making_pkg.egg-info/SOURCES.txt'
[0.549s] running build_ext
[0.549s] Creating /home/amrl_sunny/ros2_autonomous_vehicle_simulation/install/decision_making_pkg/lib/python3.10/site-packages/decision-making-pkg.egg-link (link to .)
[0.549s] Installing motion_planner_node script to /home/amrl_sunny/ros2_autonomous_vehicle_simulation/install/decision_making_pkg/lib/decision_making_pkg
[0.549s] Installing path_planner_node script to /home/amrl_sunny/ros2_autonomous_vehicle_simulation/install/decision_making_pkg/lib/decision_making_pkg
[0.549s] 
[0.550s] Installed /home/amrl_sunny/ros2_autonomous_vehicle_simulation/build/decision_making_pkg
[0.550s] running symlink_data
[0.550s] creating /home/amrl_sunny/ros2_autonomous_vehicle_simulation/install/decision_making_pkg/share/ament_index
[0.550s] creating /home/amrl_sunny/ros2_autonomous_vehicle_simulation/install/decision_making_pkg/share/ament_index/resource_index
[0.550s] creating /home/amrl_sunny/ros2_autonomous_vehicle_simulation/install/decision_making_pkg/share/ament_index/resource_index/packages
[0.550s] symbolically linking /home/amrl_sunny/ros2_autonomous_vehicle_simulation/build/decision_making_pkg/resource/decision_making_pkg -> /home/amrl_sunny/ros2_autonomous_vehicle_simulation/install/decision_making_pkg/share/ament_index/resource_index/packages
[0.550s] symbolically linking /home/amrl_sunny/ros2_autonomous_vehicle_simulation/build/decision_making_pkg/package.xml -> /home/amrl_sunny/ros2_autonomous_vehicle_simulation/install/decision_making_pkg/share/decision_making_pkg
[0.562s] Invoked command in '/home/amrl_sunny/ros2_autonomous_vehicle_simulation/build/decision_making_pkg' returned '0': PYTHONPATH=/home/amrl_sunny/ros2_autonomous_vehicle_simulation/build/decision_making_pkg/prefix_override:/usr/lib/python3/dist-packages/colcon_core/task/python/colcon_distutils_commands:/home/amrl_sunny/ros2_autonomous_vehicle_simulation/install/decision_making_pkg/lib/python3.10/site-packages:${PYTHONPATH} /usr/bin/python3 -W ignore:setup.py install is deprecated -W ignore:easy_install command is deprecated setup.py develop --editable --build-directory /home/amrl_sunny/ros2_autonomous_vehicle_simulation/build/decision_making_pkg/build --no-deps symlink_data
