[0.318s] Invoking command in '/home/amrl_sunny/ros2_autonomous_vehicle_simulation/build/debug_pkg': PYTHONPATH=/home/amrl_sunny/ros2_autonomous_vehicle_simulation/build/debug_pkg/prefix_override:/usr/lib/python3/dist-packages/colcon_core/task/python/colcon_distutils_commands:/home/amrl_sunny/ros2_autonomous_vehicle_simulation/install/debug_pkg/lib/python3.10/site-packages:${PYTHONPATH} /usr/bin/python3 -W ignore:setup.py install is deprecated -W ignore:easy_install command is deprecated setup.py develop --editable --build-directory /home/amrl_sunny/ros2_autonomous_vehicle_simulation/build/debug_pkg/build --no-deps symlink_data
[0.457s] running develop
[0.544s] running egg_info
[0.545s] creating debug_pkg.egg-info
[0.545s] writing debug_pkg.egg-info/PKG-INFO
[0.545s] writing dependency_links to debug_pkg.egg-info/dependency_links.txt
[0.545s] writing entry points to debug_pkg.egg-info/entry_points.txt
[0.545s] writing requirements to debug_pkg.egg-info/requires.txt
[0.545s] writing top-level names to debug_pkg.egg-info/top_level.txt
[0.545s] writing manifest file 'debug_pkg.egg-info/SOURCES.txt'
[0.545s] reading manifest file 'debug_pkg.egg-info/SOURCES.txt'
[0.546s] writing manifest file 'debug_pkg.egg-info/SOURCES.txt'
[0.546s] running build_ext
[0.546s] Creating /home/amrl_sunny/ros2_autonomous_vehicle_simulation/install/debug_pkg/lib/python3.10/site-packages/debug-pkg.egg-link (link to .)
[0.547s] Installing image_saver_node script to /home/amrl_sunny/ros2_autonomous_vehicle_simulation/install/debug_pkg/lib/debug_pkg
[0.547s] Installing path_visualizer_node script to /home/amrl_sunny/ros2_autonomous_vehicle_simulation/install/debug_pkg/lib/debug_pkg
[0.547s] Installing yolov8_visualizer_node script to /home/amrl_sunny/ros2_autonomous_vehicle_simulation/install/debug_pkg/lib/debug_pkg
[0.547s] 
[0.547s] Installed /home/amrl_sunny/ros2_autonomous_vehicle_simulation/build/debug_pkg
[0.547s] running symlink_data
[0.547s] creating /home/amrl_sunny/ros2_autonomous_vehicle_simulation/install/debug_pkg/share/ament_index
[0.547s] creating /home/amrl_sunny/ros2_autonomous_vehicle_simulation/install/debug_pkg/share/ament_index/resource_index
[0.547s] creating /home/amrl_sunny/ros2_autonomous_vehicle_simulation/install/debug_pkg/share/ament_index/resource_index/packages
[0.547s] symbolically linking /home/amrl_sunny/ros2_autonomous_vehicle_simulation/build/debug_pkg/resource/debug_pkg -> /home/amrl_sunny/ros2_autonomous_vehicle_simulation/install/debug_pkg/share/ament_index/resource_index/packages
[0.547s] symbolically linking /home/amrl_sunny/ros2_autonomous_vehicle_simulation/build/debug_pkg/package.xml -> /home/amrl_sunny/ros2_autonomous_vehicle_simulation/install/debug_pkg/share/debug_pkg
[0.560s] Invoked command in '/home/amrl_sunny/ros2_autonomous_vehicle_simulation/build/debug_pkg' returned '0': PYTHONPATH=/home/amrl_sunny/ros2_autonomous_vehicle_simulation/build/debug_pkg/prefix_override:/usr/lib/python3/dist-packages/colcon_core/task/python/colcon_distutils_commands:/home/amrl_sunny/ros2_autonomous_vehicle_simulation/install/debug_pkg/lib/python3.10/site-packages:${PYTHONPATH} /usr/bin/python3 -W ignore:setup.py install is deprecated -W ignore:easy_install command is deprecated setup.py develop --editable --build-directory /home/amrl_sunny/ros2_autonomous_vehicle_simulation/build/debug_pkg/build --no-deps symlink_data
