[0.438s] Invoking command in '/home/amrl_sunny/ros2_autonomous_vehicle_simulation/build/interfaces_pkg': CMAKE_PREFIX_PATH=${CMAKE_PREFIX_PATH}:/home/amrl_sunny/ros2_autonomous_vehicle_simulation/install/simulation_pkg:/home/amrl_sunny/ros2_autonomous_vehicle_simulation/install/debug_pkg:/home/amrl_sunny/ros2_autonomous_vehicle_simulation/install/decision_making_pkg:/home/amrl_sunny/ros2_autonomous_vehicle_simulation/install/camera_perception_pkg:/home/amrl_sunny/2025_jacapdi/install/simulation_pkg:/home/amrl_sunny/2025_jacapdi/install/debug_pkg:/home/amrl_sunny/2025_jacapdi/install/decision_making_pkg:/home/amrl_sunny/2025_jacapdi/install/camera_perception_pkg:/opt/ros/humble /usr/bin/cmake /home/amrl_sunny/ros2_autonomous_vehicle_simulation/src/interfaces_pkg -DAMENT_CMAKE_SYMLINK_INSTALL=1 -DCMAKE_INSTALL_PREFIX=/home/amrl_sunny/ros2_autonomous_vehicle_simulation/install/interfaces_pkg
[0.445s] -- Found ament_cmake: 1.3.11 (/opt/ros/humble/share/ament_cmake/cmake)
[0.518s] -- Override CMake install command with custom implementation using symlinks instead of copying resources
[0.521s] -- Found rosidl_default_generators: 1.2.0 (/opt/ros/humble/share/rosidl_default_generators/cmake)
[0.522s] -- Using all available rosidl_typesupport_c: rosidl_typesupport_fastrtps_c;rosidl_typesupport_introspection_c
[0.524s] -- Found rosidl_adapter: 3.1.6 (/opt/ros/humble/share/rosidl_adapter/cmake)
[0.538s] -- Using all available rosidl_typesupport_cpp: rosidl_typesupport_fastrtps_cpp;rosidl_typesupport_introspection_cpp
[0.550s] -- Found std_msgs: 4.8.0 (/opt/ros/humble/share/std_msgs/cmake)
[0.561s] -- Found geometry_msgs: 4.8.0 (/opt/ros/humble/share/geometry_msgs/cmake)
[0.766s] -- Found ament_cmake_ros: 0.10.0 (/opt/ros/humble/share/ament_cmake_ros/cmake)
[0.924s] -- Using all available rosidl_typesupport_c: rosidl_typesupport_fastrtps_c;rosidl_typesupport_introspection_c
[1.125s] -- Using all available rosidl_typesupport_cpp: rosidl_typesupport_fastrtps_cpp;rosidl_typesupport_introspection_cpp
[1.145s] -- Found python_cmake_module: 0.10.0 (/opt/ros/humble/share/python_cmake_module/cmake)
[1.166s] -- Using PYTHON_EXECUTABLE: /usr/bin/python3
[1.166s] -- Using PYTHON_INCLUDE_DIRS: /usr/include/python3.10
[1.166s] -- Using PYTHON_LIBRARIES: /usr/lib/x86_64-linux-gnu/libpython3.10.so
[1.192s] -- Configuring done
[1.220s] -- Generating done
[1.226s] -- Build files have been written to: /home/amrl_sunny/ros2_autonomous_vehicle_simulation/build/interfaces_pkg
[1.231s] Invoked command in '/home/amrl_sunny/ros2_autonomous_vehicle_simulation/build/interfaces_pkg' returned '0': CMAKE_PREFIX_PATH=${CMAKE_PREFIX_PATH}:/home/amrl_sunny/ros2_autonomous_vehicle_simulation/install/simulation_pkg:/home/amrl_sunny/ros2_autonomous_vehicle_simulation/install/debug_pkg:/home/amrl_sunny/ros2_autonomous_vehicle_simulation/install/decision_making_pkg:/home/amrl_sunny/ros2_autonomous_vehicle_simulation/install/camera_perception_pkg:/home/amrl_sunny/2025_jacapdi/install/simulation_pkg:/home/amrl_sunny/2025_jacapdi/install/debug_pkg:/home/amrl_sunny/2025_jacapdi/install/decision_making_pkg:/home/amrl_sunny/2025_jacapdi/install/camera_perception_pkg:/opt/ros/humble /usr/bin/cmake /home/amrl_sunny/ros2_autonomous_vehicle_simulation/src/interfaces_pkg -DAMENT_CMAKE_SYMLINK_INSTALL=1 -DCMAKE_INSTALL_PREFIX=/home/amrl_sunny/ros2_autonomous_vehicle_simulation/install/interfaces_pkg
[1.232s] Invoking command in '/home/amrl_sunny/ros2_autonomous_vehicle_simulation/build/interfaces_pkg': CMAKE_PREFIX_PATH=${CMAKE_PREFIX_PATH}:/home/amrl_sunny/ros2_autonomous_vehicle_simulation/install/simulation_pkg:/home/amrl_sunny/ros2_autonomous_vehicle_simulation/install/debug_pkg:/home/amrl_sunny/ros2_autonomous_vehicle_simulation/install/decision_making_pkg:/home/amrl_sunny/ros2_autonomous_vehicle_simulation/install/camera_perception_pkg:/home/amrl_sunny/2025_jacapdi/install/simulation_pkg:/home/amrl_sunny/2025_jacapdi/install/debug_pkg:/home/amrl_sunny/2025_jacapdi/install/decision_making_pkg:/home/amrl_sunny/2025_jacapdi/install/camera_perception_pkg:/opt/ros/humble /usr/bin/cmake --build /home/amrl_sunny/ros2_autonomous_vehicle_simulation/build/interfaces_pkg -- -j20 -l20
[1.266s] [35m[1mConsolidate compiler generated dependencies of target interfaces_pkg__rosidl_generator_c[0m
[1.270s] failed to create symbolic link '/home/amrl_sunny/ros2_autonomous_vehicle_simulation/build/interfaces_pkg/ament_cmake_python/interfaces_pkg/interfaces_pkg' because existing path cannot be removed: Is a directory
[1.271s] gmake[2]: *** [CMakeFiles/ament_cmake_python_symlink_interfaces_pkg.dir/build.make:70: CMakeFiles/ament_cmake_python_symlink_interfaces_pkg] 오류 1
[1.271s] gmake[1]: *** [CMakeFiles/Makefile2:421: CMakeFiles/ament_cmake_python_symlink_interfaces_pkg.dir/all] 오류 2
[1.271s] gmake[1]: *** 끝나지 않은 작업을 기다리고 있습니다....
[1.272s] [  0%] Built target interfaces_pkg__cpp
[1.277s] [ 12%] Built target interfaces_pkg__rosidl_generator_c
[1.277s] gmake: *** [Makefile:146: all] 오류 2
[1.279s] Invoked command in '/home/amrl_sunny/ros2_autonomous_vehicle_simulation/build/interfaces_pkg' returned '2': CMAKE_PREFIX_PATH=${CMAKE_PREFIX_PATH}:/home/amrl_sunny/ros2_autonomous_vehicle_simulation/install/simulation_pkg:/home/amrl_sunny/ros2_autonomous_vehicle_simulation/install/debug_pkg:/home/amrl_sunny/ros2_autonomous_vehicle_simulation/install/decision_making_pkg:/home/amrl_sunny/ros2_autonomous_vehicle_simulation/install/camera_perception_pkg:/home/amrl_sunny/2025_jacapdi/install/simulation_pkg:/home/amrl_sunny/2025_jacapdi/install/debug_pkg:/home/amrl_sunny/2025_jacapdi/install/decision_making_pkg:/home/amrl_sunny/2025_jacapdi/install/camera_perception_pkg:/opt/ros/humble /usr/bin/cmake --build /home/amrl_sunny/ros2_autonomous_vehicle_simulation/build/interfaces_pkg -- -j20 -l20
