[0.305s] Invoking command in '/home/amrl_sunny/ros2_autonomous_vehicle_simulation/build/camera_perception_pkg': PYTHONPATH=/home/amrl_sunny/ros2_autonomous_vehicle_simulation/build/camera_perception_pkg/prefix_override:/usr/lib/python3/dist-packages/colcon_core/task/python/colcon_distutils_commands:/home/amrl_sunny/ros2_autonomous_vehicle_simulation/install/camera_perception_pkg/lib/python3.10/site-packages:${PYTHONPATH} /usr/bin/python3 -W ignore:setup.py install is deprecated -W ignore:easy_install command is deprecated setup.py develop --uninstall --editable --build-directory /home/amrl_sunny/ros2_autonomous_vehicle_simulation/build/camera_perception_pkg/build
[0.437s] running develop
[0.524s] Removing /home/amrl_sunny/ros2_autonomous_vehicle_simulation/install/camera_perception_pkg/lib/python3.10/site-packages/camera-perception-pkg.egg-link (link to .)
[0.538s] Invoked command in '/home/amrl_sunny/ros2_autonomous_vehicle_simulation/build/camera_perception_pkg' returned '0': PYTHONPATH=/home/amrl_sunny/ros2_autonomous_vehicle_simulation/build/camera_perception_pkg/prefix_override:/usr/lib/python3/dist-packages/colcon_core/task/python/colcon_distutils_commands:/home/amrl_sunny/ros2_autonomous_vehicle_simulation/install/camera_perception_pkg/lib/python3.10/site-packages:${PYTHONPATH} /usr/bin/python3 -W ignore:setup.py install is deprecated -W ignore:easy_install command is deprecated setup.py develop --uninstall --editable --build-directory /home/amrl_sunny/ros2_autonomous_vehicle_simulation/build/camera_perception_pkg/build
[0.538s] Invoking command in '/home/amrl_sunny/ros2_autonomous_vehicle_simulation/src/camera_perception_pkg': PYTHONPATH=/home/amrl_sunny/ros2_autonomous_vehicle_simulation/build/camera_perception_pkg/prefix_override:/usr/lib/python3/dist-packages/colcon_core/task/python/colcon_distutils_commands:/home/amrl_sunny/ros2_autonomous_vehicle_simulation/install/camera_perception_pkg/lib/python3.10/site-packages:${PYTHONPATH} /usr/bin/python3 -W ignore:setup.py install is deprecated -W ignore:easy_install command is deprecated setup.py egg_info --egg-base ../../build/camera_perception_pkg build --build-base /home/amrl_sunny/ros2_autonomous_vehicle_simulation/build/camera_perception_pkg/build install --record /home/amrl_sunny/ros2_autonomous_vehicle_simulation/build/camera_perception_pkg/install.log --single-version-externally-managed install_data --force
[0.659s] running egg_info
[0.659s] writing ../../build/camera_perception_pkg/camera_perception_pkg.egg-info/PKG-INFO
[0.660s] writing dependency_links to ../../build/camera_perception_pkg/camera_perception_pkg.egg-info/dependency_links.txt
[0.660s] writing entry points to ../../build/camera_perception_pkg/camera_perception_pkg.egg-info/entry_points.txt
[0.660s] writing requirements to ../../build/camera_perception_pkg/camera_perception_pkg.egg-info/requires.txt
[0.660s] writing top-level names to ../../build/camera_perception_pkg/camera_perception_pkg.egg-info/top_level.txt
[0.661s] reading manifest file '../../build/camera_perception_pkg/camera_perception_pkg.egg-info/SOURCES.txt'
[0.661s] writing manifest file '../../build/camera_perception_pkg/camera_perception_pkg.egg-info/SOURCES.txt'
[0.661s] running build
[0.661s] running build_py
[0.661s] creating /home/amrl_sunny/ros2_autonomous_vehicle_simulation/build/camera_perception_pkg/build
[0.661s] creating /home/amrl_sunny/ros2_autonomous_vehicle_simulation/build/camera_perception_pkg/build/lib
[0.661s] creating /home/amrl_sunny/ros2_autonomous_vehicle_simulation/build/camera_perception_pkg/build/lib/camera_perception_pkg
[0.661s] copying camera_perception_pkg/crosswalk_detection_node.py -> /home/amrl_sunny/ros2_autonomous_vehicle_simulation/build/camera_perception_pkg/build/lib/camera_perception_pkg
[0.661s] copying camera_perception_pkg/yolov8_node.py -> /home/amrl_sunny/ros2_autonomous_vehicle_simulation/build/camera_perception_pkg/build/lib/camera_perception_pkg
[0.661s] copying camera_perception_pkg/__init__.py -> /home/amrl_sunny/ros2_autonomous_vehicle_simulation/build/camera_perception_pkg/build/lib/camera_perception_pkg
[0.661s] copying camera_perception_pkg/lane_info_extractor_node.py -> /home/amrl_sunny/ros2_autonomous_vehicle_simulation/build/camera_perception_pkg/build/lib/camera_perception_pkg
[0.661s] copying camera_perception_pkg/traffic_light_detector_node.py -> /home/amrl_sunny/ros2_autonomous_vehicle_simulation/build/camera_perception_pkg/build/lib/camera_perception_pkg
[0.661s] creating /home/amrl_sunny/ros2_autonomous_vehicle_simulation/build/camera_perception_pkg/build/lib/camera_perception_pkg/lib
[0.661s] copying camera_perception_pkg/lib/__init__.py -> /home/amrl_sunny/ros2_autonomous_vehicle_simulation/build/camera_perception_pkg/build/lib/camera_perception_pkg/lib
[0.661s] running install
[0.662s] running install_lib
[0.662s] creating /home/amrl_sunny/ros2_autonomous_vehicle_simulation/install/camera_perception_pkg/lib/python3.10/site-packages/camera_perception_pkg
[0.662s] creating /home/amrl_sunny/ros2_autonomous_vehicle_simulation/install/camera_perception_pkg/lib/python3.10/site-packages/camera_perception_pkg/lib
[0.662s] copying /home/amrl_sunny/ros2_autonomous_vehicle_simulation/build/camera_perception_pkg/build/lib/camera_perception_pkg/lib/__init__.py -> /home/amrl_sunny/ros2_autonomous_vehicle_simulation/install/camera_perception_pkg/lib/python3.10/site-packages/camera_perception_pkg/lib
[0.662s] copying /home/amrl_sunny/ros2_autonomous_vehicle_simulation/build/camera_perception_pkg/build/lib/camera_perception_pkg/crosswalk_detection_node.py -> /home/amrl_sunny/ros2_autonomous_vehicle_simulation/install/camera_perception_pkg/lib/python3.10/site-packages/camera_perception_pkg
[0.662s] copying /home/amrl_sunny/ros2_autonomous_vehicle_simulation/build/camera_perception_pkg/build/lib/camera_perception_pkg/yolov8_node.py -> /home/amrl_sunny/ros2_autonomous_vehicle_simulation/install/camera_perception_pkg/lib/python3.10/site-packages/camera_perception_pkg
[0.662s] copying /home/amrl_sunny/ros2_autonomous_vehicle_simulation/build/camera_perception_pkg/build/lib/camera_perception_pkg/__init__.py -> /home/amrl_sunny/ros2_autonomous_vehicle_simulation/install/camera_perception_pkg/lib/python3.10/site-packages/camera_perception_pkg
[0.662s] copying /home/amrl_sunny/ros2_autonomous_vehicle_simulation/build/camera_perception_pkg/build/lib/camera_perception_pkg/lane_info_extractor_node.py -> /home/amrl_sunny/ros2_autonomous_vehicle_simulation/install/camera_perception_pkg/lib/python3.10/site-packages/camera_perception_pkg
[0.662s] copying /home/amrl_sunny/ros2_autonomous_vehicle_simulation/build/camera_perception_pkg/build/lib/camera_perception_pkg/traffic_light_detector_node.py -> /home/amrl_sunny/ros2_autonomous_vehicle_simulation/install/camera_perception_pkg/lib/python3.10/site-packages/camera_perception_pkg
[0.662s] byte-compiling /home/amrl_sunny/ros2_autonomous_vehicle_simulation/install/camera_perception_pkg/lib/python3.10/site-packages/camera_perception_pkg/lib/__init__.py to __init__.cpython-310.pyc
[0.662s] byte-compiling /home/amrl_sunny/ros2_autonomous_vehicle_simulation/install/camera_perception_pkg/lib/python3.10/site-packages/camera_perception_pkg/crosswalk_detection_node.py to crosswalk_detection_node.cpython-310.pyc
[0.663s] byte-compiling /home/amrl_sunny/ros2_autonomous_vehicle_simulation/install/camera_perception_pkg/lib/python3.10/site-packages/camera_perception_pkg/yolov8_node.py to yolov8_node.cpython-310.pyc
[0.664s] byte-compiling /home/amrl_sunny/ros2_autonomous_vehicle_simulation/install/camera_perception_pkg/lib/python3.10/site-packages/camera_perception_pkg/__init__.py to __init__.cpython-310.pyc
[0.664s] byte-compiling /home/amrl_sunny/ros2_autonomous_vehicle_simulation/install/camera_perception_pkg/lib/python3.10/site-packages/camera_perception_pkg/lane_info_extractor_node.py to lane_info_extractor_node.cpython-310.pyc
[0.664s] byte-compiling /home/amrl_sunny/ros2_autonomous_vehicle_simulation/install/camera_perception_pkg/lib/python3.10/site-packages/camera_perception_pkg/traffic_light_detector_node.py to traffic_light_detector_node.cpython-310.pyc
[0.664s] running install_data
[0.664s] copying resource/camera_perception_pkg -> /home/amrl_sunny/ros2_autonomous_vehicle_simulation/install/camera_perception_pkg/share/ament_index/resource_index/packages
[0.664s] copying package.xml -> /home/amrl_sunny/ros2_autonomous_vehicle_simulation/install/camera_perception_pkg/share/camera_perception_pkg
[0.665s] running install_egg_info
[0.665s] Copying ../../build/camera_perception_pkg/camera_perception_pkg.egg-info to /home/amrl_sunny/ros2_autonomous_vehicle_simulation/install/camera_perception_pkg/lib/python3.10/site-packages/camera_perception_pkg-0.0.0-py3.10.egg-info
[0.666s] running install_scripts
[0.675s] Installing crosswalk_detector_node script to /home/amrl_sunny/ros2_autonomous_vehicle_simulation/install/camera_perception_pkg/lib/camera_perception_pkg
[0.675s] Installing image_publisher_node script to /home/amrl_sunny/ros2_autonomous_vehicle_simulation/install/camera_perception_pkg/lib/camera_perception_pkg
[0.675s] Installing lane_info_extractor_node script to /home/amrl_sunny/ros2_autonomous_vehicle_simulation/install/camera_perception_pkg/lib/camera_perception_pkg
[0.675s] Installing traffic_light_detector_node script to /home/amrl_sunny/ros2_autonomous_vehicle_simulation/install/camera_perception_pkg/lib/camera_perception_pkg
[0.675s] Installing yolov8_node script to /home/amrl_sunny/ros2_autonomous_vehicle_simulation/install/camera_perception_pkg/lib/camera_perception_pkg
[0.676s] writing list of installed files to '/home/amrl_sunny/ros2_autonomous_vehicle_simulation/build/camera_perception_pkg/install.log'
[0.687s] Invoked command in '/home/amrl_sunny/ros2_autonomous_vehicle_simulation/src/camera_perception_pkg' returned '0': PYTHONPATH=/home/amrl_sunny/ros2_autonomous_vehicle_simulation/build/camera_perception_pkg/prefix_override:/usr/lib/python3/dist-packages/colcon_core/task/python/colcon_distutils_commands:/home/amrl_sunny/ros2_autonomous_vehicle_simulation/install/camera_perception_pkg/lib/python3.10/site-packages:${PYTHONPATH} /usr/bin/python3 -W ignore:setup.py install is deprecated -W ignore:easy_install command is deprecated setup.py egg_info --egg-base ../../build/camera_perception_pkg build --build-base /home/amrl_sunny/ros2_autonomous_vehicle_simulation/build/camera_perception_pkg/build install --record /home/amrl_sunny/ros2_autonomous_vehicle_simulation/build/camera_perception_pkg/install.log --single-version-externally-managed install_data --force
