[0.819s] Invoking command in '/home/amrl_sunny/ros2_autonomous_vehicle_simulation/build/camera_perception_pkg': PYTHONPATH=/home/amrl_sunny/ros2_autonomous_vehicle_simulation/build/camera_perception_pkg/prefix_override:/usr/lib/python3/dist-packages/colcon_core/task/python/colcon_distutils_commands:/home/amrl_sunny/ros2_autonomous_vehicle_simulation/install/camera_perception_pkg/lib/python3.10/site-packages:${PYTHONPATH} /usr/bin/python3 -W ignore:setup.py install is deprecated -W ignore:easy_install command is deprecated setup.py develop --editable --build-directory /home/amrl_sunny/ros2_autonomous_vehicle_simulation/build/camera_perception_pkg/build --no-deps symlink_data
[0.966s] running develop
[1.064s] running egg_info
[1.064s] writing camera_perception_pkg.egg-info/PKG-INFO
[1.064s] writing dependency_links to camera_perception_pkg.egg-info/dependency_links.txt
[1.065s] writing entry points to camera_perception_pkg.egg-info/entry_points.txt
[1.065s] writing requirements to camera_perception_pkg.egg-info/requires.txt
[1.065s] writing top-level names to camera_perception_pkg.egg-info/top_level.txt
[1.065s] reading manifest file 'camera_perception_pkg.egg-info/SOURCES.txt'
[1.065s] writing manifest file 'camera_perception_pkg.egg-info/SOURCES.txt'
[1.066s] running build_ext
[1.066s] Creating /home/amrl_sunny/ros2_autonomous_vehicle_simulation/install/camera_perception_pkg/lib/python3.10/site-packages/camera-perception-pkg.egg-link (link to .)
[1.066s] Installing crosswalk_detector_node script to /home/amrl_sunny/ros2_autonomous_vehicle_simulation/install/camera_perception_pkg/lib/camera_perception_pkg
[1.066s] Installing image_publisher_node script to /home/amrl_sunny/ros2_autonomous_vehicle_simulation/install/camera_perception_pkg/lib/camera_perception_pkg
[1.067s] Installing lane_info_extractor_node script to /home/amrl_sunny/ros2_autonomous_vehicle_simulation/install/camera_perception_pkg/lib/camera_perception_pkg
[1.067s] Installing traffic_light_detector_node script to /home/amrl_sunny/ros2_autonomous_vehicle_simulation/install/camera_perception_pkg/lib/camera_perception_pkg
[1.067s] Installing yolov8_node script to /home/amrl_sunny/ros2_autonomous_vehicle_simulation/install/camera_perception_pkg/lib/camera_perception_pkg
[1.067s] 
[1.067s] Installed /home/amrl_sunny/ros2_autonomous_vehicle_simulation/build/camera_perception_pkg
[1.067s] running symlink_data
[1.106s] Invoked command in '/home/amrl_sunny/ros2_autonomous_vehicle_simulation/build/camera_perception_pkg' returned '0': PYTHONPATH=/home/amrl_sunny/ros2_autonomous_vehicle_simulation/build/camera_perception_pkg/prefix_override:/usr/lib/python3/dist-packages/colcon_core/task/python/colcon_distutils_commands:/home/amrl_sunny/ros2_autonomous_vehicle_simulation/install/camera_perception_pkg/lib/python3.10/site-packages:${PYTHONPATH} /usr/bin/python3 -W ignore:setup.py install is deprecated -W ignore:easy_install command is deprecated setup.py develop --editable --build-directory /home/amrl_sunny/ros2_autonomous_vehicle_simulation/build/camera_perception_pkg/build --no-deps symlink_data
